Archive member included to satisfy reference by file (symbol)

c:/program files (x86)/arm gnu toolchain arm-none-eabi/12.2 mpacbti-bet1/bin/../lib/gcc/arm-none-eabi/12.2.0/thumb/v7e-m+fp/hard\libc_nano.a(libc_a-exit.o)
                              c:/program files (x86)/arm gnu toolchain arm-none-eabi/12.2 mpacbti-bet1/bin/../lib/gcc/arm-none-eabi/12.2.0/thumb/v7e-m+fp/hard/crt0.o (exit)
c:/program files (x86)/arm gnu toolchain arm-none-eabi/12.2 mpacbti-bet1/bin/../lib/gcc/arm-none-eabi/12.2.0/thumb/v7e-m+fp/hard\libc_nano.a(libc_a-malloc.o)
                              ./Middlewares/ST/STM32_USB_Host_Library/Class/CDC/Src/usbh_cdc.o (malloc)
c:/program files (x86)/arm gnu toolchain arm-none-eabi/12.2 mpacbti-bet1/bin/../lib/gcc/arm-none-eabi/12.2.0/thumb/v7e-m+fp/hard\libc_nano.a(libc_a-mallocr.o)
                              c:/program files (x86)/arm gnu toolchain arm-none-eabi/12.2 mpacbti-bet1/bin/../lib/gcc/arm-none-eabi/12.2.0/thumb/v7e-m+fp/hard\libc_nano.a(libc_a-malloc.o) (_malloc_r)
c:/program files (x86)/arm gnu toolchain arm-none-eabi/12.2 mpacbti-bet1/bin/../lib/gcc/arm-none-eabi/12.2.0/thumb/v7e-m+fp/hard\libc_nano.a(libc_a-mlock.o)
                              c:/program files (x86)/arm gnu toolchain arm-none-eabi/12.2 mpacbti-bet1/bin/../lib/gcc/arm-none-eabi/12.2.0/thumb/v7e-m+fp/hard\libc_nano.a(libc_a-mallocr.o) (__malloc_lock)
c:/program files (x86)/arm gnu toolchain arm-none-eabi/12.2 mpacbti-bet1/bin/../lib/gcc/arm-none-eabi/12.2.0/thumb/v7e-m+fp/hard\libc_nano.a(libc_a-findfp.o)
                              c:/program files (x86)/arm gnu toolchain arm-none-eabi/12.2 mpacbti-bet1/bin/../lib/gcc/arm-none-eabi/12.2.0/thumb/v7e-m+fp/hard\libc_nano.a(libc_a-exit.o) (__stdio_exit_handler)
c:/program files (x86)/arm gnu toolchain arm-none-eabi/12.2 mpacbti-bet1/bin/../lib/gcc/arm-none-eabi/12.2.0/thumb/v7e-m+fp/hard\libc_nano.a(libc_a-fwalk.o)
                              c:/program files (x86)/arm gnu toolchain arm-none-eabi/12.2 mpacbti-bet1/bin/../lib/gcc/arm-none-eabi/12.2.0/thumb/v7e-m+fp/hard\libc_nano.a(libc_a-findfp.o) (_fwalk_sglue)
c:/program files (x86)/arm gnu toolchain arm-none-eabi/12.2 mpacbti-bet1/bin/../lib/gcc/arm-none-eabi/12.2.0/thumb/v7e-m+fp/hard\libc_nano.a(libc_a-stdio.o)
                              c:/program files (x86)/arm gnu toolchain arm-none-eabi/12.2 mpacbti-bet1/bin/../lib/gcc/arm-none-eabi/12.2.0/thumb/v7e-m+fp/hard\libc_nano.a(libc_a-findfp.o) (__sread)
c:/program files (x86)/arm gnu toolchain arm-none-eabi/12.2 mpacbti-bet1/bin/../lib/gcc/arm-none-eabi/12.2.0/thumb/v7e-m+fp/hard\libc_nano.a(libc_a-memset.o)
                              c:/program files (x86)/arm gnu toolchain arm-none-eabi/12.2 mpacbti-bet1/bin/../lib/gcc/arm-none-eabi/12.2.0/thumb/v7e-m+fp/hard/crt0.o (memset)
c:/program files (x86)/arm gnu toolchain arm-none-eabi/12.2 mpacbti-bet1/bin/../lib/gcc/arm-none-eabi/12.2.0/thumb/v7e-m+fp/hard\libc_nano.a(libc_a-closer.o)
                              c:/program files (x86)/arm gnu toolchain arm-none-eabi/12.2 mpacbti-bet1/bin/../lib/gcc/arm-none-eabi/12.2.0/thumb/v7e-m+fp/hard\libc_nano.a(libc_a-stdio.o) (_close_r)
c:/program files (x86)/arm gnu toolchain arm-none-eabi/12.2 mpacbti-bet1/bin/../lib/gcc/arm-none-eabi/12.2.0/thumb/v7e-m+fp/hard\libc_nano.a(libc_a-reent.o)
                              c:/program files (x86)/arm gnu toolchain arm-none-eabi/12.2 mpacbti-bet1/bin/../lib/gcc/arm-none-eabi/12.2.0/thumb/v7e-m+fp/hard\libc_nano.a(libc_a-closer.o) (errno)
c:/program files (x86)/arm gnu toolchain arm-none-eabi/12.2 mpacbti-bet1/bin/../lib/gcc/arm-none-eabi/12.2.0/thumb/v7e-m+fp/hard\libc_nano.a(libc_a-impure.o)
                              c:/program files (x86)/arm gnu toolchain arm-none-eabi/12.2 mpacbti-bet1/bin/../lib/gcc/arm-none-eabi/12.2.0/thumb/v7e-m+fp/hard\libc_nano.a(libc_a-malloc.o) (_impure_ptr)
c:/program files (x86)/arm gnu toolchain arm-none-eabi/12.2 mpacbti-bet1/bin/../lib/gcc/arm-none-eabi/12.2.0/thumb/v7e-m+fp/hard\libc_nano.a(libc_a-lseekr.o)
                              c:/program files (x86)/arm gnu toolchain arm-none-eabi/12.2 mpacbti-bet1/bin/../lib/gcc/arm-none-eabi/12.2.0/thumb/v7e-m+fp/hard\libc_nano.a(libc_a-stdio.o) (_lseek_r)
c:/program files (x86)/arm gnu toolchain arm-none-eabi/12.2 mpacbti-bet1/bin/../lib/gcc/arm-none-eabi/12.2.0/thumb/v7e-m+fp/hard\libc_nano.a(libc_a-readr.o)
                              c:/program files (x86)/arm gnu toolchain arm-none-eabi/12.2 mpacbti-bet1/bin/../lib/gcc/arm-none-eabi/12.2.0/thumb/v7e-m+fp/hard\libc_nano.a(libc_a-stdio.o) (_read_r)
c:/program files (x86)/arm gnu toolchain arm-none-eabi/12.2 mpacbti-bet1/bin/../lib/gcc/arm-none-eabi/12.2.0/thumb/v7e-m+fp/hard\libc_nano.a(libc_a-sbrkr.o)
                              c:/program files (x86)/arm gnu toolchain arm-none-eabi/12.2 mpacbti-bet1/bin/../lib/gcc/arm-none-eabi/12.2.0/thumb/v7e-m+fp/hard\libc_nano.a(libc_a-mallocr.o) (_sbrk_r)
[...]
Memory Configuration

Name             Origin             Length             Attributes
CCMRAM           0x10000000         0x00010000         xrw
RAM              0x20000000         0x00020000         xrw
FLASH            0x08000000         0x00100000         xr
*default*        0x00000000         0xffffffff

Linker script and memory map

LOAD c:/program files (x86)/arm gnu toolchain arm-none-eabi/12.2 mpacbti-bet1/bin/../lib/gcc/arm-none-eabi/12.2.0/thumb/v7e-m+fp/hard/crti.o
LOAD c:/program files (x86)/arm gnu toolchain arm-none-eabi/12.2 mpacbti-bet1/bin/../lib/gcc/arm-none-eabi/12.2.0/thumb/v7e-m+fp/hard/crtbegin.o
LOAD c:/program files (x86)/arm gnu toolchain arm-none-eabi/12.2 mpacbti-bet1/bin/../lib/gcc/arm-none-eabi/12.2.0/thumb/v7e-m+fp/hard/crt0.o
LOAD ./Core/Src/main.o
LOAD ./Core/Src/stm32f4xx_hal_msp.o
LOAD ./Core/Src/stm32f4xx_it.o
LOAD ./Core/Src/syscalls.o
LOAD ./Core/Src/sysmem.o
LOAD ./Core/Src/system_stm32f4xx.o
LOAD ./Core/Startup/startup_stm32f407vgtx.o
LOAD ./Drivers/STM32F4xx_HAL_Driver/Src/stm32f4xx_hal.o
LOAD ./Drivers/STM32F4xx_HAL_Driver/Src/stm32f4xx_hal_cortex.o
LOAD ./Drivers/STM32F4xx_HAL_Driver/Src/stm32f4xx_hal_dma.o
LOAD ./Drivers/STM32F4xx_HAL_Driver/Src/stm32f4xx_hal_dma_ex.o
LOAD ./Drivers/STM32F4xx_HAL_Driver/Src/stm32f4xx_hal_exti.o
LOAD ./Drivers/STM32F4xx_HAL_Driver/Src/stm32f4xx_hal_flash.o
LOAD ./Drivers/STM32F4xx_HAL_Driver/Src/stm32f4xx_hal_flash_ex.o
LOAD ./Drivers/STM32F4xx_HAL_Driver/Src/stm32f4xx_hal_flash_ramfunc.o
LOAD ./Drivers/STM32F4xx_HAL_Driver/Src/stm32f4xx_hal_gpio.o
LOAD ./Drivers/STM32F4xx_HAL_Driver/Src/stm32f4xx_hal_hcd.o
LOAD ./Drivers/STM32F4xx_HAL_Driver/Src/stm32f4xx_hal_i2c.o
LOAD ./Drivers/STM32F4xx_HAL_Driver/Src/stm32f4xx_hal_i2c_ex.o
LOAD ./Drivers/STM32F4xx_HAL_Driver/Src/stm32f4xx_hal_i2s.o
LOAD ./Drivers/STM32F4xx_HAL_Driver/Src/stm32f4xx_hal_i2s_ex.o
LOAD ./Drivers/STM32F4xx_HAL_Driver/Src/stm32f4xx_hal_pwr.o
LOAD ./Drivers/STM32F4xx_HAL_Driver/Src/stm32f4xx_hal_pwr_ex.o
LOAD ./Drivers/STM32F4xx_HAL_Driver/Src/stm32f4xx_hal_rcc.o
LOAD ./Drivers/STM32F4xx_HAL_Driver/Src/stm32f4xx_hal_rcc_ex.o
LOAD ./Drivers/STM32F4xx_HAL_Driver/Src/stm32f4xx_hal_spi.o
LOAD ./Drivers/STM32F4xx_HAL_Driver/Src/stm32f4xx_hal_tim.o
LOAD ./Drivers/STM32F4xx_HAL_Driver/Src/stm32f4xx_hal_tim_ex.o
LOAD ./Drivers/STM32F4xx_HAL_Driver/Src/stm32f4xx_ll_usb.o
LOAD ./Middlewares/ST/STM32_USB_Host_Library/Class/CDC/Src/usbh_cdc.o
LOAD ./Middlewares/ST/STM32_USB_Host_Library/Core/Src/usbh_core.o
LOAD ./Middlewares/ST/STM32_USB_Host_Library/Core/Src/usbh_ctlreq.o
LOAD ./Middlewares/ST/STM32_USB_Host_Library/Core/Src/usbh_ioreq.o
LOAD ./Middlewares/ST/STM32_USB_Host_Library/Core/Src/usbh_pipes.o
LOAD ./USB_HOST/App/usb_host.o
LOAD ./USB_HOST/Target/usbh_conf.o
LOAD ./USB_HOST/Target/usbh_platform.o
START GROUP
LOAD c:/program files (x86)/arm gnu toolchain arm-none-eabi/12.2 mpacbti-bet1/bin/../lib/gcc/arm-none-eabi/12.2.0/thumb/v7e-m+fp/hard\libc_nano.a
LOAD c:/program files (x86)/arm gnu toolchain arm-none-eabi/12.2 mpacbti-bet1/bin/../lib/gcc/arm-none-eabi/12.2.0/thumb/v7e-m+fp/hard\libm.a
END GROUP
START GROUP
LOAD c:/program files (x86)/arm gnu toolchain arm-none-eabi/12.2 mpacbti-bet1/bin/../lib/gcc/arm-none-eabi/12.2.0/thumb/v7e-m+fp/hard\libgcc.a
LOAD c:/program files (x86)/arm gnu toolchain arm-none-eabi/12.2 mpacbti-bet1/bin/../lib/gcc/arm-none-eabi/12.2.0/thumb/v7e-m+fp/hard\libc_nano.a
END GROUP
START GROUP
LOAD c:/program files (x86)/arm gnu toolchain arm-none-eabi/12.2 mpacbti-bet1/bin/../lib/gcc/arm-none-eabi/12.2.0/thumb/v7e-m+fp/hard\libgcc.a
LOAD c:/program files (x86)/arm gnu toolchain arm-none-eabi/12.2 mpacbti-bet1/bin/../lib/gcc/arm-none-eabi/12.2.0/thumb/v7e-m+fp/hard\libc_nano.a
LOAD c:/program files (x86)/arm gnu toolchain arm-none-eabi/12.2 mpacbti-bet1/bin/../lib/gcc/arm-none-eabi/12.2.0/thumb/v7e-m+fp/hard\libnosys.a
END GROUP
START GROUP
LOAD c:/program files (x86)/arm gnu toolchain arm-none-eabi/12.2 mpacbti-bet1/bin/../lib/gcc/arm-none-eabi/12.2.0/thumb/v7e-m+fp/hard\libgcc.a
LOAD c:/program files (x86)/arm gnu toolchain arm-none-eabi/12.2 mpacbti-bet1/bin/../lib/gcc/arm-none-eabi/12.2.0/thumb/v7e-m+fp/hard\libc_nano.a
LOAD c:/program files (x86)/arm gnu toolchain arm-none-eabi/12.2 mpacbti-bet1/bin/../lib/gcc/arm-none-eabi/12.2.0/thumb/v7e-m+fp/hard\libnosys.a
END GROUP
LOAD c:/program files (x86)/arm gnu toolchain arm-none-eabi/12.2 mpacbti-bet1/bin/../lib/gcc/arm-none-eabi/12.2.0/thumb/v7e-m+fp/hard/crtend.o
LOAD c:/program files (x86)/arm gnu toolchain arm-none-eabi/12.2 mpacbti-bet1/bin/../lib/gcc/arm-none-eabi/12.2.0/thumb/v7e-m+fp/hard/crtn.o
                0x20020000                        _estack = (ORIGIN (RAM) + LENGTH (RAM))
                0x00000200                        _Min_Heap_Size = 0x200
                0x00000400                        _Min_Stack_Size = 0x400

.isr_vector     0x08000000      0x188
                0x08000000                        . = ALIGN (0x4)
 *(.isr_vector)
 .isr_vector    0x08000000      0x188 ./Core/Startup/startup_stm32f407vgtx.o
                0x08000000                g_pfnVectors
                0x08000188                        . = ALIGN (0x4)

.text           0x08000188     0x7ad0
                0x08000188                        . = ALIGN (0x4)
 *(.text)
 .text          0x08000188       0x30 c:/program files (x86)/arm gnu toolchain arm-none-eabi/12.2 mpacbti-bet1/bin/../lib/gcc/arm-none-eabi/12.2.0/thumb/v7e-m+fp/hard\libgcc.a(_aeabi_uldivmod.o)
                0x08000188                __aeabi_uldivmod
 .text          0x080001b8        0x4 c:/program files (x86)/arm gnu toolchain arm-none-eabi/12.2 mpacbti-bet1/bin/../lib/gcc/arm-none-eabi/12.2.0/thumb/v7e-m+fp/hard\libgcc.a(_dvmd_tls.o)
                0x080001b8                __aeabi_idiv0
                0x080001b8                __aeabi_ldiv0
 *(.text*)
 .text.deregister_tm_clones
                0x080001bc       0x1c c:/program files (x86)/arm gnu toolchain arm-none-eabi/12.2 mpacbti-bet1/bin/../lib/gcc/arm-none-eabi/12.2.0/thumb/v7e-m+fp/hard/crtbegin.o
 .text.register_tm_clones
                0x080001d8       0x24 c:/program files (x86)/arm gnu toolchain arm-none-eabi/12.2 mpacbti-bet1/bin/../lib/gcc/arm-none-eabi/12.2.0/thumb/v7e-m+fp/hard/crtbegin.o
 .text.__do_global_dtors_aux
                0x080001fc       0x28 c:/program files (x86)/arm gnu toolchain arm-none-eabi/12.2 mpacbti-bet1/bin/../lib/gcc/arm-none-eabi/12.2.0/thumb/v7e-m+fp/hard/crtbegin.o
 .text.frame_dummy
                0x08000224       0x24 c:/program files (x86)/arm gnu toolchain arm-none-eabi/12.2 mpacbti-bet1/bin/../lib/gcc/arm-none-eabi/12.2.0/thumb/v7e-m+fp/hard/crtbegin.o
 .text.main     0x08000248       0x30 ./Core/Src/main.o
                0x08000248                main
 .text.SystemClock_Config
                0x08000278       0xd4 ./Core/Src/main.o
                0x08000278                SystemClock_Config
 .text.MX_I2C1_Init
                0x0800034c       0x5c ./Core/Src/main.o
 .text.MX_I2S3_Init
                0x080003a8       0x60 ./Core/Src/main.o
 .text.MX_SPI1_Init
                0x08000408       0x6c ./Core/Src/main.o
 .text.MX_GPIO_Init
                0x08000474      0x1fc ./Core/Src/main.o
 .text.Error_Handler
                0x08000670        0xc ./Core/Src/main.o
                0x08000670                Error_Handler
 .text.HAL_MspInit
                0x0800067c       0x50 ./Core/Src/stm32f4xx_hal_msp.o
                0x0800067c                HAL_MspInit
 .text.HAL_I2C_MspInit
                0x080006cc       0x90 ./Core/Src/stm32f4xx_hal_msp.o
                0x080006cc                HAL_I2C_MspInit
 .text.HAL_I2S_MspInit
                0x0800075c      0x100 ./Core/Src/stm32f4xx_hal_msp.o
                0x0800075c                HAL_I2S_MspInit
 .text.HAL_SPI_MspInit
                0x0800085c       0x90 ./Core/Src/stm32f4xx_hal_msp.o
                0x0800085c                HAL_SPI_MspInit
 .text.NMI_Handler
                0x080008ec        0x8 ./Core/Src/stm32f4xx_it.o
                0x080008ec                NMI_Handler
 .text.HardFault_Handler
                0x080008f4        0x8 ./Core/Src/stm32f4xx_it.o
                0x080008f4                HardFault_Handler
 .text.MemManage_Handler
                0x080008fc        0x8 ./Core/Src/stm32f4xx_it.o
                0x080008fc                MemManage_Handler
 .text.BusFault_Handler
                0x08000904        0x8 ./Core/Src/stm32f4xx_it.o
                0x08000904                BusFault_Handler
 .text.UsageFault_Handler
                0x0800090c        0x8 ./Core/Src/stm32f4xx_it.o
                0x0800090c                UsageFault_Handler
 .text.SVC_Handler
                0x08000914        0xe ./Core/Src/stm32f4xx_it.o
                0x08000914                SVC_Handler
 .text.DebugMon_Handler
                0x08000922        0xe ./Core/Src/stm32f4xx_it.o
                0x08000922                DebugMon_Handler
 .text.PendSV_Handler
                0x08000930        0xe ./Core/Src/stm32f4xx_it.o
                0x08000930                PendSV_Handler
 .text.SysTick_Handler
                0x0800093e        0xc ./Core/Src/stm32f4xx_it.o
                0x0800093e                SysTick_Handler
 *fill*         0x0800094a        0x2 
 .text.OTG_FS_IRQHandler
                0x0800094c       0x14 ./Core/Src/stm32f4xx_it.o
                0x0800094c                OTG_FS_IRQHandler
 .text._sbrk    0x08000960       0x6c ./Core/Src/sysmem.o
                0x08000960                _sbrk
 .text.SystemInit
                0x080009cc       0x24 ./Core/Src/system_stm32f4xx.o
                0x080009cc                SystemInit
 .text.Reset_Handler
                0x080009f0       0x50 ./Core/Startup/startup_stm32f407vgtx.o
                0x080009f0                Reset_Handler
 .text.Default_Handler
                0x08000a40        0x2 ./Core/Startup/startup_stm32f407vgtx.o
                0x08000a40                RTC_Alarm_IRQHandler
                0x08000a40                HASH_RNG_IRQHandler
                0x08000a40                EXTI2_IRQHandler
                0x08000a40                TIM8_CC_IRQHandler
                0x08000a40                TIM1_CC_IRQHandler
                0x08000a40                DMA2_Stream5_IRQHandler
                0x08000a40                DMA1_Stream5_IRQHandler
                0x08000a40                PVD_IRQHandler
                0x08000a40                SDIO_IRQHandler
                0x08000a40                TAMP_STAMP_IRQHandler
                0x08000a40                CAN2_RX1_IRQHandler
                0x08000a40                EXTI3_IRQHandler
                0x08000a40                TIM8_TRG_COM_TIM14_IRQHandler
                0x08000a40                TIM1_UP_TIM10_IRQHandler
                0x08000a40                TIM8_UP_TIM13_IRQHandler
                0x08000a40                I2C3_ER_IRQHandler
                0x08000a40                EXTI0_IRQHandler
                0x08000a40                I2C2_EV_IRQHandler
                0x08000a40                DMA1_Stream2_IRQHandler
                0x08000a40                CAN1_RX0_IRQHandler
                0x08000a40                FPU_IRQHandler
                0x08000a40                OTG_HS_WKUP_IRQHandler
                0x08000a40                CAN2_SCE_IRQHandler
                0x08000a40                DMA2_Stream2_IRQHandler
                0x08000a40                SPI1_IRQHandler
                0x08000a40                TIM6_DAC_IRQHandler
                0x08000a40                TIM1_BRK_TIM9_IRQHandler
                0x08000a40                DCMI_IRQHandler
                0x08000a40                CAN2_RX0_IRQHandler
                0x08000a40                DMA2_Stream3_IRQHandler
                0x08000a40                USART6_IRQHandler
                0x08000a40                USART3_IRQHandler
                0x08000a40                CAN1_RX1_IRQHandler
                0x08000a40                UART5_IRQHandler
                0x08000a40                DMA2_Stream0_IRQHandler
                0x08000a40                TIM4_IRQHandler
                0x08000a40                I2C1_EV_IRQHandler
                0x08000a40                DMA1_Stream6_IRQHandler
                0x08000a40                DMA1_Stream1_IRQHandler
                0x08000a40                UART4_IRQHandler
                0x08000a40                TIM3_IRQHandler
                0x08000a40                RCC_IRQHandler
                0x08000a40                TIM8_BRK_TIM12_IRQHandler
                0x08000a40                Default_Handler
                0x08000a40                EXTI15_10_IRQHandler
                0x08000a40                ADC_IRQHandler
                0x08000a40                DMA1_Stream7_IRQHandler
                0x08000a40                TIM7_IRQHandler
                0x08000a40                CAN2_TX_IRQHandler
                0x08000a40                TIM5_IRQHandler
                0x08000a40                DMA2_Stream7_IRQHandler
                0x08000a40                I2C3_EV_IRQHandler
                0x08000a40                EXTI9_5_IRQHandler
                0x08000a40                RTC_WKUP_IRQHandler
                0x08000a40                ETH_WKUP_IRQHandler
                0x08000a40                SPI2_IRQHandler
                0x08000a40                OTG_HS_EP1_IN_IRQHandler
                0x08000a40                DMA1_Stream0_IRQHandler
                0x08000a40                CAN1_TX_IRQHandler
                0x08000a40                EXTI4_IRQHandler
                0x08000a40                FSMC_IRQHandler
                0x08000a40                ETH_IRQHandler
                0x08000a40                OTG_HS_EP1_OUT_IRQHandler
                0x08000a40                WWDG_IRQHandler
                0x08000a40                TIM2_IRQHandler
                0x08000a40                OTG_FS_WKUP_IRQHandler
                0x08000a40                TIM1_TRG_COM_TIM11_IRQHandler
                0x08000a40                OTG_HS_IRQHandler
                0x08000a40                EXTI1_IRQHandler
                0x08000a40                USART2_IRQHandler
                0x08000a40                I2C2_ER_IRQHandler
                0x08000a40                DMA2_Stream1_IRQHandler
                0x08000a40                CAN1_SCE_IRQHandler
                0x08000a40                FLASH_IRQHandler
                0x08000a40                DMA2_Stream4_IRQHandler
                0x08000a40                USART1_IRQHandler
                0x08000a40                SPI3_IRQHandler
                0x08000a40                DMA1_Stream4_IRQHandler
                0x08000a40                I2C1_ER_IRQHandler
                0x08000a40                DMA2_Stream6_IRQHandler
                0x08000a40                DMA1_Stream3_IRQHandler
 *fill*         0x08000a42        0x2 
 .text.HAL_Init
                0x08000a44       0x44 ./Drivers/STM32F4xx_HAL_Driver/Src/stm32f4xx_hal.o
                0x08000a44                HAL_Init
 .text.HAL_InitTick
                0x08000a88       0x60 ./Drivers/STM32F4xx_HAL_Driver/Src/stm32f4xx_hal.o
                0x08000a88                HAL_InitTick
 .text.HAL_IncTick
                0x08000ae8       0x28 ./Drivers/STM32F4xx_HAL_Driver/Src/stm32f4xx_hal.o
                0x08000ae8                HAL_IncTick
 .text.HAL_GetTick
                0x08000b10       0x18 ./Drivers/STM32F4xx_HAL_Driver/Src/stm32f4xx_hal.o
                0x08000b10                HAL_GetTick
 .text.HAL_Delay
                0x08000b28       0x48 ./Drivers/STM32F4xx_HAL_Driver/Src/stm32f4xx_hal.o
                0x08000b28                HAL_Delay
 .text.__NVIC_SetPriorityGrouping
                0x08000b70       0x48 ./Drivers/STM32F4xx_HAL_Driver/Src/stm32f4xx_hal_cortex.o
 .text.__NVIC_GetPriorityGrouping
                0x08000bb8       0x1c ./Drivers/STM32F4xx_HAL_Driver/Src/stm32f4xx_hal_cortex.o
 .text.__NVIC_EnableIRQ
                0x08000bd4       0x3c ./Drivers/STM32F4xx_HAL_Driver/Src/stm32f4xx_hal_cortex.o
 .text.__NVIC_SetPriority
                0x08000c10       0x54 ./Drivers/STM32F4xx_HAL_Driver/Src/stm32f4xx_hal_cortex.o
 .text.NVIC_EncodePriority
                0x08000c64       0x66 ./Drivers/STM32F4xx_HAL_Driver/Src/stm32f4xx_hal_cortex.o
 *fill*         0x08000cca        0x2 
 .text.SysTick_Config
                0x08000ccc       0x44 ./Drivers/STM32F4xx_HAL_Driver/Src/stm32f4xx_hal_cortex.o
 .text.HAL_NVIC_SetPriorityGrouping
                0x08000d10       0x16 ./Drivers/STM32F4xx_HAL_Driver/Src/stm32f4xx_hal_cortex.o
                0x08000d10                HAL_NVIC_SetPriorityGrouping
 .text.HAL_NVIC_SetPriority
                0x08000d26       0x38 ./Drivers/STM32F4xx_HAL_Driver/Src/stm32f4xx_hal_cortex.o
                0x08000d26                HAL_NVIC_SetPriority
 .text.HAL_NVIC_EnableIRQ
                0x08000d5e       0x1c ./Drivers/STM32F4xx_HAL_Driver/Src/stm32f4xx_hal_cortex.o
                0x08000d5e                HAL_NVIC_EnableIRQ
 .text.HAL_SYSTICK_Config
                0x08000d7a       0x18 ./Drivers/STM32F4xx_HAL_Driver/Src/stm32f4xx_hal_cortex.o
                0x08000d7a                HAL_SYSTICK_Config
 *fill*         0x08000d92        0x2 
 .text.HAL_GPIO_Init
                0x08000d94      0x338 ./Drivers/STM32F4xx_HAL_Driver/Src/stm32f4xx_hal_gpio.o
                0x08000d94                HAL_GPIO_Init
 .text.HAL_GPIO_WritePin
                0x080010cc       0x32 ./Drivers/STM32F4xx_HAL_Driver/Src/stm32f4xx_hal_gpio.o
                0x080010cc                HAL_GPIO_WritePin
 .text.HAL_HCD_Init
                0x080010fe       0xc4 ./Drivers/STM32F4xx_HAL_Driver/Src/stm32f4xx_hal_hcd.o
                0x080010fe                HAL_HCD_Init
 .text.HAL_HCD_HC_Init
                0x080011c2      0x11e ./Drivers/STM32F4xx_HAL_Driver/Src/stm32f4xx_hal_hcd.o
                0x080011c2                HAL_HCD_HC_Init
 .text.HAL_HCD_HC_Halt
                0x080012e0       0x46 ./Drivers/STM32F4xx_HAL_Driver/Src/stm32f4xx_hal_hcd.o
                0x080012e0                HAL_HCD_HC_Halt
 *fill*         0x08001326        0x2 
 .text.HAL_HCD_HC_SubmitRequest
                0x08001328      0x2ac ./Drivers/STM32F4xx_HAL_Driver/Src/stm32f4xx_hal_hcd.o
                0x08001328                HAL_HCD_HC_SubmitRequest
 .text.HAL_HCD_IRQHandler
                0x080015d4      0x216 ./Drivers/STM32F4xx_HAL_Driver/Src/stm32f4xx_hal_hcd.o
                0x080015d4                HAL_HCD_IRQHandler
 .text.HAL_HCD_Start
                0x080017ea       0x46 ./Drivers/STM32F4xx_HAL_Driver/Src/stm32f4xx_hal_hcd.o
                0x080017ea                HAL_HCD_Start
 .text.HAL_HCD_Stop
                0x08001830       0x3a ./Drivers/STM32F4xx_HAL_Driver/Src/stm32f4xx_hal_hcd.o
                0x08001830                HAL_HCD_Stop
 .text.HAL_HCD_ResetPort
                0x0800186a       0x1c ./Drivers/STM32F4xx_HAL_Driver/Src/stm32f4xx_hal_hcd.o
                0x0800186a                HAL_HCD_ResetPort
 .text.HAL_HCD_HC_GetURBState
                0x08001886       0x28 ./Drivers/STM32F4xx_HAL_Driver/Src/stm32f4xx_hal_hcd.o
                0x08001886                HAL_HCD_HC_GetURBState
 .text.HAL_HCD_HC_GetXferCount
                0x080018ae       0x28 ./Drivers/STM32F4xx_HAL_Driver/Src/stm32f4xx_hal_hcd.o
                0x080018ae                HAL_HCD_HC_GetXferCount
 .text.HAL_HCD_GetCurrentFrame
                0x080018d6       0x1c ./Drivers/STM32F4xx_HAL_Driver/Src/stm32f4xx_hal_hcd.o
                0x080018d6                HAL_HCD_GetCurrentFrame
 .text.HAL_HCD_GetCurrentSpeed
                0x080018f2       0x1c ./Drivers/STM32F4xx_HAL_Driver/Src/stm32f4xx_hal_hcd.o
                0x080018f2                HAL_HCD_GetCurrentSpeed
 .text.HCD_HC_IN_IRQHandler
                0x0800190e      0x6aa ./Drivers/STM32F4xx_HAL_Driver/Src/stm32f4xx_hal_hcd.o
 .text.HCD_HC_OUT_IRQHandler
                0x08001fb8      0x6d2 ./Drivers/STM32F4xx_HAL_Driver/Src/stm32f4xx_hal_hcd.o
 .text.HCD_RXQLVL_IRQHandler
                0x0800268a      0x1a4 ./Drivers/STM32F4xx_HAL_Driver/Src/stm32f4xx_hal_hcd.o
 .text.HCD_Port_IRQHandler
                0x0800282e       0xe6 ./Drivers/STM32F4xx_HAL_Driver/Src/stm32f4xx_hal_hcd.o
 .text.HAL_I2C_Init
                0x08002914      0x288 ./Drivers/STM32F4xx_HAL_Driver/Src/stm32f4xx_hal_i2c.o
                0x08002914                HAL_I2C_Init
 .text.HAL_I2S_Init
                0x08002b9c      0x280 ./Drivers/STM32F4xx_HAL_Driver/Src/stm32f4xx_hal_i2s.o
                0x08002b9c                HAL_I2S_Init
 .text.HAL_I2S_TxCpltCallback
                0x08002e1c       0x14 ./Drivers/STM32F4xx_HAL_Driver/Src/stm32f4xx_hal_i2s.o
                0x08002e1c                HAL_I2S_TxCpltCallback
 .text.HAL_I2S_RxCpltCallback
                0x08002e30       0x14 ./Drivers/STM32F4xx_HAL_Driver/Src/stm32f4xx_hal_i2s.o
                0x08002e30                HAL_I2S_RxCpltCallback
 .text.HAL_I2S_ErrorCallback
                0x08002e44       0x14 ./Drivers/STM32F4xx_HAL_Driver/Src/stm32f4xx_hal_i2s.o
                0x08002e44                HAL_I2S_ErrorCallback
 .text.I2S_Transmit_IT
                0x08002e58       0x5c ./Drivers/STM32F4xx_HAL_Driver/Src/stm32f4xx_hal_i2s.o
 .text.I2S_Receive_IT
                0x08002eb4       0x5e ./Drivers/STM32F4xx_HAL_Driver/Src/stm32f4xx_hal_i2s.o
 .text.I2S_IRQHandler
                0x08002f12      0x114 ./Drivers/STM32F4xx_HAL_Driver/Src/stm32f4xx_hal_i2s.o
 *fill*         0x08003026        0x2 
 .text.HAL_I2SEx_FullDuplex_IRQHandler
                0x08003028      0x2a8 ./Drivers/STM32F4xx_HAL_Driver/Src/stm32f4xx_hal_i2s_ex.o
                0x08003028                HAL_I2SEx_FullDuplex_IRQHandler
 .text.HAL_I2SEx_TxRxCpltCallback
                0x080032d0       0x14 ./Drivers/STM32F4xx_HAL_Driver/Src/stm32f4xx_hal_i2s_ex.o
                0x080032d0                HAL_I2SEx_TxRxCpltCallback
 .text.I2SEx_TxISR_I2S
                0x080032e4       0x62 ./Drivers/STM32F4xx_HAL_Driver/Src/stm32f4xx_hal_i2s_ex.o
 *fill*         0x08003346        0x2 
 .text.I2SEx_TxISR_I2SExt
                0x08003348       0x98 ./Drivers/STM32F4xx_HAL_Driver/Src/stm32f4xx_hal_i2s_ex.o
 .text.I2SEx_RxISR_I2S
                0x080033e0       0x64 ./Drivers/STM32F4xx_HAL_Driver/Src/stm32f4xx_hal_i2s_ex.o
 .text.I2SEx_RxISR_I2SExt
                0x08003444       0x98 ./Drivers/STM32F4xx_HAL_Driver/Src/stm32f4xx_hal_i2s_ex.o
 .text.HAL_RCC_OscConfig
                0x080034dc      0x4f0 ./Drivers/STM32F4xx_HAL_Driver/Src/stm32f4xx_hal_rcc.o
                0x080034dc                HAL_RCC_OscConfig
 .text.HAL_RCC_ClockConfig
                0x080039cc      0x1cc ./Drivers/STM32F4xx_HAL_Driver/Src/stm32f4xx_hal_rcc.o
                0x080039cc                HAL_RCC_ClockConfig
 .text.HAL_RCC_GetSysClockFreq
                0x08003b98      0x20c ./Drivers/STM32F4xx_HAL_Driver/Src/stm32f4xx_hal_rcc.o
                0x08003b98                HAL_RCC_GetSysClockFreq
 .text.HAL_RCC_GetHCLKFreq
                0x08003da4       0x18 ./Drivers/STM32F4xx_HAL_Driver/Src/stm32f4xx_hal_rcc.o
                0x08003da4                HAL_RCC_GetHCLKFreq
 .text.HAL_RCC_GetPCLK1Freq
                0x08003dbc       0x28 ./Drivers/STM32F4xx_HAL_Driver/Src/stm32f4xx_hal_rcc.o
                0x08003dbc                HAL_RCC_GetPCLK1Freq
 .text.HAL_RCCEx_PeriphCLKConfig
                0x08003de4      0x1c4 ./Drivers/STM32F4xx_HAL_Driver/Src/stm32f4xx_hal_rcc_ex.o
                0x08003de4                HAL_RCCEx_PeriphCLKConfig
 .text.HAL_RCCEx_GetPeriphCLKFreq
                0x08003fa8       0xbc ./Drivers/STM32F4xx_HAL_Driver/Src/stm32f4xx_hal_rcc_ex.o
                0x08003fa8                HAL_RCCEx_GetPeriphCLKFreq
 .text.HAL_SPI_Init
                0x08004064      0x112 ./Drivers/STM32F4xx_HAL_Driver/Src/stm32f4xx_hal_spi.o
                0x08004064                HAL_SPI_Init
 .text.USB_CoreInit
                0x08004176       0xc2 ./Drivers/STM32F4xx_HAL_Driver/Src/stm32f4xx_ll_usb.o
                0x08004176                USB_CoreInit
 .text.USB_EnableGlobalInt
                0x08004238       0x22 ./Drivers/STM32F4xx_HAL_Driver/Src/stm32f4xx_ll_usb.o
                0x08004238                USB_EnableGlobalInt
 .text.USB_DisableGlobalInt
                0x0800425a       0x22 ./Drivers/STM32F4xx_HAL_Driver/Src/stm32f4xx_ll_usb.o
                0x0800425a                USB_DisableGlobalInt
 .text.USB_SetCurrentMode
                0x0800427c       0x98 ./Drivers/STM32F4xx_HAL_Driver/Src/stm32f4xx_ll_usb.o
                0x0800427c                USB_SetCurrentMode
 .text.USB_FlushTxFifo
                0x08004314       0x68 ./Drivers/STM32F4xx_HAL_Driver/Src/stm32f4xx_ll_usb.o
                0x08004314                USB_FlushTxFifo
 .text.USB_FlushRxFifo
                0x0800437c       0x60 ./Drivers/STM32F4xx_HAL_Driver/Src/stm32f4xx_ll_usb.o
                0x0800437c                USB_FlushRxFifo
 .text.USB_WritePacket
                0x080043dc       0x7c ./Drivers/STM32F4xx_HAL_Driver/Src/stm32f4xx_ll_usb.o
                0x080043dc                USB_WritePacket
 .text.USB_ReadPacket
                0x08004458       0xb0 ./Drivers/STM32F4xx_HAL_Driver/Src/stm32f4xx_ll_usb.o
                0x08004458                USB_ReadPacket
 .text.USB_ReadInterrupts
                0x08004508       0x26 ./Drivers/STM32F4xx_HAL_Driver/Src/stm32f4xx_ll_usb.o
                0x08004508                USB_ReadInterrupts
 .text.USB_GetMode
                0x0800452e       0x1c ./Drivers/STM32F4xx_HAL_Driver/Src/stm32f4xx_ll_usb.o
                0x0800452e                USB_GetMode
 *fill*         0x0800454a        0x2 
 .text.USB_CoreReset
                0x0800454c       0x68 ./Drivers/STM32F4xx_HAL_Driver/Src/stm32f4xx_ll_usb.o
 .text.USB_HostInit
                0x080045b4      0x180 ./Drivers/STM32F4xx_HAL_Driver/Src/stm32f4xx_ll_usb.o
                0x080045b4                USB_HostInit
 .text.USB_InitFSLSPClkSel
                0x08004734       0x74 ./Drivers/STM32F4xx_HAL_Driver/Src/stm32f4xx_ll_usb.o
                0x08004734                USB_InitFSLSPClkSel
 .text.USB_ResetPort
                0x080047a8       0x54 ./Drivers/STM32F4xx_HAL_Driver/Src/stm32f4xx_ll_usb.o
                0x080047a8                USB_ResetPort
 .text.USB_DriveVbus
                0x080047fc       0x72 ./Drivers/STM32F4xx_HAL_Driver/Src/stm32f4xx_ll_usb.o
                0x080047fc                USB_DriveVbus
 .text.USB_GetHostSpeed
                0x0800486e       0x2e ./Drivers/STM32F4xx_HAL_Driver/Src/stm32f4xx_ll_usb.o
                0x0800486e                USB_GetHostSpeed
 .text.USB_GetCurrentFrame
                0x0800489c       0x22 ./Drivers/STM32F4xx_HAL_Driver/Src/stm32f4xx_ll_usb.o
                0x0800489c                USB_GetCurrentFrame
 *fill*         0x080048be        0x2 
 .text.USB_HC_Init
                0x080048c0      0x244 ./Drivers/STM32F4xx_HAL_Driver/Src/stm32f4xx_ll_usb.o
                0x080048c0                USB_HC_Init
 .text.USB_HC_StartXfer
                0x08004b04      0x284 ./Drivers/STM32F4xx_HAL_Driver/Src/stm32f4xx_ll_usb.o
                0x08004b04                USB_HC_StartXfer
 .text.USB_HC_ReadInterrupt
                0x08004d88       0x22 ./Drivers/STM32F4xx_HAL_Driver/Src/stm32f4xx_ll_usb.o
                0x08004d88                USB_HC_ReadInterrupt
 .text.USB_HC_Halt
                0x08004daa      0x1f8 ./Drivers/STM32F4xx_HAL_Driver/Src/stm32f4xx_ll_usb.o
                0x08004daa                USB_HC_Halt
 *fill*         0x08004fa2        0x2 
 .text.USB_DoPing
                0x08004fa4       0x78 ./Drivers/STM32F4xx_HAL_Driver/Src/stm32f4xx_ll_usb.o
                0x08004fa4                USB_DoPing
 .text.USB_StopHost
                0x0800501c      0x124 ./Drivers/STM32F4xx_HAL_Driver/Src/stm32f4xx_ll_usb.o
                0x0800501c                USB_StopHost
 .text.USBH_CDC_InterfaceInit
                0x08005140      0x2ac ./Middlewares/ST/STM32_USB_Host_Library/Class/CDC/Src/usbh_cdc.o
 .text.USBH_CDC_InterfaceDeInit
                0x080053ec       0xb2 ./Middlewares/ST/STM32_USB_Host_Library/Class/CDC/Src/usbh_cdc.o
 .text.USBH_CDC_ClassRequest
                0x0800549e       0x3e ./Middlewares/ST/STM32_USB_Host_Library/Class/CDC/Src/usbh_cdc.o
 .text.USBH_CDC_Process
                0x080054dc      0x12c ./Middlewares/ST/STM32_USB_Host_Library/Class/CDC/Src/usbh_cdc.o
 .text.USBH_CDC_SOFProcess
                0x08005608       0x16 ./Middlewares/ST/STM32_USB_Host_Library/Class/CDC/Src/usbh_cdc.o
 .text.GetLineCoding
                0x0800561e       0x3e ./Middlewares/ST/STM32_USB_Host_Library/Class/CDC/Src/usbh_cdc.o
 .text.SetLineCoding
                0x0800565c       0x3e ./Middlewares/ST/STM32_USB_Host_Library/Class/CDC/Src/usbh_cdc.o
 .text.CDC_ProcessTransmission
                0x0800569a       0xec ./Middlewares/ST/STM32_USB_Host_Library/Class/CDC/Src/usbh_cdc.o
 .text.CDC_ProcessReception
                0x08005786       0xb6 ./Middlewares/ST/STM32_USB_Host_Library/Class/CDC/Src/usbh_cdc.o
 .text.USBH_CDC_TransmitCallback
                0x0800583c       0x14 ./Middlewares/ST/STM32_USB_Host_Library/Class/CDC/Src/usbh_cdc.o
                0x0800583c                USBH_CDC_TransmitCallback
 .text.USBH_CDC_ReceiveCallback
                0x08005850       0x14 ./Middlewares/ST/STM32_USB_Host_Library/Class/CDC/Src/usbh_cdc.o
                0x08005850                USBH_CDC_ReceiveCallback
 .text.USBH_CDC_LineCodingChanged
                0x08005864       0x14 ./Middlewares/ST/STM32_USB_Host_Library/Class/CDC/Src/usbh_cdc.o
                0x08005864                USBH_CDC_LineCodingChanged
 .text.USBH_Init
                0x08005878       0x74 ./Middlewares/ST/STM32_USB_Host_Library/Core/Src/usbh_core.o
                0x08005878                USBH_Init
 .text.DeInitStateMachine
                0x080058ec       0xa8 ./Middlewares/ST/STM32_USB_Host_Library/Core/Src/usbh_core.o
 .text.USBH_RegisterClass
                0x08005994       0x54 ./Middlewares/ST/STM32_USB_Host_Library/Core/Src/usbh_core.o
                0x08005994                USBH_RegisterClass
 .text.USBH_SelectInterface
                0x080059e8       0x38 ./Middlewares/ST/STM32_USB_Host_Library/Core/Src/usbh_core.o
                0x080059e8                USBH_SelectInterface
 .text.USBH_FindInterface
                0x08005a20       0x8c ./Middlewares/ST/STM32_USB_Host_Library/Core/Src/usbh_core.o
                0x08005a20                USBH_FindInterface
 .text.USBH_Start
                0x08005aac       0x20 ./Middlewares/ST/STM32_USB_Host_Library/Core/Src/usbh_core.o
                0x08005aac                USBH_Start
 .text.USBH_Process
                0x08005acc      0x3d0 ./Middlewares/ST/STM32_USB_Host_Library/Core/Src/usbh_core.o
                0x08005acc                USBH_Process
 .text.USBH_HandleEnum
                0x08005e9c      0x3c0 ./Middlewares/ST/STM32_USB_Host_Library/Core/Src/usbh_core.o
 .text.USBH_LL_SetTimer
                0x0800625c       0x1e ./Middlewares/ST/STM32_USB_Host_Library/Core/Src/usbh_core.o
                0x0800625c                USBH_LL_SetTimer
 .text.USBH_LL_IncTimer
                0x0800627a       0x24 ./Middlewares/ST/STM32_USB_Host_Library/Core/Src/usbh_core.o
                0x0800627a                USBH_LL_IncTimer
 .text.USBH_HandleSof
                0x0800629e       0x30 ./Middlewares/ST/STM32_USB_Host_Library/Core/Src/usbh_core.o
 .text.USBH_LL_PortEnabled
                0x080062ce       0x1c ./Middlewares/ST/STM32_USB_Host_Library/Core/Src/usbh_core.o
                0x080062ce                USBH_LL_PortEnabled
 .text.USBH_LL_PortDisabled
                0x080062ea       0x1c ./Middlewares/ST/STM32_USB_Host_Library/Core/Src/usbh_core.o
                0x080062ea                USBH_LL_PortDisabled
 .text.USBH_LL_Connect
                0x08006306       0x2e ./Middlewares/ST/STM32_USB_Host_Library/Core/Src/usbh_core.o
                0x08006306                USBH_LL_Connect
 .text.USBH_LL_Disconnect
                0x08006334       0x48 ./Middlewares/ST/STM32_USB_Host_Library/Core/Src/usbh_core.o
                0x08006334                USBH_LL_Disconnect
 .text.USBH_Get_DevDesc
                0x0800637c       0x50 ./Middlewares/ST/STM32_USB_Host_Library/Core/Src/usbh_ctlreq.o
                0x0800637c                USBH_Get_DevDesc
 .text.USBH_Get_CfgDesc
                0x080063cc       0x48 ./Middlewares/ST/STM32_USB_Host_Library/Core/Src/usbh_ctlreq.o
                0x080063cc                USBH_Get_CfgDesc
 .text.USBH_Get_StringDesc
                0x08006414       0x56 ./Middlewares/ST/STM32_USB_Host_Library/Core/Src/usbh_ctlreq.o
                0x08006414                USBH_Get_StringDesc
 .text.USBH_GetDescriptor
                0x0800646a       0x6a ./Middlewares/ST/STM32_USB_Host_Library/Core/Src/usbh_ctlreq.o
                0x0800646a                USBH_GetDescriptor
 .text.USBH_SetAddress
                0x080064d4       0x48 ./Middlewares/ST/STM32_USB_Host_Library/Core/Src/usbh_ctlreq.o
                0x080064d4                USBH_SetAddress
 .text.USBH_SetCfg
                0x0800651c       0x46 ./Middlewares/ST/STM32_USB_Host_Library/Core/Src/usbh_ctlreq.o
                0x0800651c                USBH_SetCfg
 .text.USBH_SetFeature
                0x08006562       0x48 ./Middlewares/ST/STM32_USB_Host_Library/Core/Src/usbh_ctlreq.o
                0x08006562                USBH_SetFeature
 .text.USBH_ClrFeature
                0x080065aa       0x48 ./Middlewares/ST/STM32_USB_Host_Library/Core/Src/usbh_ctlreq.o
                0x080065aa                USBH_ClrFeature
 *fill*         0x080065f2        0x2 
 .text.USBH_ParseDevDesc
                0x080065f4      0x11c ./Middlewares/ST/STM32_USB_Host_Library/Core/Src/usbh_ctlreq.o
 .text.USBH_ParseCfgDesc
                0x08006710      0x1ea ./Middlewares/ST/STM32_USB_Host_Library/Core/Src/usbh_ctlreq.o
 .text.USBH_ParseInterfaceDesc
                0x080068fa       0x5e ./Middlewares/ST/STM32_USB_Host_Library/Core/Src/usbh_ctlreq.o
 .text.USBH_ParseEPDesc
                0x08006958      0x144 ./Middlewares/ST/STM32_USB_Host_Library/Core/Src/usbh_ctlreq.o
 .text.USBH_ParseStringDesc
                0x08006a9c       0x66 ./Middlewares/ST/STM32_USB_Host_Library/Core/Src/usbh_ctlreq.o
 .text.USBH_GetNextDesc
                0x08006b02       0x34 ./Middlewares/ST/STM32_USB_Host_Library/Core/Src/usbh_ctlreq.o
                0x08006b02                USBH_GetNextDesc
 .text.USBH_CtlReq
                0x08006b36       0x7a ./Middlewares/ST/STM32_USB_Host_Library/Core/Src/usbh_ctlreq.o
                0x08006b36                USBH_CtlReq
 .text.USBH_HandleControl
                0x08006bb0      0x2e8 ./Middlewares/ST/STM32_USB_Host_Library/Core/Src/usbh_ctlreq.o
 .text.USBH_CtlSendSetup
                0x08006e98       0x34 ./Middlewares/ST/STM32_USB_Host_Library/Core/Src/usbh_ioreq.o
                0x08006e98                USBH_CtlSendSetup
 .text.USBH_CtlSendData
                0x08006ecc       0x4a ./Middlewares/ST/STM32_USB_Host_Library/Core/Src/usbh_ioreq.o
                0x08006ecc                USBH_CtlSendData
 .text.USBH_CtlReceiveData
                0x08006f16       0x3c ./Middlewares/ST/STM32_USB_Host_Library/Core/Src/usbh_ioreq.o
                0x08006f16                USBH_CtlReceiveData
 .text.USBH_BulkSendData
                0x08006f52       0x4a ./Middlewares/ST/STM32_USB_Host_Library/Core/Src/usbh_ioreq.o
                0x08006f52                USBH_BulkSendData
 .text.USBH_BulkReceiveData
                0x08006f9c       0x3c ./Middlewares/ST/STM32_USB_Host_Library/Core/Src/usbh_ioreq.o
                0x08006f9c                USBH_BulkReceiveData
 .text.USBH_OpenPipe
                0x08006fd8       0x3e ./Middlewares/ST/STM32_USB_Host_Library/Core/Src/usbh_pipes.o
                0x08006fd8                USBH_OpenPipe
 .text.USBH_ClosePipe
                0x08007016       0x20 ./Middlewares/ST/STM32_USB_Host_Library/Core/Src/usbh_pipes.o
                0x08007016                USBH_ClosePipe
 .text.USBH_AllocPipe
                0x08007036       0x42 ./Middlewares/ST/STM32_USB_Host_Library/Core/Src/usbh_pipes.o
                0x08007036                USBH_AllocPipe
 .text.USBH_FreePipe
                0x08007078       0x3c ./Middlewares/ST/STM32_USB_Host_Library/Core/Src/usbh_pipes.o
                0x08007078                USBH_FreePipe
 .text.USBH_GetFreePipe
                0x080070b4       0x48 ./Middlewares/ST/STM32_USB_Host_Library/Core/Src/usbh_pipes.o
 .text.MX_USB_HOST_Init
                0x080070fc       0x4c ./USB_HOST/App/usb_host.o
                0x080070fc                MX_USB_HOST_Init
 .text.MX_USB_HOST_Process
                0x08007148       0x14 ./USB_HOST/App/usb_host.o
                0x08007148                MX_USB_HOST_Process
 .text.USBH_UserProcess
                0x0800715c       0x5c ./USB_HOST/App/usb_host.o
 .text.HAL_HCD_MspInit
                0x080071b8       0xc4 ./USB_HOST/Target/usbh_conf.o
                0x080071b8                HAL_HCD_MspInit
 .text.HAL_HCD_SOF_Callback
                0x0800727c       0x1c ./USB_HOST/Target/usbh_conf.o
                0x0800727c                HAL_HCD_SOF_Callback
 .text.HAL_HCD_Connect_Callback
                0x08007298       0x1c ./USB_HOST/Target/usbh_conf.o
                0x08007298                HAL_HCD_Connect_Callback
 .text.HAL_HCD_Disconnect_Callback
                0x080072b4       0x1c ./USB_HOST/Target/usbh_conf.o
                0x080072b4                HAL_HCD_Disconnect_Callback
 .text.HAL_HCD_HC_NotifyURBChange_Callback
                0x080072d0       0x1c ./USB_HOST/Target/usbh_conf.o
                0x080072d0                HAL_HCD_HC_NotifyURBChange_Callback
 .text.HAL_HCD_PortEnabled_Callback
                0x080072ec       0x1c ./USB_HOST/Target/usbh_conf.o
                0x080072ec                HAL_HCD_PortEnabled_Callback
 .text.HAL_HCD_PortDisabled_Callback
                0x08007308       0x1c ./USB_HOST/Target/usbh_conf.o
                0x08007308                HAL_HCD_PortDisabled_Callback
 .text.USBH_LL_Init
                0x08007324       0x78 ./USB_HOST/Target/usbh_conf.o
                0x08007324                USBH_LL_Init
 .text.USBH_LL_Start
                0x0800739c       0x36 ./USB_HOST/Target/usbh_conf.o
                0x0800739c                USBH_LL_Start
 .text.USBH_LL_Stop
                0x080073d2       0x36 ./USB_HOST/Target/usbh_conf.o
                0x080073d2                USBH_LL_Stop
 .text.USBH_LL_GetSpeed
                0x08007408       0x4e ./USB_HOST/Target/usbh_conf.o
                0x08007408                USBH_LL_GetSpeed
 .text.USBH_LL_ResetPort
                0x08007456       0x36 ./USB_HOST/Target/usbh_conf.o
                0x08007456                USBH_LL_ResetPort
 .text.USBH_LL_GetLastXferSize
                0x0800748c       0x26 ./USB_HOST/Target/usbh_conf.o
                0x0800748c                USBH_LL_GetLastXferSize
 .text.USBH_LL_OpenPipe
                0x080074b2       0x5e ./USB_HOST/Target/usbh_conf.o
                0x080074b2                USBH_LL_OpenPipe
 .text.USBH_LL_ClosePipe
                0x08007510       0x3e ./USB_HOST/Target/usbh_conf.o
                0x08007510                USBH_LL_ClosePipe
 .text.USBH_LL_SubmitURB
                0x0800754e       0x62 ./USB_HOST/Target/usbh_conf.o
                0x0800754e                USBH_LL_SubmitURB
 .text.USBH_LL_GetURBState
                0x080075b0       0x26 ./USB_HOST/Target/usbh_conf.o
                0x080075b0                USBH_LL_GetURBState
 .text.USBH_LL_DriverVBUS
                0x080075d6       0x2e ./USB_HOST/Target/usbh_conf.o
                0x080075d6                USBH_LL_DriverVBUS
 .text.USBH_LL_SetToggle
                0x08007604       0x60 ./USB_HOST/Target/usbh_conf.o
                0x08007604                USBH_LL_SetToggle
 .text.USBH_Delay
                0x08007664       0x16 ./USB_HOST/Target/usbh_conf.o
                0x08007664                USBH_Delay
 *fill*         0x0800767a        0x2 
 .text.USBH_Get_USB_Status
                0x0800767c       0x58 ./USB_HOST/Target/usbh_conf.o
                0x0800767c                USBH_Get_USB_Status
 .text.MX_DriverVbusFS
                0x080076d4       0x38 ./USB_HOST/Target/usbh_platform.o
                0x080076d4                MX_DriverVbusFS
 .text.malloc   0x0800770c       0x10 c:/program files (x86)/arm gnu toolchain arm-none-eabi/12.2 mpacbti-bet1/bin/../lib/gcc/arm-none-eabi/12.2.0/thumb/v7e-m+fp/hard\libc_nano.a(libc_a-malloc.o)
                0x0800770c                malloc
 .text.free     0x0800771c       0x10 c:/program files (x86)/arm gnu toolchain arm-none-eabi/12.2 mpacbti-bet1/bin/../lib/gcc/arm-none-eabi/12.2.0/thumb/v7e-m+fp/hard\libc_nano.a(libc_a-malloc.o)
                0x0800771c                free
 .text.sbrk_aligned
                0x0800772c       0x44 c:/program files (x86)/arm gnu toolchain arm-none-eabi/12.2 mpacbti-bet1/bin/../lib/gcc/arm-none-eabi/12.2.0/thumb/v7e-m+fp/hard\libc_nano.a(libc_a-mallocr.o)
 .text._malloc_r
                0x08007770       0xe0 c:/program files (x86)/arm gnu toolchain arm-none-eabi/12.2 mpacbti-bet1/bin/../lib/gcc/arm-none-eabi/12.2.0/thumb/v7e-m+fp/hard\libc_nano.a(libc_a-mallocr.o)
                0x08007770                _malloc_r
 .text.__malloc_lock
                0x08007850        0xc c:/program files (x86)/arm gnu toolchain arm-none-eabi/12.2 mpacbti-bet1/bin/../lib/gcc/arm-none-eabi/12.2.0/thumb/v7e-m+fp/hard\libc_nano.a(libc_a-mlock.o)
                0x08007850                __malloc_lock
 .text.__malloc_unlock
                0x0800785c        0xc c:/program files (x86)/arm gnu toolchain arm-none-eabi/12.2 mpacbti-bet1/bin/../lib/gcc/arm-none-eabi/12.2.0/thumb/v7e-m+fp/hard\libc_nano.a(libc_a-mlock.o)
                0x0800785c                __malloc_unlock
 .text.memset   0x08007868       0x10 c:/program files (x86)/arm gnu toolchain arm-none-eabi/12.2 mpacbti-bet1/bin/../lib/gcc/arm-none-eabi/12.2.0/thumb/v7e-m+fp/hard\libc_nano.a(libc_a-memset.o)
                0x08007868                memset
 .text._sbrk_r  0x08007878       0x20 c:/program files (x86)/arm gnu toolchain arm-none-eabi/12.2 mpacbti-bet1/bin/../lib/gcc/arm-none-eabi/12.2.0/thumb/v7e-m+fp/hard\libc_nano.a(libc_a-sbrkr.o)
                0x08007878                _sbrk_r
 .text.__errno  0x08007898        0xc c:/program files (x86)/arm gnu toolchain arm-none-eabi/12.2 mpacbti-bet1/bin/../lib/gcc/arm-none-eabi/12.2.0/thumb/v7e-m+fp/hard\libc_nano.a(libc_a-errno.o)
                0x08007898                __errno
 .text.__libc_init_array
                0x080078a4       0x48 c:/program files (x86)/arm gnu toolchain arm-none-eabi/12.2 mpacbti-bet1/bin/../lib/gcc/arm-none-eabi/12.2.0/thumb/v7e-m+fp/hard\libc_nano.a(libc_a-init.o)
                0x080078a4                __libc_init_array
 .text.__retarget_lock_acquire_recursive
                0x080078ec        0x2 c:/program files (x86)/arm gnu toolchain arm-none-eabi/12.2 mpacbti-bet1/bin/../lib/gcc/arm-none-eabi/12.2.0/thumb/v7e-m+fp/hard\libc_nano.a(libc_a-lock.o)
                0x080078ec                __retarget_lock_acquire_recursive
 .text.__retarget_lock_release_recursive
                0x080078ee        0x2 c:/program files (x86)/arm gnu toolchain arm-none-eabi/12.2 mpacbti-bet1/bin/../lib/gcc/arm-none-eabi/12.2.0/thumb/v7e-m+fp/hard\libc_nano.a(libc_a-lock.o)
                0x080078ee                __retarget_lock_release_recursive
 .text._free_r  0x080078f0       0x94 c:/program files (x86)/arm gnu toolchain arm-none-eabi/12.2 mpacbti-bet1/bin/../lib/gcc/arm-none-eabi/12.2.0/thumb/v7e-m+fp/hard\libc_nano.a(libc_a-freer.o)
                0x080078f0                _free_r
 .text.__udivmoddi4
                0x08007984      0x2bc c:/program files (x86)/arm gnu toolchain arm-none-eabi/12.2 mpacbti-bet1/bin/../lib/gcc/arm-none-eabi/12.2.0/thumb/v7e-m+fp/hard\libgcc.a(_udivmoddi4.o)
                0x08007984                __udivmoddi4
 *(.glue_7)
 .glue_7        0x08007c40        0x0 linker stubs
 *(.glue_7t)
 .glue_7t       0x08007c40        0x0 linker stubs
 *(.eh_frame)
 .eh_frame      0x08007c40        0x0 c:/program files (x86)/arm gnu toolchain arm-none-eabi/12.2 mpacbti-bet1/bin/../lib/gcc/arm-none-eabi/12.2.0/thumb/v7e-m+fp/hard/crtbegin.o
 *(.init)
 .init          0x08007c40        0x4 c:/program files (x86)/arm gnu toolchain arm-none-eabi/12.2 mpacbti-bet1/bin/../lib/gcc/arm-none-eabi/12.2.0/thumb/v7e-m+fp/hard/crti.o
                0x08007c40                _init
 .init          0x08007c44        0x8 c:/program files (x86)/arm gnu toolchain arm-none-eabi/12.2 mpacbti-bet1/bin/../lib/gcc/arm-none-eabi/12.2.0/thumb/v7e-m+fp/hard/crtn.o
 *(.fini)
 .fini          0x08007c4c        0x4 c:/program files (x86)/arm gnu toolchain arm-none-eabi/12.2 mpacbti-bet1/bin/../lib/gcc/arm-none-eabi/12.2.0/thumb/v7e-m+fp/hard/crti.o
                0x08007c4c                _fini
 .fini          0x08007c50        0x8 c:/program files (x86)/arm gnu toolchain arm-none-eabi/12.2 mpacbti-bet1/bin/../lib/gcc/arm-none-eabi/12.2.0/thumb/v7e-m+fp/hard/crtn.o
                0x08007c58                        . = ALIGN (0x4)
                0x08007c58                        _etext = .

.vfp11_veneer   0x08007c58        0x0
 .vfp11_veneer  0x08007c58        0x0 linker stubs

.v4_bx          0x08007c58        0x0
 .v4_bx         0x08007c58        0x0 linker stubs

.iplt           0x08007c58        0x0
 .iplt          0x08007c58        0x0 c:/program files (x86)/arm gnu toolchain arm-none-eabi/12.2 mpacbti-bet1/bin/../lib/gcc/arm-none-eabi/12.2.0/thumb/v7e-m+fp/hard/crtbegin.o

.rodata         0x08007c58       0x1c
                0x08007c58                        . = ALIGN (0x4)
 *(.rodata)
 .rodata        0x08007c58        0x4 ./Middlewares/ST/STM32_USB_Host_Library/Class/CDC/Src/usbh_cdc.o
 *(.rodata*)
 .rodata.AHBPrescTable
                0x08007c5c       0x10 ./Core/Src/system_stm32f4xx.o
                0x08007c5c                AHBPrescTable
 .rodata.APBPrescTable
                0x08007c6c        0x8 ./Core/Src/system_stm32f4xx.o
                0x08007c6c                APBPrescTable
                0x08007c74                        . = ALIGN (0x4)

.ARM.extab      0x08007c74        0x0
                0x08007c74                        . = ALIGN (0x4)
 *(.ARM.extab* .gnu.linkonce.armextab.*)
                0x08007c74                        . = ALIGN (0x4)

.ARM            0x08007c74        0x8
                0x08007c74                        . = ALIGN (0x4)
                0x08007c74                        __exidx_start = .
 *(.ARM.exidx*)
 .ARM.exidx.text.__udivmoddi4
                0x08007c74        0x8 c:/program files (x86)/arm gnu toolchain arm-none-eabi/12.2 mpacbti-bet1/bin/../lib/gcc/arm-none-eabi/12.2.0/thumb/v7e-m+fp/hard\libgcc.a(_udivmoddi4.o)
                0x08007c7c                        __exidx_end = .
                0x08007c7c                        . = ALIGN (0x4)

.rel.dyn        0x08007c7c        0x0
 .rel.iplt      0x08007c7c        0x0 c:/program files (x86)/arm gnu toolchain arm-none-eabi/12.2 mpacbti-bet1/bin/../lib/gcc/arm-none-eabi/12.2.0/thumb/v7e-m+fp/hard/crtbegin.o

.preinit_array  0x08007c7c        0x0
                0x08007c7c                        . = ALIGN (0x4)
                0x08007c7c                        PROVIDE (__preinit_array_start = .)
 *(.preinit_array*)
                0x08007c7c                        PROVIDE (__preinit_array_end = .)
                0x08007c7c                        . = ALIGN (0x4)

.init_array     0x08007c7c        0x4
                0x08007c7c                        . = ALIGN (0x4)
                0x08007c7c                        PROVIDE (__init_array_start = .)
 *(SORT_BY_NAME(.init_array.*))
 *(.init_array*)
 .init_array    0x08007c7c        0x4 c:/program files (x86)/arm gnu toolchain arm-none-eabi/12.2 mpacbti-bet1/bin/../lib/gcc/arm-none-eabi/12.2.0/thumb/v7e-m+fp/hard/crtbegin.o
                0x08007c80                        PROVIDE (__init_array_end = .)
                0x08007c80                        . = ALIGN (0x4)

.fini_array     0x08007c80        0x4
                0x08007c80                        . = ALIGN (0x4)
                [!provide]                        PROVIDE (__fini_array_start = .)
 *(SORT_BY_NAME(.fini_array.*))
 *(.fini_array*)
 .fini_array    0x08007c80        0x4 c:/program files (x86)/arm gnu toolchain arm-none-eabi/12.2 mpacbti-bet1/bin/../lib/gcc/arm-none-eabi/12.2.0/thumb/v7e-m+fp/hard/crtbegin.o
                [!provide]                        PROVIDE (__fini_array_end = .)
                0x08007c84                        . = ALIGN (0x4)
                0x08007c84                        _sidata = LOADADDR (.data)

.data           0x20000000       0x7c load address 0x08007c84
                0x20000000                        . = ALIGN (0x4)
                0x20000000                        _sdata = .
 *(.data)
 *(.data*)
 .data.SystemCoreClock
                0x20000000        0x4 ./Core/Src/system_stm32f4xx.o
                0x20000000                SystemCoreClock
 .data.uwTickPrio
                0x20000004        0x4 ./Drivers/STM32F4xx_HAL_Driver/Src/stm32f4xx_hal.o
                0x20000004                uwTickPrio
 .data.uwTickFreq
                0x20000008        0x1 ./Drivers/STM32F4xx_HAL_Driver/Src/stm32f4xx_hal.o
                0x20000008                uwTickFreq
 *fill*         0x20000009        0x3 
 .data.CDC_Class
                0x2000000c       0x20 ./Middlewares/ST/STM32_USB_Host_Library/Class/CDC/Src/usbh_cdc.o
                0x2000000c                CDC_Class
 .data._impure_ptr
                0x2000002c        0x4 c:/program files (x86)/arm gnu toolchain arm-none-eabi/12.2 mpacbti-bet1/bin/../lib/gcc/arm-none-eabi/12.2.0/thumb/v7e-m+fp/hard\libc_nano.a(libc_a-impure.o)
                0x2000002c                _impure_ptr
 .data._impure_data
                0x20000030       0x4c c:/program files (x86)/arm gnu toolchain arm-none-eabi/12.2 mpacbti-bet1/bin/../lib/gcc/arm-none-eabi/12.2.0/thumb/v7e-m+fp/hard\libc_nano.a(libc_a-impure.o)
                0x20000030                _impure_data
 *(.RamFunc)
 *(.RamFunc*)
                0x2000007c                        . = ALIGN (0x4)
                0x2000007c                        _edata = .
                0x08007d00                        _siccmram = LOADADDR (.ccmram)

.tm_clone_table
                0x2000007c        0x0 load address 0x08007d00
 .tm_clone_table
                0x2000007c        0x0 c:/program files (x86)/arm gnu toolchain arm-none-eabi/12.2 mpacbti-bet1/bin/../lib/gcc/arm-none-eabi/12.2.0/thumb/v7e-m+fp/hard/crtbegin.o
 .tm_clone_table
                0x2000007c        0x0 c:/program files (x86)/arm gnu toolchain arm-none-eabi/12.2 mpacbti-bet1/bin/../lib/gcc/arm-none-eabi/12.2.0/thumb/v7e-m+fp/hard/crtend.o

.igot.plt       0x2000007c        0x0 load address 0x08007d00
 .igot.plt      0x2000007c        0x0 c:/program files (x86)/arm gnu toolchain arm-none-eabi/12.2 mpacbti-bet1/bin/../lib/gcc/arm-none-eabi/12.2.0/thumb/v7e-m+fp/hard/crtbegin.o

.ccmram         0x10000000        0x0 load address 0x08007d00
                0x10000000                        . = ALIGN (0x4)
                0x10000000                        _sccmram = .
 *(.ccmram)
 *(.ccmram*)
                0x10000000                        . = ALIGN (0x4)
                0x10000000                        _eccmram = .
                0x10000000                        . = ALIGN (0x4)

.bss            0x2000007c     0x7884
                0x2000007c                        _sbss = .
                0x2000007c                        __bss_start__ = _sbss
 *(.bss)
 *(.bss*)
 .bss.completed.1
                0x2000007c        0x1 c:/program files (x86)/arm gnu toolchain arm-none-eabi/12.2 mpacbti-bet1/bin/../lib/gcc/arm-none-eabi/12.2.0/thumb/v7e-m+fp/hard/crtbegin.o
 *fill*         0x2000007d        0x3 
 .bss.object.0  0x20000080       0x18 c:/program files (x86)/arm gnu toolchain arm-none-eabi/12.2 mpacbti-bet1/bin/../lib/gcc/arm-none-eabi/12.2.0/thumb/v7e-m+fp/hard/crtbegin.o
 .bss.hi2c1     0x20000098       0x54 ./Core/Src/main.o
                0x20000098                hi2c1
 .bss.hi2s3     0x200000ec       0x48 ./Core/Src/main.o
                0x200000ec                hi2s3
 .bss.hspi1     0x20000134       0x58 ./Core/Src/main.o
                0x20000134                hspi1
 .bss.myVar     0x2000018c     0x6f44 ./Core/Src/main.o
                0x2000018c                myVar
 .bss.__sbrk_heap_end
                0x200070d0        0x4 ./Core/Src/sysmem.o
 .bss.uwTick    0x200070d4        0x4 ./Drivers/STM32F4xx_HAL_Driver/Src/stm32f4xx_hal.o
                0x200070d4                uwTick
 .bss.hUsbHostFS
                0x200070d8      0x3d8 ./USB_HOST/App/usb_host.o
                0x200070d8                hUsbHostFS
 .bss.Appli_state
                0x200074b0        0x1 ./USB_HOST/App/usb_host.o
                0x200074b0                Appli_state
 *fill*         0x200074b1        0x3 
 .bss.hhcd_USB_OTG_FS
                0x200074b4      0x304 ./USB_HOST/Target/usbh_conf.o
                0x200074b4                hhcd_USB_OTG_FS
 .bss.__malloc_sbrk_start
                0x200077b8        0x4 c:/program files (x86)/arm gnu toolchain arm-none-eabi/12.2 mpacbti-bet1/bin/../lib/gcc/arm-none-eabi/12.2.0/thumb/v7e-m+fp/hard\libc_nano.a(libc_a-mallocr.o)
                0x200077b8                __malloc_sbrk_start
 .bss.__malloc_free_list
                0x200077bc        0x4 c:/program files (x86)/arm gnu toolchain arm-none-eabi/12.2 mpacbti-bet1/bin/../lib/gcc/arm-none-eabi/12.2.0/thumb/v7e-m+fp/hard\libc_nano.a(libc_a-mallocr.o)
                0x200077bc                __malloc_free_list
 .bss.__sf      0x200077c0      0x138 c:/program files (x86)/arm gnu toolchain arm-none-eabi/12.2 mpacbti-bet1/bin/../lib/gcc/arm-none-eabi/12.2.0/thumb/v7e-m+fp/hard\libc_nano.a(libc_a-findfp.o)
                0x200077c0                __sf
 .bss.errno     0x200078f8        0x4 c:/program files (x86)/arm gnu toolchain arm-none-eabi/12.2 mpacbti-bet1/bin/../lib/gcc/arm-none-eabi/12.2.0/thumb/v7e-m+fp/hard\libc_nano.a(libc_a-reent.o)
                0x200078f8                errno
 .bss.__lock___malloc_recursive_mutex
                0x200078fc        0x1 c:/program files (x86)/arm gnu toolchain arm-none-eabi/12.2 mpacbti-bet1/bin/../lib/gcc/arm-none-eabi/12.2.0/thumb/v7e-m+fp/hard\libc_nano.a(libc_a-lock.o)
                0x200078fc                __lock___malloc_recursive_mutex
 *(COMMON)
                0x20007900                        . = ALIGN (0x4)
 *fill*         0x200078fd        0x3 
                0x20007900                        _ebss = .
                0x20007900                        __bss_end__ = _ebss

._user_heap_stack
                0x20007900      0x600
                0x20007900                        . = ALIGN (0x8)
                [!provide]                        PROVIDE (end = .)
                0x20007900                        PROVIDE (_end = .)
                0x20007b00                        . = (. + _Min_Heap_Size)
 *fill*         0x20007900      0x200 
                0x20007f00                        . = (. + _Min_Stack_Size)
 *fill*         0x20007b00      0x400 
                0x20007f00                        . = ALIGN (0x8)

/DISCARD/
 libc.a(*)
 libm.a(*)
 libgcc.a(*)

.ARM.attributes
                0x00000000       0x30
 *(.ARM.attributes)
 .ARM.attributes
                0x00000000       0x22 c:/program files (x86)/arm gnu toolchain arm-none-eabi/12.2 mpacbti-bet1/bin/../lib/gcc/arm-none-eabi/12.2.0/thumb/v7e-m+fp/hard/crti.o
 .ARM.attributes
                0x00000022       0x34 c:/program files (x86)/arm gnu toolchain arm-none-eabi/12.2 mpacbti-bet1/bin/../lib/gcc/arm-none-eabi/12.2.0/thumb/v7e-m+fp/hard/crtbegin.o
 .ARM.attributes
                0x00000056       0x34 ./Core/Src/main.o
 .ARM.attributes
                0x0000008a       0x34 ./Core/Src/stm32f4xx_hal_msp.o
 .ARM.attributes
                0x000000be       0x34 ./Core/Src/stm32f4xx_it.o
 .ARM.attributes
                0x000000f2       0x34 ./Core/Src/sysmem.o
 .ARM.attributes
                0x00000126       0x34 ./Core/Src/system_stm32f4xx.o
 .ARM.attributes
                0x0000015a       0x21 ./Core/Startup/startup_stm32f407vgtx.o
 .ARM.attributes
                0x0000017b       0x34 ./Drivers/STM32F4xx_HAL_Driver/Src/stm32f4xx_hal.o
 .ARM.attributes
                0x000001af       0x34 ./Drivers/STM32F4xx_HAL_Driver/Src/stm32f4xx_hal_cortex.o
 .ARM.attributes
                0x000001e3       0x34 ./Drivers/STM32F4xx_HAL_Driver/Src/stm32f4xx_hal_gpio.o
 .ARM.attributes
                0x00000217       0x34 ./Drivers/STM32F4xx_HAL_Driver/Src/stm32f4xx_hal_hcd.o
 .ARM.attributes
                0x0000024b       0x34 ./Drivers/STM32F4xx_HAL_Driver/Src/stm32f4xx_hal_i2c.o
 .ARM.attributes
                0x0000027f       0x34 ./Drivers/STM32F4xx_HAL_Driver/Src/stm32f4xx_hal_i2s.o
 .ARM.attributes
                0x000002b3       0x34 ./Drivers/STM32F4xx_HAL_Driver/Src/stm32f4xx_hal_i2s_ex.o
 .ARM.attributes
                0x000002e7       0x34 ./Drivers/STM32F4xx_HAL_Driver/Src/stm32f4xx_hal_rcc.o
 .ARM.attributes
                0x0000031b       0x34 ./Drivers/STM32F4xx_HAL_Driver/Src/stm32f4xx_hal_rcc_ex.o
 .ARM.attributes
                0x0000034f       0x34 ./Drivers/STM32F4xx_HAL_Driver/Src/stm32f4xx_hal_spi.o
 .ARM.attributes
                0x00000383       0x34 ./Drivers/STM32F4xx_HAL_Driver/Src/stm32f4xx_ll_usb.o
 .ARM.attributes
                0x000003b7       0x34 ./Middlewares/ST/STM32_USB_Host_Library/Class/CDC/Src/usbh_cdc.o
 .ARM.attributes
                0x000003eb       0x34 ./Middlewares/ST/STM32_USB_Host_Library/Core/Src/usbh_core.o
 .ARM.attributes
                0x0000041f       0x34 ./Middlewares/ST/STM32_USB_Host_Library/Core/Src/usbh_ctlreq.o
 .ARM.attributes
                0x00000453       0x34 ./Middlewares/ST/STM32_USB_Host_Library/Core/Src/usbh_ioreq.o
 .ARM.attributes
                0x00000487       0x34 ./Middlewares/ST/STM32_USB_Host_Library/Core/Src/usbh_pipes.o
 .ARM.attributes
                0x000004bb       0x34 ./USB_HOST/App/usb_host.o
 .ARM.attributes
                0x000004ef       0x34 ./USB_HOST/Target/usbh_conf.o
 .ARM.attributes
                0x00000523       0x34 ./USB_HOST/Target/usbh_platform.o
 .ARM.attributes
                0x00000557       0x34 c:/program files (x86)/arm gnu toolchain arm-none-eabi/12.2 mpacbti-bet1/bin/../lib/gcc/arm-none-eabi/12.2.0/thumb/v7e-m+fp/hard\libc_nano.a(libc_a-malloc.o)
 .ARM.attributes
                0x0000058b       0x34 c:/program files (x86)/arm gnu toolchain arm-none-eabi/12.2 mpacbti-bet1/bin/../lib/gcc/arm-none-eabi/12.2.0/thumb/v7e-m+fp/hard\libc_nano.a(libc_a-mallocr.o)
 .ARM.attributes
                0x000005bf       0x34 c:/program files (x86)/arm gnu toolchain arm-none-eabi/12.2 mpacbti-bet1/bin/../lib/gcc/arm-none-eabi/12.2.0/thumb/v7e-m+fp/hard\libc_nano.a(libc_a-mlock.o)
 .ARM.attributes
                0x000005f3       0x34 c:/program files (x86)/arm gnu toolchain arm-none-eabi/12.2 mpacbti-bet1/bin/../lib/gcc/arm-none-eabi/12.2.0/thumb/v7e-m+fp/hard\libc_nano.a(libc_a-findfp.o)
 .ARM.attributes
                0x00000627       0x34 c:/program files (x86)/arm gnu toolchain arm-none-eabi/12.2 mpacbti-bet1/bin/../lib/gcc/arm-none-eabi/12.2.0/thumb/v7e-m+fp/hard\libc_nano.a(libc_a-memset.o)
 .ARM.attributes
                0x0000065b       0x34 c:/program files (x86)/arm gnu toolchain arm-none-eabi/12.2 mpacbti-bet1/bin/../lib/gcc/arm-none-eabi/12.2.0/thumb/v7e-m+fp/hard\libc_nano.a(libc_a-reent.o)
 .ARM.attributes
                0x0000068f       0x34 c:/program files (x86)/arm gnu toolchain arm-none-eabi/12.2 mpacbti-bet1/bin/../lib/gcc/arm-none-eabi/12.2.0/thumb/v7e-m+fp/hard\libc_nano.a(libc_a-impure.o)
 .ARM.attributes
                0x000006c3       0x34 c:/program files (x86)/arm gnu toolchain arm-none-eabi/12.2 mpacbti-bet1/bin/../lib/gcc/arm-none-eabi/12.2.0/thumb/v7e-m+fp/hard\libc_nano.a(libc_a-sbrkr.o)
 .ARM.attributes
                0x000006f7       0x34 c:/program files (x86)/arm gnu toolchain arm-none-eabi/12.2 mpacbti-bet1/bin/../lib/gcc/arm-none-eabi/12.2.0/thumb/v7e-m+fp/hard\libc_nano.a(libc_a-errno.o)
 .ARM.attributes
                0x0000072b       0x34 c:/program files (x86)/arm gnu toolchain arm-none-eabi/12.2 mpacbti-bet1/bin/../lib/gcc/arm-none-eabi/12.2.0/thumb/v7e-m+fp/hard\libc_nano.a(libc_a-init.o)
 .ARM.attributes
                0x0000075f       0x34 c:/program files (x86)/arm gnu toolchain arm-none-eabi/12.2 mpacbti-bet1/bin/../lib/gcc/arm-none-eabi/12.2.0/thumb/v7e-m+fp/hard\libc_nano.a(libc_a-lock.o)
 .ARM.attributes
                0x00000793       0x34 c:/program files (x86)/arm gnu toolchain arm-none-eabi/12.2 mpacbti-bet1/bin/../lib/gcc/arm-none-eabi/12.2.0/thumb/v7e-m+fp/hard\libc_nano.a(libc_a-freer.o)
 .ARM.attributes
                0x000007c7       0x22 c:/program files (x86)/arm gnu toolchain arm-none-eabi/12.2 mpacbti-bet1/bin/../lib/gcc/arm-none-eabi/12.2.0/thumb/v7e-m+fp/hard\libgcc.a(_aeabi_uldivmod.o)
 .ARM.attributes
                0x000007e9       0x34 c:/program files (x86)/arm gnu toolchain arm-none-eabi/12.2 mpacbti-bet1/bin/../lib/gcc/arm-none-eabi/12.2.0/thumb/v7e-m+fp/hard\libgcc.a(_udivmoddi4.o)
 .ARM.attributes
                0x0000081d       0x22 c:/program files (x86)/arm gnu toolchain arm-none-eabi/12.2 mpacbti-bet1/bin/../lib/gcc/arm-none-eabi/12.2.0/thumb/v7e-m+fp/hard\libgcc.a(_dvmd_tls.o)
 .ARM.attributes
                0x0000083f       0x34 c:/program files (x86)/arm gnu toolchain arm-none-eabi/12.2 mpacbti-bet1/bin/../lib/gcc/arm-none-eabi/12.2.0/thumb/v7e-m+fp/hard/crtend.o
 .ARM.attributes
                0x00000873       0x22 c:/program files (x86)/arm gnu toolchain arm-none-eabi/12.2 mpacbti-bet1/bin/../lib/gcc/arm-none-eabi/12.2.0/thumb/v7e-m+fp/hard/crtn.o
OUTPUT(testCmake.elf elf32-littlearm)
LOAD linker stubs
LOAD c:/program files (x86)/arm gnu toolchain arm-none-eabi/12.2 mpacbti-bet1/bin/../lib/gcc/arm-none-eabi/12.2.0/thumb/v7e-m+fp/hard\libc.a
LOAD c:/program files (x86)/arm gnu toolchain arm-none-eabi/12.2 mpacbti-bet1/bin/../lib/gcc/arm-none-eabi/12.2.0/thumb/v7e-m+fp/hard\libm.a
LOAD c:/program files (x86)/arm gnu toolchain arm-none-eabi/12.2 mpacbti-bet1/bin/../lib/gcc/arm-none-eabi/12.2.0/thumb/v7e-m+fp/hard\libgcc.a

.comment        0x00000000       0x4c
 .comment       0x00000000       0x4c c:/program files (x86)/arm gnu toolchain arm-none-eabi/12.2 mpacbti-bet1/bin/../lib/gcc/arm-none-eabi/12.2.0/thumb/v7e-m+fp/hard/crtbegin.o
                                 0x4d (size before relaxing)
 .comment       0x0000004c       0x4d ./Core/Src/main.o
 .comment       0x0000004c       0x4d ./Core/Src/stm32f4xx_hal_msp.o
 .comment       0x0000004c       0x4d ./Core/Src/stm32f4xx_it.o
 .comment       0x0000004c       0x4d ./Core/Src/sysmem.o
 .comment       0x0000004c       0x4d ./Core/Src/system_stm32f4xx.o
 .comment       0x0000004c       0x4d ./Drivers/STM32F4xx_HAL_Driver/Src/stm32f4xx_hal.o
 .comment       0x0000004c       0x4d ./Drivers/STM32F4xx_HAL_Driver/Src/stm32f4xx_hal_cortex.o
 .comment       0x0000004c       0x4d ./Drivers/STM32F4xx_HAL_Driver/Src/stm32f4xx_hal_gpio.o
 .comment       0x0000004c       0x4d ./Drivers/STM32F4xx_HAL_Driver/Src/stm32f4xx_hal_hcd.o
 .comment       0x0000004c       0x4d ./Drivers/STM32F4xx_HAL_Driver/Src/stm32f4xx_hal_i2c.o
 .comment       0x0000004c       0x4d ./Drivers/STM32F4xx_HAL_Driver/Src/stm32f4xx_hal_i2s.o
 .comment       0x0000004c       0x4d ./Drivers/STM32F4xx_HAL_Driver/Src/stm32f4xx_hal_i2s_ex.o
 .comment       0x0000004c       0x4d ./Drivers/STM32F4xx_HAL_Driver/Src/stm32f4xx_hal_rcc.o
 .comment       0x0000004c       0x4d ./Drivers/STM32F4xx_HAL_Driver/Src/stm32f4xx_hal_rcc_ex.o
 .comment       0x0000004c       0x4d ./Drivers/STM32F4xx_HAL_Driver/Src/stm32f4xx_hal_spi.o
 .comment       0x0000004c       0x4d ./Drivers/STM32F4xx_HAL_Driver/Src/stm32f4xx_ll_usb.o
 .comment       0x0000004c       0x4d ./Middlewares/ST/STM32_USB_Host_Library/Class/CDC/Src/usbh_cdc.o
 .comment       0x0000004c       0x4d ./Middlewares/ST/STM32_USB_Host_Library/Core/Src/usbh_core.o
 .comment       0x0000004c       0x4d ./Middlewares/ST/STM32_USB_Host_Library/Core/Src/usbh_ctlreq.o
 .comment       0x0000004c       0x4d ./Middlewares/ST/STM32_USB_Host_Library/Core/Src/usbh_ioreq.o
 .comment       0x0000004c       0x4d ./Middlewares/ST/STM32_USB_Host_Library/Core/Src/usbh_pipes.o
 .comment       0x0000004c       0x4d ./USB_HOST/App/usb_host.o
 .comment       0x0000004c       0x4d ./USB_HOST/Target/usbh_conf.o
 .comment       0x0000004c       0x4d ./USB_HOST/Target/usbh_platform.o
 .comment       0x0000004c       0x4d c:/program files (x86)/arm gnu toolchain arm-none-eabi/12.2 mpacbti-bet1/bin/../lib/gcc/arm-none-eabi/12.2.0/thumb/v7e-m+fp/hard\libc_nano.a(libc_a-malloc.o)
 .comment       0x0000004c       0x4d c:/program files (x86)/arm gnu toolchain arm-none-eabi/12.2 mpacbti-bet1/bin/../lib/gcc/arm-none-eabi/12.2.0/thumb/v7e-m+fp/hard\libc_nano.a(libc_a-mallocr.o)
 .comment       0x0000004c       0x4d c:/program files (x86)/arm gnu toolchain arm-none-eabi/12.2 mpacbti-bet1/bin/../lib/gcc/arm-none-eabi/12.2.0/thumb/v7e-m+fp/hard\libc_nano.a(libc_a-mlock.o)
 .comment       0x0000004c       0x4d c:/program files (x86)/arm gnu toolchain arm-none-eabi/12.2 mpacbti-bet1/bin/../lib/gcc/arm-none-eabi/12.2.0/thumb/v7e-m+fp/hard\libc_nano.a(libc_a-findfp.o)
 .comment       0x0000004c       0x4d c:/program files (x86)/arm gnu toolchain arm-none-eabi/12.2 mpacbti-bet1/bin/../lib/gcc/arm-none-eabi/12.2.0/thumb/v7e-m+fp/hard\libc_nano.a(libc_a-memset.o)
 .comment       0x0000004c       0x4d c:/program files (x86)/arm gnu toolchain arm-none-eabi/12.2 mpacbti-bet1/bin/../lib/gcc/arm-none-eabi/12.2.0/thumb/v7e-m+fp/hard\libc_nano.a(libc_a-reent.o)
 .comment       0x0000004c       0x4d c:/program files (x86)/arm gnu toolchain arm-none-eabi/12.2 mpacbti-bet1/bin/../lib/gcc/arm-none-eabi/12.2.0/thumb/v7e-m+fp/hard\libc_nano.a(libc_a-impure.o)
 .comment       0x0000004c       0x4d c:/program files (x86)/arm gnu toolchain arm-none-eabi/12.2 mpacbti-bet1/bin/../lib/gcc/arm-none-eabi/12.2.0/thumb/v7e-m+fp/hard\libc_nano.a(libc_a-sbrkr.o)
 .comment       0x0000004c       0x4d c:/program files (x86)/arm gnu toolchain arm-none-eabi/12.2 mpacbti-bet1/bin/../lib/gcc/arm-none-eabi/12.2.0/thumb/v7e-m+fp/hard\libc_nano.a(libc_a-errno.o)
 .comment       0x0000004c       0x4d c:/program files (x86)/arm gnu toolchain arm-none-eabi/12.2 mpacbti-bet1/bin/../lib/gcc/arm-none-eabi/12.2.0/thumb/v7e-m+fp/hard\libc_nano.a(libc_a-init.o)
 .comment       0x0000004c       0x4d c:/program files (x86)/arm gnu toolchain arm-none-eabi/12.2 mpacbti-bet1/bin/../lib/gcc/arm-none-eabi/12.2.0/thumb/v7e-m+fp/hard\libc_nano.a(libc_a-lock.o)
 .comment       0x0000004c       0x4d c:/program files (x86)/arm gnu toolchain arm-none-eabi/12.2 mpacbti-bet1/bin/../lib/gcc/arm-none-eabi/12.2.0/thumb/v7e-m+fp/hard\libc_nano.a(libc_a-freer.o)
 .comment       0x0000004c       0x4d c:/program files (x86)/arm gnu toolchain arm-none-eabi/12.2 mpacbti-bet1/bin/../lib/gcc/arm-none-eabi/12.2.0/thumb/v7e-m+fp/hard\libgcc.a(_udivmoddi4.o)
 .comment       0x0000004c       0x4d c:/program files (x86)/arm gnu toolchain arm-none-eabi/12.2 mpacbti-bet1/bin/../lib/gcc/arm-none-eabi/12.2.0/thumb/v7e-m+fp/hard/crtend.o

.debug_info     0x00000000    0x1a0ad
 .debug_info    0x00000000     0x10d9 ./Core/Src/main.o
 .debug_info    0x000010d9      0xfdb ./Core/Src/stm32f4xx_hal_msp.o
 .debug_info    0x000020b4      0x638 ./Core/Src/stm32f4xx_it.o
 .debug_info    0x000026ec      0x168 ./Core/Src/sysmem.o
 .debug_info    0x00002854      0x512 ./Core/Src/system_stm32f4xx.o
 .debug_info    0x00002d66       0x2e ./Core/Startup/startup_stm32f407vgtx.o
 .debug_info    0x00002d94      0x948 ./Drivers/STM32F4xx_HAL_Driver/Src/stm32f4xx_hal.o
 .debug_info    0x000036dc      0xd46 ./Drivers/STM32F4xx_HAL_Driver/Src/stm32f4xx_hal_cortex.o
 .debug_info    0x00004422      0x6c3 ./Drivers/STM32F4xx_HAL_Driver/Src/stm32f4xx_hal_gpio.o
 .debug_info    0x00004ae5      0xfea ./Drivers/STM32F4xx_HAL_Driver/Src/stm32f4xx_hal_hcd.o
 .debug_info    0x00005acf     0x23e1 ./Drivers/STM32F4xx_HAL_Driver/Src/stm32f4xx_hal_i2c.o
 .debug_info    0x00007eb0      0xdf8 ./Drivers/STM32F4xx_HAL_Driver/Src/stm32f4xx_hal_i2s.o
 .debug_info    0x00008ca8      0xaeb ./Drivers/STM32F4xx_HAL_Driver/Src/stm32f4xx_hal_i2s_ex.o
 .debug_info    0x00009793      0x8b1 ./Drivers/STM32F4xx_HAL_Driver/Src/stm32f4xx_hal_rcc.o
 .debug_info    0x0000a044      0x53a ./Drivers/STM32F4xx_HAL_Driver/Src/stm32f4xx_hal_rcc_ex.o
 .debug_info    0x0000a57e     0x15fb ./Drivers/STM32F4xx_HAL_Driver/Src/stm32f4xx_hal_spi.o
 .debug_info    0x0000bb79     0x18f6 ./Drivers/STM32F4xx_HAL_Driver/Src/stm32f4xx_ll_usb.o
 .debug_info    0x0000d46f     0x1474 ./Middlewares/ST/STM32_USB_Host_Library/Class/CDC/Src/usbh_cdc.o
 .debug_info    0x0000e8e3      0xf90 ./Middlewares/ST/STM32_USB_Host_Library/Core/Src/usbh_core.o
 .debug_info    0x0000f873      0xf86 ./Middlewares/ST/STM32_USB_Host_Library/Core/Src/usbh_ctlreq.o
 .debug_info    0x000107f9      0xc2b ./Middlewares/ST/STM32_USB_Host_Library/Core/Src/usbh_ioreq.o
 .debug_info    0x00011424      0xa8e ./Middlewares/ST/STM32_USB_Host_Library/Core/Src/usbh_pipes.o
 .debug_info    0x00011eb2      0xa10 ./USB_HOST/App/usb_host.o
 .debug_info    0x000128c2     0x1c64 ./USB_HOST/Target/usbh_conf.o
 .debug_info    0x00014526      0x1d8 ./USB_HOST/Target/usbh_platform.o
 .debug_info    0x000146fe      0x793 c:/program files (x86)/arm gnu toolchain arm-none-eabi/12.2 mpacbti-bet1/bin/../lib/gcc/arm-none-eabi/12.2.0/thumb/v7e-m+fp/hard\libc_nano.a(libc_a-malloc.o)
 .debug_info    0x00014e91      0x9b5 c:/program files (x86)/arm gnu toolchain arm-none-eabi/12.2 mpacbti-bet1/bin/../lib/gcc/arm-none-eabi/12.2.0/thumb/v7e-m+fp/hard\libc_nano.a(libc_a-mallocr.o)
 .debug_info    0x00015846      0x76a c:/program files (x86)/arm gnu toolchain arm-none-eabi/12.2 mpacbti-bet1/bin/../lib/gcc/arm-none-eabi/12.2.0/thumb/v7e-m+fp/hard\libc_nano.a(libc_a-mlock.o)
 .debug_info    0x00015fb0      0xf8f c:/program files (x86)/arm gnu toolchain arm-none-eabi/12.2 mpacbti-bet1/bin/../lib/gcc/arm-none-eabi/12.2.0/thumb/v7e-m+fp/hard\libc_nano.a(libc_a-findfp.o)
 .debug_info    0x00016f3f       0xe0 c:/program files (x86)/arm gnu toolchain arm-none-eabi/12.2 mpacbti-bet1/bin/../lib/gcc/arm-none-eabi/12.2.0/thumb/v7e-m+fp/hard\libc_nano.a(libc_a-memset.o)
 .debug_info    0x0001701f      0x854 c:/program files (x86)/arm gnu toolchain arm-none-eabi/12.2 mpacbti-bet1/bin/../lib/gcc/arm-none-eabi/12.2.0/thumb/v7e-m+fp/hard\libc_nano.a(libc_a-reent.o)
 .debug_info    0x00017873      0x714 c:/program files (x86)/arm gnu toolchain arm-none-eabi/12.2 mpacbti-bet1/bin/../lib/gcc/arm-none-eabi/12.2.0/thumb/v7e-m+fp/hard\libc_nano.a(libc_a-impure.o)
 .debug_info    0x00017f87      0x77b c:/program files (x86)/arm gnu toolchain arm-none-eabi/12.2 mpacbti-bet1/bin/../lib/gcc/arm-none-eabi/12.2.0/thumb/v7e-m+fp/hard\libc_nano.a(libc_a-sbrkr.o)
 .debug_info    0x00018702      0x6fa c:/program files (x86)/arm gnu toolchain arm-none-eabi/12.2 mpacbti-bet1/bin/../lib/gcc/arm-none-eabi/12.2.0/thumb/v7e-m+fp/hard\libc_nano.a(libc_a-errno.o)
 .debug_info    0x00018dfc      0x10b c:/program files (x86)/arm gnu toolchain arm-none-eabi/12.2 mpacbti-bet1/bin/../lib/gcc/arm-none-eabi/12.2.0/thumb/v7e-m+fp/hard\libc_nano.a(libc_a-init.o)
 .debug_info    0x00018f07      0x20a c:/program files (x86)/arm gnu toolchain arm-none-eabi/12.2 mpacbti-bet1/bin/../lib/gcc/arm-none-eabi/12.2.0/thumb/v7e-m+fp/hard\libc_nano.a(libc_a-lock.o)
 .debug_info    0x00019111      0x84a c:/program files (x86)/arm gnu toolchain arm-none-eabi/12.2 mpacbti-bet1/bin/../lib/gcc/arm-none-eabi/12.2.0/thumb/v7e-m+fp/hard\libc_nano.a(libc_a-freer.o)
 .debug_info    0x0001995b       0x24 c:/program files (x86)/arm gnu toolchain arm-none-eabi/12.2 mpacbti-bet1/bin/../lib/gcc/arm-none-eabi/12.2.0/thumb/v7e-m+fp/hard\libgcc.a(_aeabi_uldivmod.o)
 .debug_info    0x0001997f      0x6f5 c:/program files (x86)/arm gnu toolchain arm-none-eabi/12.2 mpacbti-bet1/bin/../lib/gcc/arm-none-eabi/12.2.0/thumb/v7e-m+fp/hard\libgcc.a(_udivmoddi4.o)
 .debug_info    0x0001a074       0x39 c:/program files (x86)/arm gnu toolchain arm-none-eabi/12.2 mpacbti-bet1/bin/../lib/gcc/arm-none-eabi/12.2.0/thumb/v7e-m+fp/hard\libgcc.a(_dvmd_tls.o)

.debug_abbrev   0x00000000     0x4eef
 .debug_abbrev  0x00000000      0x272 ./Core/Src/main.o
 .debug_abbrev  0x00000272      0x21e ./Core/Src/stm32f4xx_hal_msp.o
 .debug_abbrev  0x00000490      0x1a4 ./Core/Src/stm32f4xx_it.o
 .debug_abbrev  0x00000634       0xbc ./Core/Src/sysmem.o
 .debug_abbrev  0x000006f0      0x11a ./Core/Src/system_stm32f4xx.o
 .debug_abbrev  0x0000080a       0x1d ./Core/Startup/startup_stm32f407vgtx.o
 .debug_abbrev  0x00000827      0x213 ./Drivers/STM32F4xx_HAL_Driver/Src/stm32f4xx_hal.o
 .debug_abbrev  0x00000a3a      0x327 ./Drivers/STM32F4xx_HAL_Driver/Src/stm32f4xx_hal_cortex.o
 .debug_abbrev  0x00000d61      0x1d4 ./Drivers/STM32F4xx_HAL_Driver/Src/stm32f4xx_hal_gpio.o
 .debug_abbrev  0x00000f35      0x291 ./Drivers/STM32F4xx_HAL_Driver/Src/stm32f4xx_hal_hcd.o
 .debug_abbrev  0x000011c6      0x2ad ./Drivers/STM32F4xx_HAL_Driver/Src/stm32f4xx_hal_i2c.o
 .debug_abbrev  0x00001473      0x256 ./Drivers/STM32F4xx_HAL_Driver/Src/stm32f4xx_hal_i2s.o
 .debug_abbrev  0x000016c9      0x288 ./Drivers/STM32F4xx_HAL_Driver/Src/stm32f4xx_hal_i2s_ex.o
 .debug_abbrev  0x00001951      0x2b6 ./Drivers/STM32F4xx_HAL_Driver/Src/stm32f4xx_hal_rcc.o
 .debug_abbrev  0x00001c07      0x1af ./Drivers/STM32F4xx_HAL_Driver/Src/stm32f4xx_hal_rcc_ex.o
 .debug_abbrev  0x00001db6      0x284 ./Drivers/STM32F4xx_HAL_Driver/Src/stm32f4xx_hal_spi.o
 .debug_abbrev  0x0000203a      0x2ac ./Drivers/STM32F4xx_HAL_Driver/Src/stm32f4xx_ll_usb.o
 .debug_abbrev  0x000022e6      0x33b ./Middlewares/ST/STM32_USB_Host_Library/Class/CDC/Src/usbh_cdc.o
 .debug_abbrev  0x00002621      0x327 ./Middlewares/ST/STM32_USB_Host_Library/Core/Src/usbh_core.o
 .debug_abbrev  0x00002948      0x2fc ./Middlewares/ST/STM32_USB_Host_Library/Core/Src/usbh_ctlreq.o
 .debug_abbrev  0x00002c44      0x245 ./Middlewares/ST/STM32_USB_Host_Library/Core/Src/usbh_ioreq.o
 .debug_abbrev  0x00002e89      0x281 ./Middlewares/ST/STM32_USB_Host_Library/Core/Src/usbh_pipes.o
 .debug_abbrev  0x0000310a      0x26e ./USB_HOST/App/usb_host.o
 .debug_abbrev  0x00003378      0x3c2 ./USB_HOST/Target/usbh_conf.o
 .debug_abbrev  0x0000373a      0x114 ./USB_HOST/Target/usbh_platform.o
 .debug_abbrev  0x0000384e      0x1cf c:/program files (x86)/arm gnu toolchain arm-none-eabi/12.2 mpacbti-bet1/bin/../lib/gcc/arm-none-eabi/12.2.0/thumb/v7e-m+fp/hard\libc_nano.a(libc_a-malloc.o)
 .debug_abbrev  0x00003a1d      0x24a c:/program files (x86)/arm gnu toolchain arm-none-eabi/12.2 mpacbti-bet1/bin/../lib/gcc/arm-none-eabi/12.2.0/thumb/v7e-m+fp/hard\libc_nano.a(libc_a-mallocr.o)
 .debug_abbrev  0x00003c67      0x1bf c:/program files (x86)/arm gnu toolchain arm-none-eabi/12.2 mpacbti-bet1/bin/../lib/gcc/arm-none-eabi/12.2.0/thumb/v7e-m+fp/hard\libc_nano.a(libc_a-mlock.o)
 .debug_abbrev  0x00003e26      0x40c c:/program files (x86)/arm gnu toolchain arm-none-eabi/12.2 mpacbti-bet1/bin/../lib/gcc/arm-none-eabi/12.2.0/thumb/v7e-m+fp/hard\libc_nano.a(libc_a-findfp.o)
 .debug_abbrev  0x00004232       0x9e c:/program files (x86)/arm gnu toolchain arm-none-eabi/12.2 mpacbti-bet1/bin/../lib/gcc/arm-none-eabi/12.2.0/thumb/v7e-m+fp/hard\libc_nano.a(libc_a-memset.o)
 .debug_abbrev  0x000042d0      0x1ed c:/program files (x86)/arm gnu toolchain arm-none-eabi/12.2 mpacbti-bet1/bin/../lib/gcc/arm-none-eabi/12.2.0/thumb/v7e-m+fp/hard\libc_nano.a(libc_a-reent.o)
 .debug_abbrev  0x000044bd      0x149 c:/program files (x86)/arm gnu toolchain arm-none-eabi/12.2 mpacbti-bet1/bin/../lib/gcc/arm-none-eabi/12.2.0/thumb/v7e-m+fp/hard\libc_nano.a(libc_a-impure.o)
 .debug_abbrev  0x00004606      0x1da c:/program files (x86)/arm gnu toolchain arm-none-eabi/12.2 mpacbti-bet1/bin/../lib/gcc/arm-none-eabi/12.2.0/thumb/v7e-m+fp/hard\libc_nano.a(libc_a-sbrkr.o)
 .debug_abbrev  0x000047e0      0x15e c:/program files (x86)/arm gnu toolchain arm-none-eabi/12.2 mpacbti-bet1/bin/../lib/gcc/arm-none-eabi/12.2.0/thumb/v7e-m+fp/hard\libc_nano.a(libc_a-errno.o)
 .debug_abbrev  0x0000493e       0xc9 c:/program files (x86)/arm gnu toolchain arm-none-eabi/12.2 mpacbti-bet1/bin/../lib/gcc/arm-none-eabi/12.2.0/thumb/v7e-m+fp/hard\libc_nano.a(libc_a-init.o)
 .debug_abbrev  0x00004a07      0x115 c:/program files (x86)/arm gnu toolchain arm-none-eabi/12.2 mpacbti-bet1/bin/../lib/gcc/arm-none-eabi/12.2.0/thumb/v7e-m+fp/hard\libc_nano.a(libc_a-lock.o)
 .debug_abbrev  0x00004b1c      0x236 c:/program files (x86)/arm gnu toolchain arm-none-eabi/12.2 mpacbti-bet1/bin/../lib/gcc/arm-none-eabi/12.2.0/thumb/v7e-m+fp/hard\libc_nano.a(libc_a-freer.o)
 .debug_abbrev  0x00004d52       0x14 c:/program files (x86)/arm gnu toolchain arm-none-eabi/12.2 mpacbti-bet1/bin/../lib/gcc/arm-none-eabi/12.2.0/thumb/v7e-m+fp/hard\libgcc.a(_aeabi_uldivmod.o)
 .debug_abbrev  0x00004d66      0x16a c:/program files (x86)/arm gnu toolchain arm-none-eabi/12.2 mpacbti-bet1/bin/../lib/gcc/arm-none-eabi/12.2.0/thumb/v7e-m+fp/hard\libgcc.a(_udivmoddi4.o)
 .debug_abbrev  0x00004ed0       0x1f c:/program files (x86)/arm gnu toolchain arm-none-eabi/12.2 mpacbti-bet1/bin/../lib/gcc/arm-none-eabi/12.2.0/thumb/v7e-m+fp/hard\libgcc.a(_dvmd_tls.o)

.debug_aranges  0x00000000     0x13a0
 .debug_aranges
                0x00000000       0x50 ./Core/Src/main.o
 .debug_aranges
                0x00000050       0x50 ./Core/Src/stm32f4xx_hal_msp.o
 .debug_aranges
                0x000000a0       0x68 ./Core/Src/stm32f4xx_it.o
 .debug_aranges
                0x00000108       0x20 ./Core/Src/sysmem.o
 .debug_aranges
                0x00000128       0x28 ./Core/Src/system_stm32f4xx.o
 .debug_aranges
                0x00000150       0x28 ./Core/Startup/startup_stm32f407vgtx.o
 .debug_aranges
                0x00000178       0xf0 ./Drivers/STM32F4xx_HAL_Driver/Src/stm32f4xx_hal.o
 .debug_aranges
                0x00000268      0x118 ./Drivers/STM32F4xx_HAL_Driver/Src/stm32f4xx_hal_cortex.o
 .debug_aranges
                0x00000380       0x58 ./Drivers/STM32F4xx_HAL_Driver/Src/stm32f4xx_hal_gpio.o
 .debug_aranges
                0x000003d8       0xf8 ./Drivers/STM32F4xx_HAL_Driver/Src/stm32f4xx_hal_hcd.o
 .debug_aranges
                0x000004d0      0x2a0 ./Drivers/STM32F4xx_HAL_Driver/Src/stm32f4xx_hal_i2c.o
 .debug_aranges
                0x00000770      0x108 ./Drivers/STM32F4xx_HAL_Driver/Src/stm32f4xx_hal_i2s.o
 .debug_aranges
                0x00000878       0x88 ./Drivers/STM32F4xx_HAL_Driver/Src/stm32f4xx_hal_i2s_ex.o
 .debug_aranges
                0x00000900       0x88 ./Drivers/STM32F4xx_HAL_Driver/Src/stm32f4xx_hal_rcc.o
 .debug_aranges
                0x00000988       0x48 ./Drivers/STM32F4xx_HAL_Driver/Src/stm32f4xx_hal_rcc_ex.o
 .debug_aranges
                0x000009d0      0x1d0 ./Drivers/STM32F4xx_HAL_Driver/Src/stm32f4xx_hal_spi.o
 .debug_aranges
                0x00000ba0      0x1a0 ./Drivers/STM32F4xx_HAL_Driver/Src/stm32f4xx_ll_usb.o
 .debug_aranges
                0x00000d40       0xa8 ./Middlewares/ST/STM32_USB_Host_Library/Class/CDC/Src/usbh_cdc.o
 .debug_aranges
                0x00000de8       0xc0 ./Middlewares/ST/STM32_USB_Host_Library/Core/Src/usbh_core.o
 .debug_aranges
                0x00000ea8       0xa0 ./Middlewares/ST/STM32_USB_Host_Library/Core/Src/usbh_ctlreq.o
 .debug_aranges
                0x00000f48       0x60 ./Middlewares/ST/STM32_USB_Host_Library/Core/Src/usbh_ioreq.o
 .debug_aranges
                0x00000fa8       0x40 ./Middlewares/ST/STM32_USB_Host_Library/Core/Src/usbh_pipes.o
 .debug_aranges
                0x00000fe8       0x30 ./USB_HOST/App/usb_host.o
 .debug_aranges
                0x00001018       0xd8 ./USB_HOST/Target/usbh_conf.o
 .debug_aranges
                0x000010f0       0x20 ./USB_HOST/Target/usbh_platform.o
 .debug_aranges
                0x00001110       0x28 c:/program files (x86)/arm gnu toolchain arm-none-eabi/12.2 mpacbti-bet1/bin/../lib/gcc/arm-none-eabi/12.2.0/thumb/v7e-m+fp/hard\libc_nano.a(libc_a-malloc.o)
 .debug_aranges
                0x00001138       0x28 c:/program files (x86)/arm gnu toolchain arm-none-eabi/12.2 mpacbti-bet1/bin/../lib/gcc/arm-none-eabi/12.2.0/thumb/v7e-m+fp/hard\libc_nano.a(libc_a-mallocr.o)
 .debug_aranges
                0x00001160       0x28 c:/program files (x86)/arm gnu toolchain arm-none-eabi/12.2 mpacbti-bet1/bin/../lib/gcc/arm-none-eabi/12.2.0/thumb/v7e-m+fp/hard\libc_nano.a(libc_a-mlock.o)
 .debug_aranges
                0x00001188       0x78 c:/program files (x86)/arm gnu toolchain arm-none-eabi/12.2 mpacbti-bet1/bin/../lib/gcc/arm-none-eabi/12.2.0/thumb/v7e-m+fp/hard\libc_nano.a(libc_a-findfp.o)
 .debug_aranges
                0x00001200       0x20 c:/program files (x86)/arm gnu toolchain arm-none-eabi/12.2 mpacbti-bet1/bin/../lib/gcc/arm-none-eabi/12.2.0/thumb/v7e-m+fp/hard\libc_nano.a(libc_a-memset.o)
 .debug_aranges
                0x00001220       0x20 c:/program files (x86)/arm gnu toolchain arm-none-eabi/12.2 mpacbti-bet1/bin/../lib/gcc/arm-none-eabi/12.2.0/thumb/v7e-m+fp/hard\libc_nano.a(libc_a-reent.o)
 .debug_aranges
                0x00001240       0x18 c:/program files (x86)/arm gnu toolchain arm-none-eabi/12.2 mpacbti-bet1/bin/../lib/gcc/arm-none-eabi/12.2.0/thumb/v7e-m+fp/hard\libc_nano.a(libc_a-impure.o)
 .debug_aranges
                0x00001258       0x20 c:/program files (x86)/arm gnu toolchain arm-none-eabi/12.2 mpacbti-bet1/bin/../lib/gcc/arm-none-eabi/12.2.0/thumb/v7e-m+fp/hard\libc_nano.a(libc_a-sbrkr.o)
 .debug_aranges
                0x00001278       0x20 c:/program files (x86)/arm gnu toolchain arm-none-eabi/12.2 mpacbti-bet1/bin/../lib/gcc/arm-none-eabi/12.2.0/thumb/v7e-m+fp/hard\libc_nano.a(libc_a-errno.o)
 .debug_aranges
                0x00001298       0x20 c:/program files (x86)/arm gnu toolchain arm-none-eabi/12.2 mpacbti-bet1/bin/../lib/gcc/arm-none-eabi/12.2.0/thumb/v7e-m+fp/hard\libc_nano.a(libc_a-init.o)
 .debug_aranges
                0x000012b8       0x68 c:/program files (x86)/arm gnu toolchain arm-none-eabi/12.2 mpacbti-bet1/bin/../lib/gcc/arm-none-eabi/12.2.0/thumb/v7e-m+fp/hard\libc_nano.a(libc_a-lock.o)
 .debug_aranges
                0x00001320       0x20 c:/program files (x86)/arm gnu toolchain arm-none-eabi/12.2 mpacbti-bet1/bin/../lib/gcc/arm-none-eabi/12.2.0/thumb/v7e-m+fp/hard\libc_nano.a(libc_a-freer.o)
 .debug_aranges
                0x00001340       0x20 c:/program files (x86)/arm gnu toolchain arm-none-eabi/12.2 mpacbti-bet1/bin/../lib/gcc/arm-none-eabi/12.2.0/thumb/v7e-m+fp/hard\libgcc.a(_aeabi_uldivmod.o)
 .debug_aranges
                0x00001360       0x20 c:/program files (x86)/arm gnu toolchain arm-none-eabi/12.2 mpacbti-bet1/bin/../lib/gcc/arm-none-eabi/12.2.0/thumb/v7e-m+fp/hard\libgcc.a(_udivmoddi4.o)
 .debug_aranges
                0x00001380       0x20 c:/program files (x86)/arm gnu toolchain arm-none-eabi/12.2 mpacbti-bet1/bin/../lib/gcc/arm-none-eabi/12.2.0/thumb/v7e-m+fp/hard\libgcc.a(_dvmd_tls.o)

.debug_rnglists
                0x00000000      0xf46
 .debug_rnglists
                0x00000000       0x39 ./Core/Src/main.o
 .debug_rnglists
                0x00000039       0x3a ./Core/Src/stm32f4xx_hal_msp.o
 .debug_rnglists
                0x00000073       0x49 ./Core/Src/stm32f4xx_it.o
 .debug_rnglists
                0x000000bc       0x13 ./Core/Src/sysmem.o
 .debug_rnglists
                0x000000cf       0x1a ./Core/Src/system_stm32f4xx.o
 .debug_rnglists
                0x000000e9       0x19 ./Core/Startup/startup_stm32f407vgtx.o
 .debug_rnglists
                0x00000102       0xaf ./Drivers/STM32F4xx_HAL_Driver/Src/stm32f4xx_hal.o
 .debug_rnglists
                0x000001b1       0xce ./Drivers/STM32F4xx_HAL_Driver/Src/stm32f4xx_hal_cortex.o
 .debug_rnglists
                0x0000027f       0x3f ./Drivers/STM32F4xx_HAL_Driver/Src/stm32f4xx_hal_gpio.o
 .debug_rnglists
                0x000002be       0xbd ./Drivers/STM32F4xx_HAL_Driver/Src/stm32f4xx_hal_hcd.o
 .debug_rnglists
                0x0000037b      0x235 ./Drivers/STM32F4xx_HAL_Driver/Src/stm32f4xx_hal_i2c.o
 .debug_rnglists
                0x000005b0       0xcc ./Drivers/STM32F4xx_HAL_Driver/Src/stm32f4xx_hal_i2s.o
 .debug_rnglists
                0x0000067c       0x6a ./Drivers/STM32F4xx_HAL_Driver/Src/stm32f4xx_hal_i2s_ex.o
 .debug_rnglists
                0x000006e6       0x66 ./Drivers/STM32F4xx_HAL_Driver/Src/stm32f4xx_hal_rcc.o
 .debug_rnglists
                0x0000074c       0x35 ./Drivers/STM32F4xx_HAL_Driver/Src/stm32f4xx_hal_rcc_ex.o
 .debug_rnglists
                0x00000781      0x16f ./Drivers/STM32F4xx_HAL_Driver/Src/stm32f4xx_hal_spi.o
 .debug_rnglists
                0x000008f0      0x148 ./Drivers/STM32F4xx_HAL_Driver/Src/stm32f4xx_ll_usb.o
 .debug_rnglists
                0x00000a38       0x7e ./Middlewares/ST/STM32_USB_Host_Library/Class/CDC/Src/usbh_cdc.o
 .debug_rnglists
                0x00000ab6       0x8f ./Middlewares/ST/STM32_USB_Host_Library/Core/Src/usbh_core.o
 .debug_rnglists
                0x00000b45       0x77 ./Middlewares/ST/STM32_USB_Host_Library/Core/Src/usbh_ctlreq.o
 .debug_rnglists
                0x00000bbc       0x43 ./Middlewares/ST/STM32_USB_Host_Library/Core/Src/usbh_ioreq.o
 .debug_rnglists
                0x00000bff       0x2b ./Middlewares/ST/STM32_USB_Host_Library/Core/Src/usbh_pipes.o
 .debug_rnglists
                0x00000c2a       0x1f ./USB_HOST/App/usb_host.o
 .debug_rnglists
                0x00000c49       0x9e ./USB_HOST/Target/usbh_conf.o
 .debug_rnglists
                0x00000ce7       0x13 ./USB_HOST/Target/usbh_platform.o
 .debug_rnglists
                0x00000cfa       0x19 c:/program files (x86)/arm gnu toolchain arm-none-eabi/12.2 mpacbti-bet1/bin/../lib/gcc/arm-none-eabi/12.2.0/thumb/v7e-m+fp/hard\libc_nano.a(libc_a-malloc.o)
 .debug_rnglists
                0x00000d13       0x2c c:/program files (x86)/arm gnu toolchain arm-none-eabi/12.2 mpacbti-bet1/bin/../lib/gcc/arm-none-eabi/12.2.0/thumb/v7e-m+fp/hard\libc_nano.a(libc_a-mallocr.o)
 .debug_rnglists
                0x00000d3f       0x19 c:/program files (x86)/arm gnu toolchain arm-none-eabi/12.2 mpacbti-bet1/bin/../lib/gcc/arm-none-eabi/12.2.0/thumb/v7e-m+fp/hard\libc_nano.a(libc_a-mlock.o)
 .debug_rnglists
                0x00000d58       0x7a c:/program files (x86)/arm gnu toolchain arm-none-eabi/12.2 mpacbti-bet1/bin/../lib/gcc/arm-none-eabi/12.2.0/thumb/v7e-m+fp/hard\libc_nano.a(libc_a-findfp.o)
 .debug_rnglists
                0x00000dd2       0x13 c:/program files (x86)/arm gnu toolchain arm-none-eabi/12.2 mpacbti-bet1/bin/../lib/gcc/arm-none-eabi/12.2.0/thumb/v7e-m+fp/hard\libc_nano.a(libc_a-memset.o)
 .debug_rnglists
                0x00000de5       0x30 c:/program files (x86)/arm gnu toolchain arm-none-eabi/12.2 mpacbti-bet1/bin/../lib/gcc/arm-none-eabi/12.2.0/thumb/v7e-m+fp/hard\libc_nano.a(libc_a-reent.o)
 .debug_rnglists
                0x00000e15       0x13 c:/program files (x86)/arm gnu toolchain arm-none-eabi/12.2 mpacbti-bet1/bin/../lib/gcc/arm-none-eabi/12.2.0/thumb/v7e-m+fp/hard\libc_nano.a(libc_a-sbrkr.o)
 .debug_rnglists
                0x00000e28       0x13 c:/program files (x86)/arm gnu toolchain arm-none-eabi/12.2 mpacbti-bet1/bin/../lib/gcc/arm-none-eabi/12.2.0/thumb/v7e-m+fp/hard\libc_nano.a(libc_a-errno.o)
 .debug_rnglists
                0x00000e3b       0x13 c:/program files (x86)/arm gnu toolchain arm-none-eabi/12.2 mpacbti-bet1/bin/../lib/gcc/arm-none-eabi/12.2.0/thumb/v7e-m+fp/hard\libc_nano.a(libc_a-init.o)
 .debug_rnglists
                0x00000e4e       0x49 c:/program files (x86)/arm gnu toolchain arm-none-eabi/12.2 mpacbti-bet1/bin/../lib/gcc/arm-none-eabi/12.2.0/thumb/v7e-m+fp/hard\libc_nano.a(libc_a-lock.o)
 .debug_rnglists
                0x00000e97       0x14 c:/program files (x86)/arm gnu toolchain arm-none-eabi/12.2 mpacbti-bet1/bin/../lib/gcc/arm-none-eabi/12.2.0/thumb/v7e-m+fp/hard\libc_nano.a(libc_a-freer.o)
 .debug_rnglists
                0x00000eab       0x9b c:/program files (x86)/arm gnu toolchain arm-none-eabi/12.2 mpacbti-bet1/bin/../lib/gcc/arm-none-eabi/12.2.0/thumb/v7e-m+fp/hard\libgcc.a(_udivmoddi4.o)

.debug_macro    0x00000000    0x23349
 .debug_macro   0x00000000      0x21f ./Core/Src/main.o
 .debug_macro   0x0000021f      0xacc ./Core/Src/main.o
 .debug_macro   0x00000ceb      0x2a7 ./Core/Src/main.o
 .debug_macro   0x00000f92       0x2e ./Core/Src/main.o
 .debug_macro   0x00000fc0       0x2f ./Core/Src/main.o
 .debug_macro   0x00000fef       0x22 ./Core/Src/main.o
 .debug_macro   0x00001011       0x8e ./Core/Src/main.o
 .debug_macro   0x0000109f       0x51 ./Core/Src/main.o
 .debug_macro   0x000010f0      0x103 ./Core/Src/main.o
 .debug_macro   0x000011f3       0x6a ./Core/Src/main.o
 .debug_macro   0x0000125d      0x1df ./Core/Src/main.o
 .debug_macro   0x0000143c       0x1c ./Core/Src/main.o
 .debug_macro   0x00001458       0x22 ./Core/Src/main.o
 .debug_macro   0x0000147a       0xd9 ./Core/Src/main.o
 .debug_macro   0x00001553     0x102d ./Core/Src/main.o
 .debug_macro   0x00002580      0x11f ./Core/Src/main.o
 .debug_macro   0x0000269f    0x15e82 ./Core/Src/main.o
 .debug_macro   0x00018521       0x6d ./Core/Src/main.o
 .debug_macro   0x0001858e     0x367e ./Core/Src/main.o
 .debug_macro   0x0001bc0c      0x189 ./Core/Src/main.o
 .debug_macro   0x0001bd95       0x5c ./Core/Src/main.o
 .debug_macro   0x0001bdf1      0x96b ./Core/Src/main.o
 .debug_macro   0x0001c75c      0x9fe ./Core/Src/main.o
 .debug_macro   0x0001d15a      0x115 ./Core/Src/main.o
 .debug_macro   0x0001d26f      0x13e ./Core/Src/main.o
 .debug_macro   0x0001d3ad       0xa5 ./Core/Src/main.o
 .debug_macro   0x0001d452      0x174 ./Core/Src/main.o
 .debug_macro   0x0001d5c6      0x287 ./Core/Src/main.o
 .debug_macro   0x0001d84d       0x5f ./Core/Src/main.o
 .debug_macro   0x0001d8ac      0x236 ./Core/Src/main.o
 .debug_macro   0x0001dae2      0x12c ./Core/Src/main.o
 .debug_macro   0x0001dc0e      0x21e ./Core/Src/main.o
 .debug_macro   0x0001de2c       0x2e ./Core/Src/main.o
 .debug_macro   0x0001de5a      0x1b5 ./Core/Src/main.o
 .debug_macro   0x0001e00f       0xd6 ./Core/Src/main.o
 .debug_macro   0x0001e0e5      0x1a7 ./Core/Src/main.o
 .debug_macro   0x0001e28c       0x46 ./Core/Src/main.o
 .debug_macro   0x0001e2d2       0x4a ./Core/Src/main.o
 .debug_macro   0x0001e31c      0x11a ./Core/Src/main.o
 .debug_macro   0x0001e436       0x7e ./Core/Src/main.o
 .debug_macro   0x0001e4b4       0x89 ./Core/Src/main.o
 .debug_macro   0x0001e53d      0x225 ./Core/Src/main.o
 .debug_macro   0x0001e762      0x248 ./Core/Src/main.o
 .debug_macro   0x0001e9aa       0x7c ./Core/Src/main.o
 .debug_macro   0x0001ea26      0x12d ./Core/Src/main.o
 .debug_macro   0x0001eb53      0x190 ./Core/Src/main.o
 .debug_macro   0x0001ece3      0x215 ./Core/Src/stm32f4xx_hal_msp.o
 .debug_macro   0x0001eef8      0x21f ./Core/Src/stm32f4xx_it.o
 .debug_macro   0x0001f117       0xff ./Core/Src/sysmem.o
 .debug_macro   0x0001f216      0x23c ./Core/Src/sysmem.o
 .debug_macro   0x0001f452      0x206 ./Core/Src/system_stm32f4xx.o
 .debug_macro   0x0001f658      0x266 ./Drivers/STM32F4xx_HAL_Driver/Src/stm32f4xx_hal.o
 .debug_macro   0x0001f8be      0x206 ./Drivers/STM32F4xx_HAL_Driver/Src/stm32f4xx_hal_cortex.o
 .debug_macro   0x0001fac4      0x20c ./Drivers/STM32F4xx_HAL_Driver/Src/stm32f4xx_hal_gpio.o
 .debug_macro   0x0001fcd0      0x206 ./Drivers/STM32F4xx_HAL_Driver/Src/stm32f4xx_hal_hcd.o
 .debug_macro   0x0001fed6      0x24d ./Drivers/STM32F4xx_HAL_Driver/Src/stm32f4xx_hal_i2c.o
 .debug_macro   0x00020123      0x20e ./Drivers/STM32F4xx_HAL_Driver/Src/stm32f4xx_hal_i2s.o
 .debug_macro   0x00020331      0x206 ./Drivers/STM32F4xx_HAL_Driver/Src/stm32f4xx_hal_i2s_ex.o
 .debug_macro   0x00020537      0x22a ./Drivers/STM32F4xx_HAL_Driver/Src/stm32f4xx_hal_rcc.o
 .debug_macro   0x00020761      0x206 ./Drivers/STM32F4xx_HAL_Driver/Src/stm32f4xx_hal_rcc_ex.o
 .debug_macro   0x00020967      0x215 ./Drivers/STM32F4xx_HAL_Driver/Src/stm32f4xx_hal_spi.o
 .debug_macro   0x00020b7c      0x206 ./Drivers/STM32F4xx_HAL_Driver/Src/stm32f4xx_ll_usb.o
 .debug_macro   0x00020d82      0x3a8 ./Middlewares/ST/STM32_USB_Host_Library/Class/CDC/Src/usbh_cdc.o
 .debug_macro   0x0002112a       0x16 ./Middlewares/ST/STM32_USB_Host_Library/Class/CDC/Src/usbh_cdc.o
 .debug_macro   0x00021140       0x9e ./Middlewares/ST/STM32_USB_Host_Library/Class/CDC/Src/usbh_cdc.o
 .debug_macro   0x000211de      0x10b ./Middlewares/ST/STM32_USB_Host_Library/Class/CDC/Src/usbh_cdc.o
 .debug_macro   0x000212e9       0x16 ./Middlewares/ST/STM32_USB_Host_Library/Class/CDC/Src/usbh_cdc.o
 .debug_macro   0x000212ff       0x16 ./Middlewares/ST/STM32_USB_Host_Library/Class/CDC/Src/usbh_cdc.o
 .debug_macro   0x00021315       0x56 ./Middlewares/ST/STM32_USB_Host_Library/Class/CDC/Src/usbh_cdc.o
 .debug_macro   0x0002136b       0x73 ./Middlewares/ST/STM32_USB_Host_Library/Class/CDC/Src/usbh_cdc.o
 .debug_macro   0x000213de      0x233 ./Middlewares/ST/STM32_USB_Host_Library/Class/CDC/Src/usbh_cdc.o
 .debug_macro   0x00021611       0x2e ./Middlewares/ST/STM32_USB_Host_Library/Class/CDC/Src/usbh_cdc.o
 .debug_macro   0x0002163f       0x2e ./Middlewares/ST/STM32_USB_Host_Library/Class/CDC/Src/usbh_cdc.o
 .debug_macro   0x0002166d       0x28 ./Middlewares/ST/STM32_USB_Host_Library/Class/CDC/Src/usbh_cdc.o
 .debug_macro   0x00021695      0x15c ./Middlewares/ST/STM32_USB_Host_Library/Class/CDC/Src/usbh_cdc.o
 .debug_macro   0x000217f1      0x3a5 ./Middlewares/ST/STM32_USB_Host_Library/Core/Src/usbh_core.o
 .debug_macro   0x00021b96      0x39d ./Middlewares/ST/STM32_USB_Host_Library/Core/Src/usbh_ctlreq.o
 .debug_macro   0x00021f33       0x28 ./Middlewares/ST/STM32_USB_Host_Library/Core/Src/usbh_ctlreq.o
 .debug_macro   0x00021f5b      0x397 ./Middlewares/ST/STM32_USB_Host_Library/Core/Src/usbh_ioreq.o
 .debug_macro   0x000222f2      0x397 ./Middlewares/ST/STM32_USB_Host_Library/Core/Src/usbh_pipes.o
 .debug_macro   0x00022689      0x3a6 ./USB_HOST/App/usb_host.o
 .debug_macro   0x00022a2f       0x61 ./USB_HOST/App/usb_host.o