Archive member included to satisfy reference by file (symbol)

c:/progra~2/armgnu~1/1213fb~1.2mp/bin/../lib/gcc/arm-none-eabi/12.2.0/thumb/v7e-m/nofp\libgcc.a(_aeabi_uldivmod.o)
                              CMakeFiles/testCmake.elf.dir/Drivers/STM32F4xx_HAL_Driver/Src/stm32f4xx_hal_rcc.c.obj (__aeabi_uldivmod)
c:/progra~2/armgnu~1/1213fb~1.2mp/bin/../lib/gcc/arm-none-eabi/12.2.0/thumb/v7e-m/nofp\libgcc.a(_udivmoddi4.o)
                              c:/progra~2/armgnu~1/1213fb~1.2mp/bin/../lib/gcc/arm-none-eabi/12.2.0/thumb/v7e-m/nofp\libgcc.a(_aeabi_uldivmod.o) (__udivmoddi4)
c:/progra~2/armgnu~1/1213fb~1.2mp/bin/../lib/gcc/arm-none-eabi/12.2.0/thumb/v7e-m/nofp\libgcc.a(_dvmd_tls.o)
                              c:/progra~2/armgnu~1/1213fb~1.2mp/bin/../lib/gcc/arm-none-eabi/12.2.0/thumb/v7e-m/nofp\libgcc.a(_aeabi_uldivmod.o) (__aeabi_ldiv0)
c:/progra~2/armgnu~1/1213fb~1.2mp/bin/../lib/gcc/arm-none-eabi/12.2.0/thumb/v7e-m/nofp\libg.a(libc_a-exit.o)
                              c:/progra~2/armgnu~1/1213fb~1.2mp/bin/../lib/gcc/arm-none-eabi/12.2.0/thumb/v7e-m/nofp/crt0.o (exit)
c:/progra~2/armgnu~1/1213fb~1.2mp/bin/../lib/gcc/arm-none-eabi/12.2.0/thumb/v7e-m/nofp\libg.a(libc_a-malloc.o)
                              CMakeFiles/testCmake.elf.dir/Middlewares/ST/STM32_USB_Host_Library/Class/CDC/Src/usbh_cdc.c.obj (malloc)
c:/progra~2/armgnu~1/1213fb~1.2mp/bin/../lib/gcc/arm-none-eabi/12.2.0/thumb/v7e-m/nofp\libg.a(libc_a-mallocr.o)
                              c:/progra~2/armgnu~1/1213fb~1.2mp/bin/../lib/gcc/arm-none-eabi/12.2.0/thumb/v7e-m/nofp\libg.a(libc_a-malloc.o) (_malloc_r)
c:/progra~2/armgnu~1/1213fb~1.2mp/bin/../lib/gcc/arm-none-eabi/12.2.0/thumb/v7e-m/nofp\libg.a(libc_a-mlock.o)
                              c:/progra~2/armgnu~1/1213fb~1.2mp/bin/../lib/gcc/arm-none-eabi/12.2.0/thumb/v7e-m/nofp\libg.a(libc_a-mallocr.o) (__malloc_lock)
c:/progra~2/armgnu~1/1213fb~1.2mp/bin/../lib/gcc/arm-none-eabi/12.2.0/thumb/v7e-m/nofp\libg.a(libc_a-findfp.o)
                              c:/progra~2/armgnu~1/1213fb~1.2mp/bin/../lib/gcc/arm-none-eabi/12.2.0/thumb/v7e-m/nofp\libg.a(libc_a-exit.o) (__stdio_exit_handler)
c:/progra~2/armgnu~1/1213fb~1.2mp/bin/../lib/gcc/arm-none-eabi/12.2.0/thumb/v7e-m/nofp\libg.a(libc_a-fwalk.o)
                              c:/progra~2/armgnu~1/1213fb~1.2mp/bin/../lib/gcc/arm-none-eabi/12.2.0/thumb/v7e-m/nofp\libg.a(libc_a-findfp.o) (_fwalk_sglue)
c:/progra~2/armgnu~1/1213fb~1.2mp/bin/../lib/gcc/arm-none-eabi/12.2.0/thumb/v7e-m/nofp\libg.a(libc_a-stdio.o)
                              c:/progra~2/armgnu~1/1213fb~1.2mp/bin/../lib/gcc/arm-none-eabi/12.2.0/thumb/v7e-m/nofp\libg.a(libc_a-findfp.o) (__sread)
c:/progra~2/armgnu~1/1213fb~1.2mp/bin/../lib/gcc/arm-none-eabi/12.2.0/thumb/v7e-m/nofp\libg.a(libc_a-memset.o)
                              c:/progra~2/armgnu~1/1213fb~1.2mp/bin/../lib/gcc/arm-none-eabi/12.2.0/thumb/v7e-m/nofp/crt0.o (memset)
c:/progra~2/armgnu~1/1213fb~1.2mp/bin/../lib/gcc/arm-none-eabi/12.2.0/thumb/v7e-m/nofp\libg.a(libc_a-closer.o)
                              c:/progra~2/armgnu~1/1213fb~1.2mp/bin/../lib/gcc/arm-none-eabi/12.2.0/thumb/v7e-m/nofp\libg.a(libc_a-stdio.o) (_close_r)
c:/progra~2/armgnu~1/1213fb~1.2mp/bin/../lib/gcc/arm-none-eabi/12.2.0/thumb/v7e-m/nofp\libg.a(libc_a-reent.o)
                              c:/progra~2/armgnu~1/1213fb~1.2mp/bin/../lib/gcc/arm-none-eabi/12.2.0/thumb/v7e-m/nofp\libg.a(libc_a-closer.o) (errno)
c:/progra~2/armgnu~1/1213fb~1.2mp/bin/../lib/gcc/arm-none-eabi/12.2.0/thumb/v7e-m/nofp\libg.a(libc_a-impure.o)
                              c:/progra~2/armgnu~1/1213fb~1.2mp/bin/../lib/gcc/arm-none-eabi/12.2.0/thumb/v7e-m/nofp\libg.a(libc_a-malloc.o) (_impure_ptr)
c:/progra~2/armgnu~1/1213fb~1.2mp/bin/../lib/gcc/arm-none-eabi/12.2.0/thumb/v7e-m/nofp\libg.a(libc_a-lseekr.o)
                              c:/progra~2/armgnu~1/1213fb~1.2mp/bin/../lib/gcc/arm-none-eabi/12.2.0/thumb/v7e-m/nofp\libg.a(libc_a-stdio.o) (_lseek_r)
c:/progra~2/armgnu~1/1213fb~1.2mp/bin/../lib/gcc/arm-none-eabi/12.2.0/thumb/v7e-m/nofp\libg.a(libc_a-readr.o)
                              c:/progra~2/armgnu~1/1213fb~1.2mp/bin/../lib/gcc/arm-none-eabi/12.2.0/thumb/v7e-m/nofp\libg.a(libc_a-stdio.o) (_read_r)
c:/progra~2/armgnu~1/1213fb~1.2mp/bin/../lib/gcc/arm-none-eabi/12.2.0/thumb/v7e-m/nofp\libg.a(libc_a-sbrkr.o)
                              c:/progra~2/armgnu~1/1213fb~1.2mp/bin/../lib/gcc/arm-none-eabi/12.2.0/thumb/v7e-m/nofp\libg.a(libc_a-mallocr.o) (_sbrk_r)
c:/progra~2/armgnu~1/1213fb~1.2mp/bin/../lib/gcc/arm-none-eabi/12.2.0/thumb/v7e-m/nofp\libg.a(libc_a-writer.o)
                              c:/progra~2/armgnu~1/1213fb~1.2mp/bin/../lib/gcc/arm-none-eabi/12.2.0/thumb/v7e-m/nofp\libg.a(libc_a-stdio.o) (_write_r)
c:/progra~2/armgnu~1/1213fb~1.2mp/bin/../lib/gcc/arm-none-eabi/12.2.0/thumb/v7e-m/nofp\libg.a(libc_a-errno.o)
                              CMakeFiles/testCmake.elf.dir/Core/Src/syscalls.c.obj (__errno)
[...]
Memory Configuration

Name             Origin             Length             Attributes
CCMRAM           0x10000000         0x00010000         xrw
RAM              0x20000000         0x00020000         xrw
FLASH            0x08000000         0x00100000         xr
*default*        0x00000000         0xffffffff

Linker script and memory map

LOAD c:/progra~2/armgnu~1/1213fb~1.2mp/bin/../lib/gcc/arm-none-eabi/12.2.0/thumb/v7e-m/nofp/crti.o
LOAD c:/progra~2/armgnu~1/1213fb~1.2mp/bin/../lib/gcc/arm-none-eabi/12.2.0/thumb/v7e-m/nofp/crtbegin.o
LOAD c:/progra~2/armgnu~1/1213fb~1.2mp/bin/../lib/gcc/arm-none-eabi/12.2.0/thumb/v7e-m/nofp/crt0.o
LOAD CMakeFiles/testCmake.elf.dir/Core/Src/main.c.obj
LOAD CMakeFiles/testCmake.elf.dir/Core/Src/stm32f4xx_hal_msp.c.obj
LOAD CMakeFiles/testCmake.elf.dir/Core/Src/stm32f4xx_it.c.obj
LOAD CMakeFiles/testCmake.elf.dir/Core/Src/syscalls.c.obj
LOAD CMakeFiles/testCmake.elf.dir/Core/Src/sysmem.c.obj
LOAD CMakeFiles/testCmake.elf.dir/Core/Src/system_stm32f4xx.c.obj
LOAD CMakeFiles/testCmake.elf.dir/Core/Startup/startup_stm32f407vgtx.s.obj
LOAD CMakeFiles/testCmake.elf.dir/Drivers/STM32F4xx_HAL_Driver/Src/stm32f4xx_hal.c.obj
LOAD CMakeFiles/testCmake.elf.dir/Drivers/STM32F4xx_HAL_Driver/Src/stm32f4xx_hal_cortex.c.obj
LOAD CMakeFiles/testCmake.elf.dir/Drivers/STM32F4xx_HAL_Driver/Src/stm32f4xx_hal_dma.c.obj
LOAD CMakeFiles/testCmake.elf.dir/Drivers/STM32F4xx_HAL_Driver/Src/stm32f4xx_hal_dma_ex.c.obj
LOAD CMakeFiles/testCmake.elf.dir/Drivers/STM32F4xx_HAL_Driver/Src/stm32f4xx_hal_exti.c.obj
LOAD CMakeFiles/testCmake.elf.dir/Drivers/STM32F4xx_HAL_Driver/Src/stm32f4xx_hal_flash.c.obj
LOAD CMakeFiles/testCmake.elf.dir/Drivers/STM32F4xx_HAL_Driver/Src/stm32f4xx_hal_flash_ex.c.obj
LOAD CMakeFiles/testCmake.elf.dir/Drivers/STM32F4xx_HAL_Driver/Src/stm32f4xx_hal_flash_ramfunc.c.obj
LOAD CMakeFiles/testCmake.elf.dir/Drivers/STM32F4xx_HAL_Driver/Src/stm32f4xx_hal_gpio.c.obj
LOAD CMakeFiles/testCmake.elf.dir/Drivers/STM32F4xx_HAL_Driver/Src/stm32f4xx_hal_hcd.c.obj
LOAD CMakeFiles/testCmake.elf.dir/Drivers/STM32F4xx_HAL_Driver/Src/stm32f4xx_hal_i2c.c.obj
LOAD CMakeFiles/testCmake.elf.dir/Drivers/STM32F4xx_HAL_Driver/Src/stm32f4xx_hal_i2c_ex.c.obj
LOAD CMakeFiles/testCmake.elf.dir/Drivers/STM32F4xx_HAL_Driver/Src/stm32f4xx_hal_i2s.c.obj
LOAD CMakeFiles/testCmake.elf.dir/Drivers/STM32F4xx_HAL_Driver/Src/stm32f4xx_hal_i2s_ex.c.obj
LOAD CMakeFiles/testCmake.elf.dir/Drivers/STM32F4xx_HAL_Driver/Src/stm32f4xx_hal_pwr.c.obj
LOAD CMakeFiles/testCmake.elf.dir/Drivers/STM32F4xx_HAL_Driver/Src/stm32f4xx_hal_pwr_ex.c.obj
LOAD CMakeFiles/testCmake.elf.dir/Drivers/STM32F4xx_HAL_Driver/Src/stm32f4xx_hal_rcc.c.obj
LOAD CMakeFiles/testCmake.elf.dir/Drivers/STM32F4xx_HAL_Driver/Src/stm32f4xx_hal_rcc_ex.c.obj
LOAD CMakeFiles/testCmake.elf.dir/Drivers/STM32F4xx_HAL_Driver/Src/stm32f4xx_hal_spi.c.obj
LOAD CMakeFiles/testCmake.elf.dir/Drivers/STM32F4xx_HAL_Driver/Src/stm32f4xx_hal_tim.c.obj
LOAD CMakeFiles/testCmake.elf.dir/Drivers/STM32F4xx_HAL_Driver/Src/stm32f4xx_hal_tim_ex.c.obj
LOAD CMakeFiles/testCmake.elf.dir/Drivers/STM32F4xx_HAL_Driver/Src/stm32f4xx_ll_usb.c.obj
LOAD CMakeFiles/testCmake.elf.dir/Middlewares/ST/STM32_USB_Host_Library/Class/CDC/Src/usbh_cdc.c.obj
LOAD CMakeFiles/testCmake.elf.dir/Middlewares/ST/STM32_USB_Host_Library/Core/Src/usbh_core.c.obj
LOAD CMakeFiles/testCmake.elf.dir/Middlewares/ST/STM32_USB_Host_Library/Core/Src/usbh_ctlreq.c.obj
LOAD CMakeFiles/testCmake.elf.dir/Middlewares/ST/STM32_USB_Host_Library/Core/Src/usbh_ioreq.c.obj
LOAD CMakeFiles/testCmake.elf.dir/Middlewares/ST/STM32_USB_Host_Library/Core/Src/usbh_pipes.c.obj
LOAD CMakeFiles/testCmake.elf.dir/USB_HOST/App/usb_host.c.obj
LOAD CMakeFiles/testCmake.elf.dir/USB_HOST/Target/usbh_conf.c.obj
LOAD CMakeFiles/testCmake.elf.dir/USB_HOST/Target/usbh_platform.c.obj
START GROUP
LOAD c:/progra~2/armgnu~1/1213fb~1.2mp/bin/../lib/gcc/arm-none-eabi/12.2.0/thumb/v7e-m/nofp\libgcc.a
LOAD c:/progra~2/armgnu~1/1213fb~1.2mp/bin/../lib/gcc/arm-none-eabi/12.2.0/thumb/v7e-m/nofp\libg.a
LOAD c:/progra~2/armgnu~1/1213fb~1.2mp/bin/../lib/gcc/arm-none-eabi/12.2.0/thumb/v7e-m/nofp\libc.a
END GROUP
LOAD c:/progra~2/armgnu~1/1213fb~1.2mp/bin/../lib/gcc/arm-none-eabi/12.2.0/thumb/v7e-m/nofp/crtend.o
LOAD c:/progra~2/armgnu~1/1213fb~1.2mp/bin/../lib/gcc/arm-none-eabi/12.2.0/thumb/v7e-m/nofp/crtn.o
                0x20020000                        _estack = (ORIGIN (RAM) + LENGTH (RAM))
                0x00000200                        _Min_Heap_Size = 0x200
                0x00000400                        _Min_Stack_Size = 0x400

.isr_vector     0x08000000      0x188
                0x08000000                        . = ALIGN (0x4)
 *(.isr_vector)
 .isr_vector    0x08000000      0x188 CMakeFiles/testCmake.elf.dir/Core/Startup/startup_stm32f407vgtx.s.obj
                0x08000000                g_pfnVectors
                0x08000188                        . = ALIGN (0x4)

.text           0x08000188     0x50d4
                0x08000188                        . = ALIGN (0x4)
 *(.text)
 .text          0x08000188       0x30 c:/progra~2/armgnu~1/1213fb~1.2mp/bin/../lib/gcc/arm-none-eabi/12.2.0/thumb/v7e-m/nofp\libgcc.a(_aeabi_uldivmod.o)
                0x08000188                __aeabi_uldivmod
 .text          0x080001b8        0x4 c:/progra~2/armgnu~1/1213fb~1.2mp/bin/../lib/gcc/arm-none-eabi/12.2.0/thumb/v7e-m/nofp\libgcc.a(_dvmd_tls.o)
                0x080001b8                __aeabi_idiv0
                0x080001b8                __aeabi_ldiv0
 *(.text*)
 .text.deregister_tm_clones
                0x080001bc       0x1c c:/progra~2/armgnu~1/1213fb~1.2mp/bin/../lib/gcc/arm-none-eabi/12.2.0/thumb/v7e-m/nofp/crtbegin.o
 .text.register_tm_clones
                0x080001d8       0x24 c:/progra~2/armgnu~1/1213fb~1.2mp/bin/../lib/gcc/arm-none-eabi/12.2.0/thumb/v7e-m/nofp/crtbegin.o
 .text.__do_global_dtors_aux
                0x080001fc       0x28 c:/progra~2/armgnu~1/1213fb~1.2mp/bin/../lib/gcc/arm-none-eabi/12.2.0/thumb/v7e-m/nofp/crtbegin.o
 .text.frame_dummy
                0x08000224       0x24 c:/progra~2/armgnu~1/1213fb~1.2mp/bin/../lib/gcc/arm-none-eabi/12.2.0/thumb/v7e-m/nofp/crtbegin.o
 .text.MX_GPIO_Init
                0x08000248      0x188 CMakeFiles/testCmake.elf.dir/Core/Src/main.c.obj
 .text.Error_Handler
                0x080003d0        0x4 CMakeFiles/testCmake.elf.dir/Core/Src/main.c.obj
                0x080003d0                Error_Handler
 .text.MX_I2C1_Init
                0x080003d4       0x38 CMakeFiles/testCmake.elf.dir/Core/Src/main.c.obj
 .text.MX_I2S3_Init
                0x0800040c       0x38 CMakeFiles/testCmake.elf.dir/Core/Src/main.c.obj
 .text.MX_SPI1_Init
                0x08000444       0x40 CMakeFiles/testCmake.elf.dir/Core/Src/main.c.obj
 .text.SystemClock_Config
                0x08000484       0xac CMakeFiles/testCmake.elf.dir/Core/Src/main.c.obj
                0x08000484                SystemClock_Config
 .text.main     0x08000530       0x24 CMakeFiles/testCmake.elf.dir/Core/Src/main.c.obj
                0x08000530                main
 .text.HAL_MspInit
                0x08000554       0x40 CMakeFiles/testCmake.elf.dir/Core/Src/stm32f4xx_hal_msp.c.obj
                0x08000554                HAL_MspInit
 .text.HAL_I2C_MspInit
                0x08000594       0x70 CMakeFiles/testCmake.elf.dir/Core/Src/stm32f4xx_hal_msp.c.obj
                0x08000594                HAL_I2C_MspInit
 .text.HAL_I2S_MspInit
                0x08000604       0xc0 CMakeFiles/testCmake.elf.dir/Core/Src/stm32f4xx_hal_msp.c.obj
                0x08000604                HAL_I2S_MspInit
 .text.HAL_SPI_MspInit
                0x080006c4       0x6c CMakeFiles/testCmake.elf.dir/Core/Src/stm32f4xx_hal_msp.c.obj
                0x080006c4                HAL_SPI_MspInit
 .text.NMI_Handler
                0x08000730        0x2 CMakeFiles/testCmake.elf.dir/Core/Src/stm32f4xx_it.c.obj
                0x08000730                NMI_Handler
 .text.HardFault_Handler
                0x08000732        0x2 CMakeFiles/testCmake.elf.dir/Core/Src/stm32f4xx_it.c.obj
                0x08000732                HardFault_Handler
 .text.MemManage_Handler
                0x08000734        0x2 CMakeFiles/testCmake.elf.dir/Core/Src/stm32f4xx_it.c.obj
                0x08000734                MemManage_Handler
 .text.BusFault_Handler
                0x08000736        0x2 CMakeFiles/testCmake.elf.dir/Core/Src/stm32f4xx_it.c.obj
                0x08000736                BusFault_Handler
 .text.UsageFault_Handler
                0x08000738        0x2 CMakeFiles/testCmake.elf.dir/Core/Src/stm32f4xx_it.c.obj
                0x08000738                UsageFault_Handler
 .text.SVC_Handler
                0x0800073a        0x2 CMakeFiles/testCmake.elf.dir/Core/Src/stm32f4xx_it.c.obj
                0x0800073a                SVC_Handler
 .text.DebugMon_Handler
                0x0800073c        0x2 CMakeFiles/testCmake.elf.dir/Core/Src/stm32f4xx_it.c.obj
                0x0800073c                DebugMon_Handler
 .text.PendSV_Handler
                0x0800073e        0x2 CMakeFiles/testCmake.elf.dir/Core/Src/stm32f4xx_it.c.obj
                0x0800073e                PendSV_Handler
 .text.SysTick_Handler
                0x08000740        0x8 CMakeFiles/testCmake.elf.dir/Core/Src/stm32f4xx_it.c.obj
                0x08000740                SysTick_Handler
 .text.OTG_FS_IRQHandler
                0x08000748       0x10 CMakeFiles/testCmake.elf.dir/Core/Src/stm32f4xx_it.c.obj
                0x08000748                OTG_FS_IRQHandler
 .text._sbrk    0x08000758       0x48 CMakeFiles/testCmake.elf.dir/Core/Src/sysmem.c.obj
                0x08000758                _sbrk
 .text.SystemInit
                0x080007a0        0x2 CMakeFiles/testCmake.elf.dir/Core/Src/system_stm32f4xx.c.obj
                0x080007a0                SystemInit
 *fill*         0x080007a2        0x2 
 .text.Reset_Handler
                0x080007a4       0x50 CMakeFiles/testCmake.elf.dir/Core/Startup/startup_stm32f407vgtx.s.obj
                0x080007a4                Reset_Handler
 .text.Default_Handler
                0x080007f4        0x2 CMakeFiles/testCmake.elf.dir/Core/Startup/startup_stm32f407vgtx.s.obj
                0x080007f4                RTC_Alarm_IRQHandler
                0x080007f4                HASH_RNG_IRQHandler
                0x080007f4                EXTI2_IRQHandler
                0x080007f4                TIM8_CC_IRQHandler
                0x080007f4                TIM1_CC_IRQHandler
                0x080007f4                DMA2_Stream5_IRQHandler
                0x080007f4                DMA1_Stream5_IRQHandler
                0x080007f4                PVD_IRQHandler
                0x080007f4                SDIO_IRQHandler
                0x080007f4                TAMP_STAMP_IRQHandler
                0x080007f4                CAN2_RX1_IRQHandler
                0x080007f4                EXTI3_IRQHandler
                0x080007f4                TIM8_TRG_COM_TIM14_IRQHandler
                0x080007f4                TIM1_UP_TIM10_IRQHandler
                0x080007f4                TIM8_UP_TIM13_IRQHandler
                0x080007f4                I2C3_ER_IRQHandler
                0x080007f4                EXTI0_IRQHandler
                0x080007f4                I2C2_EV_IRQHandler
                0x080007f4                DMA1_Stream2_IRQHandler
                0x080007f4                CAN1_RX0_IRQHandler
                0x080007f4                FPU_IRQHandler
                0x080007f4                OTG_HS_WKUP_IRQHandler
                0x080007f4                CAN2_SCE_IRQHandler
                0x080007f4                DMA2_Stream2_IRQHandler
                0x080007f4                SPI1_IRQHandler
                0x080007f4                TIM6_DAC_IRQHandler
                0x080007f4                TIM1_BRK_TIM9_IRQHandler
                0x080007f4                DCMI_IRQHandler
                0x080007f4                CAN2_RX0_IRQHandler
                0x080007f4                DMA2_Stream3_IRQHandler
                0x080007f4                USART6_IRQHandler
                0x080007f4                USART3_IRQHandler
                0x080007f4                CAN1_RX1_IRQHandler
                0x080007f4                UART5_IRQHandler
                0x080007f4                DMA2_Stream0_IRQHandler
                0x080007f4                TIM4_IRQHandler
                0x080007f4                I2C1_EV_IRQHandler
                0x080007f4                DMA1_Stream6_IRQHandler
                0x080007f4                DMA1_Stream1_IRQHandler
                0x080007f4                UART4_IRQHandler
                0x080007f4                TIM3_IRQHandler
                0x080007f4                RCC_IRQHandler
                0x080007f4                TIM8_BRK_TIM12_IRQHandler
                0x080007f4                Default_Handler
                0x080007f4                EXTI15_10_IRQHandler
                0x080007f4                ADC_IRQHandler
                0x080007f4                DMA1_Stream7_IRQHandler
                0x080007f4                TIM7_IRQHandler
                0x080007f4                CAN2_TX_IRQHandler
                0x080007f4                TIM5_IRQHandler
                0x080007f4                DMA2_Stream7_IRQHandler
                0x080007f4                I2C3_EV_IRQHandler
                0x080007f4                EXTI9_5_IRQHandler
                0x080007f4                RTC_WKUP_IRQHandler
                0x080007f4                ETH_WKUP_IRQHandler
                0x080007f4                SPI2_IRQHandler
                0x080007f4                OTG_HS_EP1_IN_IRQHandler
                0x080007f4                DMA1_Stream0_IRQHandler
                0x080007f4                CAN1_TX_IRQHandler
                0x080007f4                EXTI4_IRQHandler
                0x080007f4                FSMC_IRQHandler
                0x080007f4                ETH_IRQHandler
                0x080007f4                OTG_HS_EP1_OUT_IRQHandler
                0x080007f4                WWDG_IRQHandler
                0x080007f4                TIM2_IRQHandler
                0x080007f4                OTG_FS_WKUP_IRQHandler
                0x080007f4                TIM1_TRG_COM_TIM11_IRQHandler
                0x080007f4                OTG_HS_IRQHandler
                0x080007f4                EXTI1_IRQHandler
                0x080007f4                USART2_IRQHandler
                0x080007f4                I2C2_ER_IRQHandler
                0x080007f4                DMA2_Stream1_IRQHandler
                0x080007f4                CAN1_SCE_IRQHandler
                0x080007f4                FLASH_IRQHandler
                0x080007f4                DMA2_Stream4_IRQHandler
                0x080007f4                USART1_IRQHandler
                0x080007f4                SPI3_IRQHandler
                0x080007f4                DMA1_Stream4_IRQHandler
                0x080007f4                I2C1_ER_IRQHandler
                0x080007f4                DMA2_Stream6_IRQHandler
                0x080007f4                DMA1_Stream3_IRQHandler
 *fill*         0x080007f6        0x2 
 .text.HAL_InitTick
                0x080007f8       0x4c CMakeFiles/testCmake.elf.dir/Drivers/STM32F4xx_HAL_Driver/Src/stm32f4xx_hal.c.obj
                0x080007f8                HAL_InitTick
 .text.HAL_Init
                0x08000844       0x34 CMakeFiles/testCmake.elf.dir/Drivers/STM32F4xx_HAL_Driver/Src/stm32f4xx_hal.c.obj
                0x08000844                HAL_Init
 .text.HAL_IncTick
                0x08000878       0x18 CMakeFiles/testCmake.elf.dir/Drivers/STM32F4xx_HAL_Driver/Src/stm32f4xx_hal.c.obj
                0x08000878                HAL_IncTick
 .text.HAL_GetTick
                0x08000890        0xc CMakeFiles/testCmake.elf.dir/Drivers/STM32F4xx_HAL_Driver/Src/stm32f4xx_hal.c.obj
                0x08000890                HAL_GetTick
 .text.HAL_Delay
                0x0800089c       0x28 CMakeFiles/testCmake.elf.dir/Drivers/STM32F4xx_HAL_Driver/Src/stm32f4xx_hal.c.obj
                0x0800089c                HAL_Delay
 .text.__NVIC_SetPriority
                0x080008c4       0x28 CMakeFiles/testCmake.elf.dir/Drivers/STM32F4xx_HAL_Driver/Src/stm32f4xx_hal_cortex.c.obj
 .text.NVIC_EncodePriority
                0x080008ec       0x3e CMakeFiles/testCmake.elf.dir/Drivers/STM32F4xx_HAL_Driver/Src/stm32f4xx_hal_cortex.c.obj
 *fill*         0x0800092a        0x2 
 .text.HAL_NVIC_SetPriorityGrouping
                0x0800092c       0x24 CMakeFiles/testCmake.elf.dir/Drivers/STM32F4xx_HAL_Driver/Src/stm32f4xx_hal_cortex.c.obj
                0x0800092c                HAL_NVIC_SetPriorityGrouping
 .text.HAL_NVIC_SetPriority
                0x08000950       0x20 CMakeFiles/testCmake.elf.dir/Drivers/STM32F4xx_HAL_Driver/Src/stm32f4xx_hal_cortex.c.obj
                0x08000950                HAL_NVIC_SetPriority
 .text.HAL_NVIC_EnableIRQ
                0x08000970       0x1c CMakeFiles/testCmake.elf.dir/Drivers/STM32F4xx_HAL_Driver/Src/stm32f4xx_hal_cortex.c.obj
                0x08000970                HAL_NVIC_EnableIRQ
 .text.HAL_SYSTICK_Config
                0x0800098c       0x28 CMakeFiles/testCmake.elf.dir/Drivers/STM32F4xx_HAL_Driver/Src/stm32f4xx_hal_cortex.c.obj
                0x0800098c                HAL_SYSTICK_Config
 .text.HAL_GPIO_Init
                0x080009b4      0x1f4 CMakeFiles/testCmake.elf.dir/Drivers/STM32F4xx_HAL_Driver/Src/stm32f4xx_hal_gpio.c.obj
                0x080009b4                HAL_GPIO_Init
 .text.HAL_GPIO_WritePin
                0x08000ba8        0xc CMakeFiles/testCmake.elf.dir/Drivers/STM32F4xx_HAL_Driver/Src/stm32f4xx_hal_gpio.c.obj
                0x08000ba8                HAL_GPIO_WritePin
 .text.HCD_RXQLVL_IRQHandler
                0x08000bb4       0x9e CMakeFiles/testCmake.elf.dir/Drivers/STM32F4xx_HAL_Driver/Src/stm32f4xx_hal_hcd.c.obj
 .text.HAL_HCD_HC_Init
                0x08000c52       0x8e CMakeFiles/testCmake.elf.dir/Drivers/STM32F4xx_HAL_Driver/Src/stm32f4xx_hal_hcd.c.obj
                0x08000c52                HAL_HCD_HC_Init
 .text.HAL_HCD_HC_Halt
                0x08000ce0       0x24 CMakeFiles/testCmake.elf.dir/Drivers/STM32F4xx_HAL_Driver/Src/stm32f4xx_hal_hcd.c.obj
                0x08000ce0                HAL_HCD_HC_Halt
 .text.HAL_HCD_Init
                0x08000d04       0xa4 CMakeFiles/testCmake.elf.dir/Drivers/STM32F4xx_HAL_Driver/Src/stm32f4xx_hal_hcd.c.obj
                0x08000d04                HAL_HCD_Init
 .text.HAL_HCD_HC_SubmitRequest
                0x08000da8      0x164 CMakeFiles/testCmake.elf.dir/Drivers/STM32F4xx_HAL_Driver/Src/stm32f4xx_hal_hcd.c.obj
                0x08000da8                HAL_HCD_HC_SubmitRequest
 .text.HCD_Port_IRQHandler
                0x08000f0c       0xb0 CMakeFiles/testCmake.elf.dir/Drivers/STM32F4xx_HAL_Driver/Src/stm32f4xx_hal_hcd.c.obj
 .text.HCD_HC_IN_IRQHandler
                0x08000fbc      0x2b2 CMakeFiles/testCmake.elf.dir/Drivers/STM32F4xx_HAL_Driver/Src/stm32f4xx_hal_hcd.c.obj
 .text.HCD_HC_OUT_IRQHandler
                0x0800126e      0x2c2 CMakeFiles/testCmake.elf.dir/Drivers/STM32F4xx_HAL_Driver/Src/stm32f4xx_hal_hcd.c.obj
 .text.HAL_HCD_IRQHandler
                0x08001530      0x154 CMakeFiles/testCmake.elf.dir/Drivers/STM32F4xx_HAL_Driver/Src/stm32f4xx_hal_hcd.c.obj
                0x08001530                HAL_HCD_IRQHandler
 .text.HAL_HCD_Start
                0x08001684       0x2a CMakeFiles/testCmake.elf.dir/Drivers/STM32F4xx_HAL_Driver/Src/stm32f4xx_hal_hcd.c.obj
                0x08001684                HAL_HCD_Start
 .text.HAL_HCD_Stop
                0x080016ae       0x24 CMakeFiles/testCmake.elf.dir/Drivers/STM32F4xx_HAL_Driver/Src/stm32f4xx_hal_hcd.c.obj
                0x080016ae                HAL_HCD_Stop
 .text.HAL_HCD_ResetPort
                0x080016d2        0xa CMakeFiles/testCmake.elf.dir/Drivers/STM32F4xx_HAL_Driver/Src/stm32f4xx_hal_hcd.c.obj
                0x080016d2                HAL_HCD_ResetPort
 .text.HAL_HCD_HC_GetURBState
                0x080016dc        0xc CMakeFiles/testCmake.elf.dir/Drivers/STM32F4xx_HAL_Driver/Src/stm32f4xx_hal_hcd.c.obj
                0x080016dc                HAL_HCD_HC_GetURBState
 .text.HAL_HCD_HC_GetXferCount
                0x080016e8        0xa CMakeFiles/testCmake.elf.dir/Drivers/STM32F4xx_HAL_Driver/Src/stm32f4xx_hal_hcd.c.obj
                0x080016e8                HAL_HCD_HC_GetXferCount
 .text.HAL_HCD_GetCurrentFrame
                0x080016f2        0xa CMakeFiles/testCmake.elf.dir/Drivers/STM32F4xx_HAL_Driver/Src/stm32f4xx_hal_hcd.c.obj
                0x080016f2                HAL_HCD_GetCurrentFrame
 .text.HAL_HCD_GetCurrentSpeed
                0x080016fc        0xa CMakeFiles/testCmake.elf.dir/Drivers/STM32F4xx_HAL_Driver/Src/stm32f4xx_hal_hcd.c.obj
                0x080016fc                HAL_HCD_GetCurrentSpeed
 *fill*         0x08001706        0x2 
 .text.HAL_I2C_Init
                0x08001708      0x1bc CMakeFiles/testCmake.elf.dir/Drivers/STM32F4xx_HAL_Driver/Src/stm32f4xx_hal_i2c.c.obj
                0x08001708                HAL_I2C_Init
 .text.HAL_I2S_Init
                0x080018c4      0x19c CMakeFiles/testCmake.elf.dir/Drivers/STM32F4xx_HAL_Driver/Src/stm32f4xx_hal_i2s.c.obj
                0x080018c4                HAL_I2S_Init
 .text.HAL_I2S_TxCpltCallback
                0x08001a60        0x2 CMakeFiles/testCmake.elf.dir/Drivers/STM32F4xx_HAL_Driver/Src/stm32f4xx_hal_i2s.c.obj
                0x08001a60                HAL_I2S_TxCpltCallback
 .text.I2S_Transmit_IT
                0x08001a62       0x38 CMakeFiles/testCmake.elf.dir/Drivers/STM32F4xx_HAL_Driver/Src/stm32f4xx_hal_i2s.c.obj
 .text.HAL_I2S_RxCpltCallback
                0x08001a9a        0x2 CMakeFiles/testCmake.elf.dir/Drivers/STM32F4xx_HAL_Driver/Src/stm32f4xx_hal_i2s.c.obj
                0x08001a9a                HAL_I2S_RxCpltCallback
 .text.I2S_Receive_IT
                0x08001a9c       0x38 CMakeFiles/testCmake.elf.dir/Drivers/STM32F4xx_HAL_Driver/Src/stm32f4xx_hal_i2s.c.obj
 .text.HAL_I2S_ErrorCallback
                0x08001ad4        0x2 CMakeFiles/testCmake.elf.dir/Drivers/STM32F4xx_HAL_Driver/Src/stm32f4xx_hal_i2s.c.obj
                0x08001ad4                HAL_I2S_ErrorCallback
 .text.I2S_IRQHandler
                0x08001ad6       0xd0 CMakeFiles/testCmake.elf.dir/Drivers/STM32F4xx_HAL_Driver/Src/stm32f4xx_hal_i2s.c.obj
 .text.HAL_I2SEx_TxRxCpltCallback
                0x08001ba6        0x2 CMakeFiles/testCmake.elf.dir/Drivers/STM32F4xx_HAL_Driver/Src/stm32f4xx_hal_i2s_ex.c.obj
                0x08001ba6                HAL_I2SEx_TxRxCpltCallback
 .text.I2SEx_TxISR_I2S
                0x08001ba8       0x3c CMakeFiles/testCmake.elf.dir/Drivers/STM32F4xx_HAL_Driver/Src/stm32f4xx_hal_i2s_ex.c.obj
 .text.I2SEx_RxISR_I2SExt
                0x08001be4       0x64 CMakeFiles/testCmake.elf.dir/Drivers/STM32F4xx_HAL_Driver/Src/stm32f4xx_hal_i2s_ex.c.obj
 .text.I2SEx_TxISR_I2SExt
                0x08001c48       0x64 CMakeFiles/testCmake.elf.dir/Drivers/STM32F4xx_HAL_Driver/Src/stm32f4xx_hal_i2s_ex.c.obj
 .text.I2SEx_RxISR_I2S
                0x08001cac       0x3c CMakeFiles/testCmake.elf.dir/Drivers/STM32F4xx_HAL_Driver/Src/stm32f4xx_hal_i2s_ex.c.obj
 .text.HAL_I2SEx_FullDuplex_IRQHandler
                0x08001ce8      0x1d8 CMakeFiles/testCmake.elf.dir/Drivers/STM32F4xx_HAL_Driver/Src/stm32f4xx_hal_i2s_ex.c.obj
                0x08001ce8                HAL_I2SEx_FullDuplex_IRQHandler
 .text.HAL_RCC_OscConfig
                0x08001ec0      0x3f8 CMakeFiles/testCmake.elf.dir/Drivers/STM32F4xx_HAL_Driver/Src/stm32f4xx_hal_rcc.c.obj
                0x08001ec0                HAL_RCC_OscConfig
 .text.HAL_RCC_GetSysClockFreq
                0x080022b8       0xdc CMakeFiles/testCmake.elf.dir/Drivers/STM32F4xx_HAL_Driver/Src/stm32f4xx_hal_rcc.c.obj
                0x080022b8                HAL_RCC_GetSysClockFreq
 .text.HAL_RCC_ClockConfig
                0x08002394      0x160 CMakeFiles/testCmake.elf.dir/Drivers/STM32F4xx_HAL_Driver/Src/stm32f4xx_hal_rcc.c.obj
                0x08002394                HAL_RCC_ClockConfig
 .text.HAL_RCC_GetHCLKFreq
                0x080024f4        0xc CMakeFiles/testCmake.elf.dir/Drivers/STM32F4xx_HAL_Driver/Src/stm32f4xx_hal_rcc.c.obj
                0x080024f4                HAL_RCC_GetHCLKFreq
 .text.HAL_RCC_GetPCLK1Freq
                0x08002500       0x20 CMakeFiles/testCmake.elf.dir/Drivers/STM32F4xx_HAL_Driver/Src/stm32f4xx_hal_rcc.c.obj
                0x08002500                HAL_RCC_GetPCLK1Freq
 .text.HAL_RCCEx_PeriphCLKConfig
                0x08002520      0x154 CMakeFiles/testCmake.elf.dir/Drivers/STM32F4xx_HAL_Driver/Src/stm32f4xx_hal_rcc_ex.c.obj
                0x08002520                HAL_RCCEx_PeriphCLKConfig
 .text.HAL_RCCEx_GetPeriphCLKFreq
                0x08002674       0x74 CMakeFiles/testCmake.elf.dir/Drivers/STM32F4xx_HAL_Driver/Src/stm32f4xx_hal_rcc_ex.c.obj
                0x08002674                HAL_RCCEx_GetPeriphCLKFreq
 .text.HAL_SPI_Init
                0x080026e8       0xbe CMakeFiles/testCmake.elf.dir/Drivers/STM32F4xx_HAL_Driver/Src/stm32f4xx_hal_spi.c.obj
                0x080026e8                HAL_SPI_Init
 *fill*         0x080027a6        0x2 
 .text.USB_CoreReset
                0x080027a8       0x50 CMakeFiles/testCmake.elf.dir/Drivers/STM32F4xx_HAL_Driver/Src/stm32f4xx_ll_usb.c.obj
 .text.USB_CoreInit
                0x080027f8       0x8a CMakeFiles/testCmake.elf.dir/Drivers/STM32F4xx_HAL_Driver/Src/stm32f4xx_ll_usb.c.obj
                0x080027f8                USB_CoreInit
 .text.USB_EnableGlobalInt
                0x08002882        0xc CMakeFiles/testCmake.elf.dir/Drivers/STM32F4xx_HAL_Driver/Src/stm32f4xx_ll_usb.c.obj
                0x08002882                USB_EnableGlobalInt
 .text.USB_DisableGlobalInt
                0x0800288e        0xc CMakeFiles/testCmake.elf.dir/Drivers/STM32F4xx_HAL_Driver/Src/stm32f4xx_ll_usb.c.obj
                0x0800288e                USB_DisableGlobalInt
 *fill*         0x0800289a        0x2 
 .text.USB_FlushTxFifo
                0x0800289c       0x50 CMakeFiles/testCmake.elf.dir/Drivers/STM32F4xx_HAL_Driver/Src/stm32f4xx_ll_usb.c.obj
                0x0800289c                USB_FlushTxFifo
 .text.USB_FlushRxFifo
                0x080028ec       0x4c CMakeFiles/testCmake.elf.dir/Drivers/STM32F4xx_HAL_Driver/Src/stm32f4xx_ll_usb.c.obj
                0x080028ec                USB_FlushRxFifo
 .text.USB_WritePacket
                0x08002938       0x2e CMakeFiles/testCmake.elf.dir/Drivers/STM32F4xx_HAL_Driver/Src/stm32f4xx_ll_usb.c.obj
                0x08002938                USB_WritePacket
 .text.USB_ReadPacket
                0x08002966       0x46 CMakeFiles/testCmake.elf.dir/Drivers/STM32F4xx_HAL_Driver/Src/stm32f4xx_ll_usb.c.obj
                0x08002966                USB_ReadPacket
 .text.USB_ReadInterrupts
                0x080029ac        0x8 CMakeFiles/testCmake.elf.dir/Drivers/STM32F4xx_HAL_Driver/Src/stm32f4xx_ll_usb.c.obj
                0x080029ac                USB_ReadInterrupts
 .text.USB_GetMode
                0x080029b4        0x8 CMakeFiles/testCmake.elf.dir/Drivers/STM32F4xx_HAL_Driver/Src/stm32f4xx_ll_usb.c.obj
                0x080029b4                USB_GetMode
 .text.USB_SetCurrentMode
                0x080029bc       0x62 CMakeFiles/testCmake.elf.dir/Drivers/STM32F4xx_HAL_Driver/Src/stm32f4xx_ll_usb.c.obj
                0x080029bc                USB_SetCurrentMode
 *fill*         0x08002a1e        0x2 
 .text.USB_HostInit
                0x08002a20       0xf8 CMakeFiles/testCmake.elf.dir/Drivers/STM32F4xx_HAL_Driver/Src/stm32f4xx_ll_usb.c.obj
                0x08002a20                USB_HostInit
 .text.USB_InitFSLSPClkSel
                0x08002b18       0x3e CMakeFiles/testCmake.elf.dir/Drivers/STM32F4xx_HAL_Driver/Src/stm32f4xx_ll_usb.c.obj
                0x08002b18                USB_InitFSLSPClkSel
 .text.USB_ResetPort
                0x08002b56       0x3e CMakeFiles/testCmake.elf.dir/Drivers/STM32F4xx_HAL_Driver/Src/stm32f4xx_ll_usb.c.obj
                0x08002b56                USB_ResetPort
 .text.USB_DriveVbus
                0x08002b94       0x46 CMakeFiles/testCmake.elf.dir/Drivers/STM32F4xx_HAL_Driver/Src/stm32f4xx_ll_usb.c.obj
                0x08002b94                USB_DriveVbus
 .text.USB_GetHostSpeed
                0x08002bda       0x16 CMakeFiles/testCmake.elf.dir/Drivers/STM32F4xx_HAL_Driver/Src/stm32f4xx_ll_usb.c.obj
                0x08002bda                USB_GetHostSpeed
 .text.USB_GetCurrentFrame
                0x08002bf0        0xa CMakeFiles/testCmake.elf.dir/Drivers/STM32F4xx_HAL_Driver/Src/stm32f4xx_ll_usb.c.obj
                0x08002bf0                USB_GetCurrentFrame
 .text.USB_HC_Init
                0x08002bfa      0x126 CMakeFiles/testCmake.elf.dir/Drivers/STM32F4xx_HAL_Driver/Src/stm32f4xx_ll_usb.c.obj
                0x08002bfa                USB_HC_Init
 .text.USB_HC_ReadInterrupt
                0x08002d20        0xa CMakeFiles/testCmake.elf.dir/Drivers/STM32F4xx_HAL_Driver/Src/stm32f4xx_ll_usb.c.obj
                0x08002d20                USB_HC_ReadInterrupt
 .text.USB_HC_Halt
                0x08002d2a       0xe4 CMakeFiles/testCmake.elf.dir/Drivers/STM32F4xx_HAL_Driver/Src/stm32f4xx_ll_usb.c.obj
                0x08002d2a                USB_HC_Halt
 *fill*         0x08002e0e        0x2 
 .text.USB_DoPing
                0x08002e10       0x24 CMakeFiles/testCmake.elf.dir/Drivers/STM32F4xx_HAL_Driver/Src/stm32f4xx_ll_usb.c.obj
                0x08002e10                USB_DoPing
 .text.USB_HC_StartXfer
                0x08002e34      0x168 CMakeFiles/testCmake.elf.dir/Drivers/STM32F4xx_HAL_Driver/Src/stm32f4xx_ll_usb.c.obj
                0x08002e34                USB_HC_StartXfer
 .text.USB_StopHost
                0x08002f9c       0x92 CMakeFiles/testCmake.elf.dir/Drivers/STM32F4xx_HAL_Driver/Src/stm32f4xx_ll_usb.c.obj
                0x08002f9c                USB_StopHost
 .text.USBH_CDC_SOFProcess
                0x0800302e        0x4 CMakeFiles/testCmake.elf.dir/Middlewares/ST/STM32_USB_Host_Library/Class/CDC/Src/usbh_cdc.c.obj
 .text.SetLineCoding
                0x08003032       0x1a CMakeFiles/testCmake.elf.dir/Middlewares/ST/STM32_USB_Host_Library/Class/CDC/Src/usbh_cdc.c.obj
 .text.GetLineCoding
                0x0800304c       0x1a CMakeFiles/testCmake.elf.dir/Middlewares/ST/STM32_USB_Host_Library/Class/CDC/Src/usbh_cdc.c.obj
 .text.USBH_CDC_ClassRequest
                0x08003066       0x22 CMakeFiles/testCmake.elf.dir/Middlewares/ST/STM32_USB_Host_Library/Class/CDC/Src/usbh_cdc.c.obj
 .text.USBH_CDC_InterfaceDeInit
                0x08003088       0x68 CMakeFiles/testCmake.elf.dir/Middlewares/ST/STM32_USB_Host_Library/Class/CDC/Src/usbh_cdc.c.obj
 .text.USBH_CDC_InterfaceInit
                0x080030f0      0x186 CMakeFiles/testCmake.elf.dir/Middlewares/ST/STM32_USB_Host_Library/Class/CDC/Src/usbh_cdc.c.obj
 .text.USBH_CDC_TransmitCallback
                0x08003276        0x2 CMakeFiles/testCmake.elf.dir/Middlewares/ST/STM32_USB_Host_Library/Class/CDC/Src/usbh_cdc.c.obj
                0x08003276                USBH_CDC_TransmitCallback
 .text.CDC_ProcessTransmission
                0x08003278       0x94 CMakeFiles/testCmake.elf.dir/Middlewares/ST/STM32_USB_Host_Library/Class/CDC/Src/usbh_cdc.c.obj
 .text.USBH_CDC_ReceiveCallback
                0x0800330c        0x2 CMakeFiles/testCmake.elf.dir/Middlewares/ST/STM32_USB_Host_Library/Class/CDC/Src/usbh_cdc.c.obj
                0x0800330c                USBH_CDC_ReceiveCallback
 .text.CDC_ProcessReception
                0x0800330e       0x68 CMakeFiles/testCmake.elf.dir/Middlewares/ST/STM32_USB_Host_Library/Class/CDC/Src/usbh_cdc.c.obj
 .text.USBH_CDC_LineCodingChanged
                0x08003376        0x2 CMakeFiles/testCmake.elf.dir/Middlewares/ST/STM32_USB_Host_Library/Class/CDC/Src/usbh_cdc.c.obj
                0x08003376                USBH_CDC_LineCodingChanged
 .text.USBH_CDC_Process
                0x08003378       0xae CMakeFiles/testCmake.elf.dir/Middlewares/ST/STM32_USB_Host_Library/Class/CDC/Src/usbh_cdc.c.obj
 .text.DeInitStateMachine
                0x08003426       0x62 CMakeFiles/testCmake.elf.dir/Middlewares/ST/STM32_USB_Host_Library/Core/Src/usbh_core.c.obj
 .text.USBH_HandleSof
                0x08003488       0x1a CMakeFiles/testCmake.elf.dir/Middlewares/ST/STM32_USB_Host_Library/Core/Src/usbh_core.c.obj
 .text.USBH_HandleEnum
                0x080034a2      0x26e CMakeFiles/testCmake.elf.dir/Middlewares/ST/STM32_USB_Host_Library/Core/Src/usbh_core.c.obj
 .text.USBH_Init
                0x08003710       0x3e CMakeFiles/testCmake.elf.dir/Middlewares/ST/STM32_USB_Host_Library/Core/Src/usbh_core.c.obj
                0x08003710                USBH_Init
 .text.USBH_RegisterClass
                0x0800374e       0x22 CMakeFiles/testCmake.elf.dir/Middlewares/ST/STM32_USB_Host_Library/Core/Src/usbh_core.c.obj
                0x0800374e                USBH_RegisterClass
 .text.USBH_SelectInterface
                0x08003770       0x14 CMakeFiles/testCmake.elf.dir/Middlewares/ST/STM32_USB_Host_Library/Core/Src/usbh_core.c.obj
                0x08003770                USBH_SelectInterface
 .text.USBH_FindInterface
                0x08003784       0x54 CMakeFiles/testCmake.elf.dir/Middlewares/ST/STM32_USB_Host_Library/Core/Src/usbh_core.c.obj
                0x08003784                USBH_FindInterface
 .text.USBH_Start
                0x080037d8       0x14 CMakeFiles/testCmake.elf.dir/Middlewares/ST/STM32_USB_Host_Library/Core/Src/usbh_core.c.obj
                0x080037d8                USBH_Start
 .text.USBH_Process
                0x080037ec      0x28e CMakeFiles/testCmake.elf.dir/Middlewares/ST/STM32_USB_Host_Library/Core/Src/usbh_core.c.obj
                0x080037ec                USBH_Process
 .text.USBH_LL_SetTimer
                0x08003a7a        0x6 CMakeFiles/testCmake.elf.dir/Middlewares/ST/STM32_USB_Host_Library/Core/Src/usbh_core.c.obj
                0x08003a7a                USBH_LL_SetTimer
 .text.USBH_LL_IncTimer
                0x08003a80       0x12 CMakeFiles/testCmake.elf.dir/Middlewares/ST/STM32_USB_Host_Library/Core/Src/usbh_core.c.obj
                0x08003a80                USBH_LL_IncTimer
 .text.USBH_LL_PortEnabled
                0x08003a92        0x8 CMakeFiles/testCmake.elf.dir/Middlewares/ST/STM32_USB_Host_Library/Core/Src/usbh_core.c.obj
                0x08003a92                USBH_LL_PortEnabled
 .text.USBH_LL_PortDisabled
                0x08003a9a        0x8 CMakeFiles/testCmake.elf.dir/Middlewares/ST/STM32_USB_Host_Library/Core/Src/usbh_core.c.obj
                0x08003a9a                USBH_LL_PortDisabled
 .text.USBH_LL_Connect
                0x08003aa2       0x14 CMakeFiles/testCmake.elf.dir/Middlewares/ST/STM32_USB_Host_Library/Core/Src/usbh_core.c.obj
                0x08003aa2                USBH_LL_Connect
 .text.USBH_LL_Disconnect
                0x08003ab6       0x2c CMakeFiles/testCmake.elf.dir/Middlewares/ST/STM32_USB_Host_Library/Core/Src/usbh_core.c.obj
                0x08003ab6                USBH_LL_Disconnect
 *fill*         0x08003ae2        0x2 
 .text.USBH_ParseDevDesc
                0x08003ae4       0x80 CMakeFiles/testCmake.elf.dir/Middlewares/ST/STM32_USB_Host_Library/Core/Src/usbh_ctlreq.c.obj
 .text.USBH_ParseInterfaceDesc
                0x08003b64       0x26 CMakeFiles/testCmake.elf.dir/Middlewares/ST/STM32_USB_Host_Library/Core/Src/usbh_ctlreq.c.obj
 .text.USBH_ParseEPDesc
                0x08003b8a       0x98 CMakeFiles/testCmake.elf.dir/Middlewares/ST/STM32_USB_Host_Library/Core/Src/usbh_ctlreq.c.obj
 .text.USBH_ParseStringDesc
                0x08003c22       0x32 CMakeFiles/testCmake.elf.dir/Middlewares/ST/STM32_USB_Host_Library/Core/Src/usbh_ctlreq.c.obj
 .text.USBH_HandleControl
                0x08003c54      0x1d8 CMakeFiles/testCmake.elf.dir/Middlewares/ST/STM32_USB_Host_Library/Core/Src/usbh_ctlreq.c.obj
 .text.USBH_GetNextDesc
                0x08003e2c        0xe CMakeFiles/testCmake.elf.dir/Middlewares/ST/STM32_USB_Host_Library/Core/Src/usbh_ctlreq.c.obj
                0x08003e2c                USBH_GetNextDesc
 .text.USBH_ParseCfgDesc
                0x08003e3a      0x166 CMakeFiles/testCmake.elf.dir/Middlewares/ST/STM32_USB_Host_Library/Core/Src/usbh_ctlreq.c.obj
 .text.USBH_CtlReq
                0x08003fa0       0x40 CMakeFiles/testCmake.elf.dir/Middlewares/ST/STM32_USB_Host_Library/Core/Src/usbh_ctlreq.c.obj
                0x08003fa0                USBH_CtlReq
 .text.USBH_GetDescriptor
                0x08003fe0       0x42 CMakeFiles/testCmake.elf.dir/Middlewares/ST/STM32_USB_Host_Library/Core/Src/usbh_ctlreq.c.obj
                0x08003fe0                USBH_GetDescriptor
 .text.USBH_Get_DevDesc
                0x08004022       0x32 CMakeFiles/testCmake.elf.dir/Middlewares/ST/STM32_USB_Host_Library/Core/Src/usbh_ctlreq.c.obj
                0x08004022                USBH_Get_DevDesc
 .text.USBH_Get_CfgDesc
                0x08004054       0x2c CMakeFiles/testCmake.elf.dir/Middlewares/ST/STM32_USB_Host_Library/Core/Src/usbh_ctlreq.c.obj
                0x08004054                USBH_Get_CfgDesc
 .text.USBH_Get_StringDesc
                0x08004080       0x30 CMakeFiles/testCmake.elf.dir/Middlewares/ST/STM32_USB_Host_Library/Core/Src/usbh_ctlreq.c.obj
                0x08004080                USBH_Get_StringDesc
 .text.USBH_SetAddress
                0x080040b0       0x22 CMakeFiles/testCmake.elf.dir/Middlewares/ST/STM32_USB_Host_Library/Core/Src/usbh_ctlreq.c.obj
                0x080040b0                USBH_SetAddress
 .text.USBH_SetCfg
                0x080040d2       0x22 CMakeFiles/testCmake.elf.dir/Middlewares/ST/STM32_USB_Host_Library/Core/Src/usbh_ctlreq.c.obj
                0x080040d2                USBH_SetCfg
 .text.USBH_SetFeature
                0x080040f4       0x22 CMakeFiles/testCmake.elf.dir/Middlewares/ST/STM32_USB_Host_Library/Core/Src/usbh_ctlreq.c.obj
                0x080040f4                USBH_SetFeature
 .text.USBH_ClrFeature
                0x08004116       0x24 CMakeFiles/testCmake.elf.dir/Middlewares/ST/STM32_USB_Host_Library/Core/Src/usbh_ctlreq.c.obj
                0x08004116                USBH_ClrFeature
 .text.USBH_CtlSendSetup
                0x0800413a       0x22 CMakeFiles/testCmake.elf.dir/Middlewares/ST/STM32_USB_Host_Library/Core/Src/usbh_ioreq.c.obj
                0x0800413a                USBH_CtlSendSetup
 .text.USBH_CtlSendData
                0x0800415c       0x2c CMakeFiles/testCmake.elf.dir/Middlewares/ST/STM32_USB_Host_Library/Core/Src/usbh_ioreq.c.obj
                0x0800415c                USBH_CtlSendData
 .text.USBH_CtlReceiveData
                0x08004188       0x20 CMakeFiles/testCmake.elf.dir/Middlewares/ST/STM32_USB_Host_Library/Core/Src/usbh_ioreq.c.obj
                0x08004188                USBH_CtlReceiveData
 .text.USBH_BulkSendData
                0x080041a8       0x2c CMakeFiles/testCmake.elf.dir/Middlewares/ST/STM32_USB_Host_Library/Core/Src/usbh_ioreq.c.obj
                0x080041a8                USBH_BulkSendData
 .text.USBH_BulkReceiveData
                0x080041d4       0x20 CMakeFiles/testCmake.elf.dir/Middlewares/ST/STM32_USB_Host_Library/Core/Src/usbh_ioreq.c.obj
                0x080041d4                USBH_BulkReceiveData
 .text.USBH_GetFreePipe
                0x080041f4       0x26 CMakeFiles/testCmake.elf.dir/Middlewares/ST/STM32_USB_Host_Library/Core/Src/usbh_pipes.c.obj
 .text.USBH_OpenPipe
                0x0800421a       0x20 CMakeFiles/testCmake.elf.dir/Middlewares/ST/STM32_USB_Host_Library/Core/Src/usbh_pipes.c.obj
                0x0800421a                USBH_OpenPipe
 .text.USBH_ClosePipe
                0x0800423a        0xa CMakeFiles/testCmake.elf.dir/Middlewares/ST/STM32_USB_Host_Library/Core/Src/usbh_pipes.c.obj
                0x0800423a                USBH_ClosePipe
 .text.USBH_AllocPipe
                0x08004244       0x26 CMakeFiles/testCmake.elf.dir/Middlewares/ST/STM32_USB_Host_Library/Core/Src/usbh_pipes.c.obj
                0x08004244                USBH_AllocPipe
 .text.USBH_FreePipe
                0x0800426a       0x16 CMakeFiles/testCmake.elf.dir/Middlewares/ST/STM32_USB_Host_Library/Core/Src/usbh_pipes.c.obj
                0x0800426a                USBH_FreePipe
 .text.USBH_UserProcess
                0x08004280       0x2c CMakeFiles/testCmake.elf.dir/USB_HOST/App/usb_host.c.obj
 .text.MX_USB_HOST_Init
                0x080042ac       0x40 CMakeFiles/testCmake.elf.dir/USB_HOST/App/usb_host.c.obj
                0x080042ac                MX_USB_HOST_Init
 .text.MX_USB_HOST_Process
                0x080042ec       0x10 CMakeFiles/testCmake.elf.dir/USB_HOST/App/usb_host.c.obj
                0x080042ec                MX_USB_HOST_Process
 .text.HAL_HCD_MspInit
                0x080042fc       0x94 CMakeFiles/testCmake.elf.dir/USB_HOST/Target/usbh_conf.c.obj
                0x080042fc                HAL_HCD_MspInit
 .text.HAL_HCD_SOF_Callback
                0x08004390        0xc CMakeFiles/testCmake.elf.dir/USB_HOST/Target/usbh_conf.c.obj
                0x08004390                HAL_HCD_SOF_Callback
 .text.HAL_HCD_Connect_Callback
                0x0800439c        0xc CMakeFiles/testCmake.elf.dir/USB_HOST/Target/usbh_conf.c.obj
                0x0800439c                HAL_HCD_Connect_Callback
 .text.HAL_HCD_Disconnect_Callback
                0x080043a8        0xc CMakeFiles/testCmake.elf.dir/USB_HOST/Target/usbh_conf.c.obj
                0x080043a8                HAL_HCD_Disconnect_Callback
 .text.HAL_HCD_HC_NotifyURBChange_Callback
                0x080043b4        0x2 CMakeFiles/testCmake.elf.dir/USB_HOST/Target/usbh_conf.c.obj
                0x080043b4                HAL_HCD_HC_NotifyURBChange_Callback
 .text.HAL_HCD_PortEnabled_Callback
                0x080043b6        0xc CMakeFiles/testCmake.elf.dir/USB_HOST/Target/usbh_conf.c.obj
                0x080043b6                HAL_HCD_PortEnabled_Callback
 .text.HAL_HCD_PortDisabled_Callback
                0x080043c2        0xc CMakeFiles/testCmake.elf.dir/USB_HOST/Target/usbh_conf.c.obj
                0x080043c2                HAL_HCD_PortDisabled_Callback
 *fill*         0x080043ce        0x2 
 .text.USBH_LL_Init
                0x080043d0       0x54 CMakeFiles/testCmake.elf.dir/USB_HOST/Target/usbh_conf.c.obj
                0x080043d0                USBH_LL_Init
 .text.USBH_LL_GetSpeed
                0x08004424       0x20 CMakeFiles/testCmake.elf.dir/USB_HOST/Target/usbh_conf.c.obj
                0x08004424                USBH_LL_GetSpeed
 .text.USBH_LL_GetLastXferSize
                0x08004444        0xc CMakeFiles/testCmake.elf.dir/USB_HOST/Target/usbh_conf.c.obj
                0x08004444                USBH_LL_GetLastXferSize
 .text.USBH_LL_GetURBState
                0x08004450        0xc CMakeFiles/testCmake.elf.dir/USB_HOST/Target/usbh_conf.c.obj
                0x08004450                USBH_LL_GetURBState
 .text.USBH_LL_DriverVBUS
                0x0800445c       0x1c CMakeFiles/testCmake.elf.dir/USB_HOST/Target/usbh_conf.c.obj
                0x0800445c                USBH_LL_DriverVBUS
 .text.USBH_LL_SetToggle
                0x08004478       0x2a CMakeFiles/testCmake.elf.dir/USB_HOST/Target/usbh_conf.c.obj
                0x08004478                USBH_LL_SetToggle
 .text.USBH_Delay
                0x080044a2        0x8 CMakeFiles/testCmake.elf.dir/USB_HOST/Target/usbh_conf.c.obj
                0x080044a2                USBH_Delay
 .text.USBH_Get_USB_Status
                0x080044aa       0x14 CMakeFiles/testCmake.elf.dir/USB_HOST/Target/usbh_conf.c.obj
                0x080044aa                USBH_Get_USB_Status
 .text.USBH_LL_Start
                0x080044be       0x10 CMakeFiles/testCmake.elf.dir/USB_HOST/Target/usbh_conf.c.obj
                0x080044be                USBH_LL_Start
 .text.USBH_LL_Stop
                0x080044ce       0x10 CMakeFiles/testCmake.elf.dir/USB_HOST/Target/usbh_conf.c.obj
                0x080044ce                USBH_LL_Stop
 .text.USBH_LL_ResetPort
                0x080044de       0x10 CMakeFiles/testCmake.elf.dir/USB_HOST/Target/usbh_conf.c.obj
                0x080044de                USBH_LL_ResetPort
 .text.USBH_LL_OpenPipe
                0x080044ee       0x26 CMakeFiles/testCmake.elf.dir/USB_HOST/Target/usbh_conf.c.obj
                0x080044ee                USBH_LL_OpenPipe
 .text.USBH_LL_ClosePipe
                0x08004514       0x10 CMakeFiles/testCmake.elf.dir/USB_HOST/Target/usbh_conf.c.obj
                0x08004514                USBH_LL_ClosePipe
 .text.USBH_LL_SubmitURB
                0x08004524       0x2a CMakeFiles/testCmake.elf.dir/USB_HOST/Target/usbh_conf.c.obj
                0x08004524                USBH_LL_SubmitURB
 *fill*         0x0800454e        0x2 
 .text.MX_DriverVbusFS
                0x08004550       0x18 CMakeFiles/testCmake.elf.dir/USB_HOST/Target/usbh_platform.c.obj
                0x08004550                MX_DriverVbusFS
 .text.__udivmoddi4
                0x08004568      0x2bc c:/progra~2/armgnu~1/1213fb~1.2mp/bin/../lib/gcc/arm-none-eabi/12.2.0/thumb/v7e-m/nofp\libgcc.a(_udivmoddi4.o)
                0x08004568                __udivmoddi4
 .text.malloc   0x08004824       0x10 c:/progra~2/armgnu~1/1213fb~1.2mp/bin/../lib/gcc/arm-none-eabi/12.2.0/thumb/v7e-m/nofp\libg.a(libc_a-malloc.o)
                0x08004824                malloc
 .text.free     0x08004834       0x10 c:/progra~2/armgnu~1/1213fb~1.2mp/bin/../lib/gcc/arm-none-eabi/12.2.0/thumb/v7e-m/nofp\libg.a(libc_a-malloc.o)
                0x08004834                free
 .text._malloc_r
                0x08004844      0x54c c:/progra~2/armgnu~1/1213fb~1.2mp/bin/../lib/gcc/arm-none-eabi/12.2.0/thumb/v7e-m/nofp\libg.a(libc_a-mallocr.o)
                0x08004844                _malloc_r
 .text.__malloc_lock
                0x08004d90        0xc c:/progra~2/armgnu~1/1213fb~1.2mp/bin/../lib/gcc/arm-none-eabi/12.2.0/thumb/v7e-m/nofp\libg.a(libc_a-mlock.o)
                0x08004d90                __malloc_lock
 .text.__malloc_unlock
                0x08004d9c        0xc c:/progra~2/armgnu~1/1213fb~1.2mp/bin/../lib/gcc/arm-none-eabi/12.2.0/thumb/v7e-m/nofp\libg.a(libc_a-mlock.o)
                0x08004d9c                __malloc_unlock
 .text.memset   0x08004da8       0xa4 c:/progra~2/armgnu~1/1213fb~1.2mp/bin/../lib/gcc/arm-none-eabi/12.2.0/thumb/v7e-m/nofp\libg.a(libc_a-memset.o)
                0x08004da8                memset
 .text._sbrk_r  0x08004e4c       0x24 c:/progra~2/armgnu~1/1213fb~1.2mp/bin/../lib/gcc/arm-none-eabi/12.2.0/thumb/v7e-m/nofp\libg.a(libc_a-sbrkr.o)
                0x08004e4c                _sbrk_r
 .text.__errno  0x08004e70        0xc c:/progra~2/armgnu~1/1213fb~1.2mp/bin/../lib/gcc/arm-none-eabi/12.2.0/thumb/v7e-m/nofp\libg.a(libc_a-errno.o)
                0x08004e70                __errno
 .text.__libc_init_array
                0x08004e7c       0x50 c:/progra~2/armgnu~1/1213fb~1.2mp/bin/../lib/gcc/arm-none-eabi/12.2.0/thumb/v7e-m/nofp\libg.a(libc_a-init.o)
                0x08004e7c                __libc_init_array
 .text.__retarget_lock_acquire_recursive
                0x08004ecc        0x4 c:/progra~2/armgnu~1/1213fb~1.2mp/bin/../lib/gcc/arm-none-eabi/12.2.0/thumb/v7e-m/nofp\libg.a(libc_a-lock.o)
                0x08004ecc                __retarget_lock_acquire_recursive
 .text.__retarget_lock_release_recursive
                0x08004ed0        0x4 c:/progra~2/armgnu~1/1213fb~1.2mp/bin/../lib/gcc/arm-none-eabi/12.2.0/thumb/v7e-m/nofp\libg.a(libc_a-lock.o)
                0x08004ed0                __retarget_lock_release_recursive
 .text.startup.register_fini
                0x08004ed4       0x14 c:/progra~2/armgnu~1/1213fb~1.2mp/bin/../lib/gcc/arm-none-eabi/12.2.0/thumb/v7e-m/nofp\libg.a(libc_a-__call_atexit.o)
 .text.atexit   0x08004ee8        0xc c:/progra~2/armgnu~1/1213fb~1.2mp/bin/../lib/gcc/arm-none-eabi/12.2.0/thumb/v7e-m/nofp\libg.a(libc_a-atexit.o)
                0x08004ee8                atexit
 .text._malloc_trim_r
                0x08004ef4       0x9c c:/progra~2/armgnu~1/1213fb~1.2mp/bin/../lib/gcc/arm-none-eabi/12.2.0/thumb/v7e-m/nofp\libg.a(libc_a-freer.o)
                0x08004ef4                _malloc_trim_r
 .text._free_r  0x08004f90      0x204 c:/progra~2/armgnu~1/1213fb~1.2mp/bin/../lib/gcc/arm-none-eabi/12.2.0/thumb/v7e-m/nofp\libg.a(libc_a-freer.o)
                0x08004f90                _free_r
 .text.__libc_fini_array
                0x08005194       0x28 c:/progra~2/armgnu~1/1213fb~1.2mp/bin/../lib/gcc/arm-none-eabi/12.2.0/thumb/v7e-m/nofp\libg.a(libc_a-fini.o)
                0x08005194                __libc_fini_array
 .text.__register_exitproc
                0x080051bc       0x88 c:/progra~2/armgnu~1/1213fb~1.2mp/bin/../lib/gcc/arm-none-eabi/12.2.0/thumb/v7e-m/nofp\libg.a(libc_a-__atexit.o)
                0x080051bc                __register_exitproc
 *(.glue_7)
 .glue_7        0x08005244        0x0 linker stubs
 *(.glue_7t)
 .glue_7t       0x08005244        0x0 linker stubs
 *(.eh_frame)
 .eh_frame      0x08005244        0x0 c:/progra~2/armgnu~1/1213fb~1.2mp/bin/../lib/gcc/arm-none-eabi/12.2.0/thumb/v7e-m/nofp/crtbegin.o
 *(.init)
 .init          0x08005244        0x4 c:/progra~2/armgnu~1/1213fb~1.2mp/bin/../lib/gcc/arm-none-eabi/12.2.0/thumb/v7e-m/nofp/crti.o
                0x08005244                _init
 .init          0x08005248        0x8 c:/progra~2/armgnu~1/1213fb~1.2mp/bin/../lib/gcc/arm-none-eabi/12.2.0/thumb/v7e-m/nofp/crtn.o
 *(.fini)
 .fini          0x08005250        0x4 c:/progra~2/armgnu~1/1213fb~1.2mp/bin/../lib/gcc/arm-none-eabi/12.2.0/thumb/v7e-m/nofp/crti.o
                0x08005250                _fini
 .fini          0x08005254        0x8 c:/progra~2/armgnu~1/1213fb~1.2mp/bin/../lib/gcc/arm-none-eabi/12.2.0/thumb/v7e-m/nofp/crtn.o
                0x0800525c                        . = ALIGN (0x4)
                0x0800525c                        _etext = .

.vfp11_veneer   0x0800525c        0x0
 .vfp11_veneer  0x0800525c        0x0 linker stubs

.v4_bx          0x0800525c        0x0
 .v4_bx         0x0800525c        0x0 linker stubs

.iplt           0x0800525c        0x0
 .iplt          0x0800525c        0x0 c:/progra~2/armgnu~1/1213fb~1.2mp/bin/../lib/gcc/arm-none-eabi/12.2.0/thumb/v7e-m/nofp/crtbegin.o

.rodata         0x0800525c       0x1c
                0x0800525c                        . = ALIGN (0x4)
 *(.rodata)
 *(.rodata*)
 .rodata.APBPrescTable
                0x0800525c        0x8 CMakeFiles/testCmake.elf.dir/Core/Src/system_stm32f4xx.c.obj
                0x0800525c                APBPrescTable
 .rodata.AHBPrescTable
                0x08005264       0x10 CMakeFiles/testCmake.elf.dir/Core/Src/system_stm32f4xx.c.obj
                0x08005264                AHBPrescTable
 .rodata.str1.4
                0x08005274        0x4 CMakeFiles/testCmake.elf.dir/Middlewares/ST/STM32_USB_Host_Library/Class/CDC/Src/usbh_cdc.c.obj
                0x08005278                        . = ALIGN (0x4)

.ARM.extab      0x08005278        0x0
                0x08005278                        . = ALIGN (0x4)
 *(.ARM.extab* .gnu.linkonce.armextab.*)
                0x08005278                        . = ALIGN (0x4)

.ARM            0x08005278        0x8
                0x08005278                        . = ALIGN (0x4)
                0x08005278                        __exidx_start = .
 *(.ARM.exidx*)
 .ARM.exidx.text.__udivmoddi4
                0x08005278        0x8 c:/progra~2/armgnu~1/1213fb~1.2mp/bin/../lib/gcc/arm-none-eabi/12.2.0/thumb/v7e-m/nofp\libgcc.a(_udivmoddi4.o)
                0x08005280                        __exidx_end = .
                0x08005280                        . = ALIGN (0x4)

.rel.dyn        0x08005280        0x0
 .rel.iplt      0x08005280        0x0 c:/progra~2/armgnu~1/1213fb~1.2mp/bin/../lib/gcc/arm-none-eabi/12.2.0/thumb/v7e-m/nofp/crtbegin.o

.preinit_array  0x08005280        0x0
                0x08005280                        . = ALIGN (0x4)
                0x08005280                        PROVIDE (__preinit_array_start = .)
 *(.preinit_array*)
                0x08005280                        PROVIDE (__preinit_array_end = .)
                0x08005280                        . = ALIGN (0x4)

.init_array     0x08005280        0x8
                0x08005280                        . = ALIGN (0x4)
                0x08005280                        PROVIDE (__init_array_start = .)
 *(SORT_BY_NAME(.init_array.*))
 .init_array.00000
                0x08005280        0x4 c:/progra~2/armgnu~1/1213fb~1.2mp/bin/../lib/gcc/arm-none-eabi/12.2.0/thumb/v7e-m/nofp\libg.a(libc_a-__call_atexit.o)
 *(.init_array*)
 .init_array    0x08005284        0x4 c:/progra~2/armgnu~1/1213fb~1.2mp/bin/../lib/gcc/arm-none-eabi/12.2.0/thumb/v7e-m/nofp/crtbegin.o
                0x08005288                        PROVIDE (__init_array_end = .)
                0x08005288                        . = ALIGN (0x4)

.fini_array     0x08005288        0x4
                0x08005288                        . = ALIGN (0x4)
                0x08005288                        PROVIDE (__fini_array_start = .)
 *(SORT_BY_NAME(.fini_array.*))
 *(.fini_array*)
 .fini_array    0x08005288        0x4 c:/progra~2/armgnu~1/1213fb~1.2mp/bin/../lib/gcc/arm-none-eabi/12.2.0/thumb/v7e-m/nofp/crtbegin.o
                0x0800528c                        PROVIDE (__fini_array_end = .)
                0x0800528c                        . = ALIGN (0x4)
                0x0800528c                        _sidata = LOADADDR (.data)

.data           0x20000000      0x56c load address 0x0800528c
                0x20000000                        . = ALIGN (0x4)
                0x20000000                        _sdata = .
 *(.data)
 *(.data*)
 .data.SystemCoreClock
                0x20000000        0x4 CMakeFiles/testCmake.elf.dir/Core/Src/system_stm32f4xx.c.obj
                0x20000000                SystemCoreClock
 .data.uwTickFreq
                0x20000004        0x1 CMakeFiles/testCmake.elf.dir/Drivers/STM32F4xx_HAL_Driver/Src/stm32f4xx_hal.c.obj
                0x20000004                uwTickFreq
 *fill*         0x20000005        0x3 
 .data.uwTickPrio
                0x20000008        0x4 CMakeFiles/testCmake.elf.dir/Drivers/STM32F4xx_HAL_Driver/Src/stm32f4xx_hal.c.obj
                0x20000008                uwTickPrio
 .data.CDC_Class
                0x2000000c       0x20 CMakeFiles/testCmake.elf.dir/Middlewares/ST/STM32_USB_Host_Library/Class/CDC/Src/usbh_cdc.c.obj
                0x2000000c                CDC_Class
 .data.__malloc_sbrk_base
                0x2000002c        0x4 c:/progra~2/armgnu~1/1213fb~1.2mp/bin/../lib/gcc/arm-none-eabi/12.2.0/thumb/v7e-m/nofp\libg.a(libc_a-mallocr.o)
                0x2000002c                __malloc_sbrk_base
 .data.__malloc_trim_threshold
                0x20000030        0x4 c:/progra~2/armgnu~1/1213fb~1.2mp/bin/../lib/gcc/arm-none-eabi/12.2.0/thumb/v7e-m/nofp\libg.a(libc_a-mallocr.o)
                0x20000030                __malloc_trim_threshold
 *fill*         0x20000034        0x4 
 .data.__malloc_av_
                0x20000038      0x408 c:/progra~2/armgnu~1/1213fb~1.2mp/bin/../lib/gcc/arm-none-eabi/12.2.0/thumb/v7e-m/nofp\libg.a(libc_a-mallocr.o)
                0x20000038                __malloc_av_
 .data._impure_ptr
                0x20000440        0x4 c:/progra~2/armgnu~1/1213fb~1.2mp/bin/../lib/gcc/arm-none-eabi/12.2.0/thumb/v7e-m/nofp\libg.a(libc_a-impure.o)
                0x20000440                _impure_ptr
 *fill*         0x20000444        0x4 
 .data._impure_data
                0x20000448      0x120 c:/progra~2/armgnu~1/1213fb~1.2mp/bin/../lib/gcc/arm-none-eabi/12.2.0/thumb/v7e-m/nofp\libg.a(libc_a-impure.o)
                0x20000448                _impure_data
 .data.__atexit_recursive_mutex
                0x20000568        0x4 c:/progra~2/armgnu~1/1213fb~1.2mp/bin/../lib/gcc/arm-none-eabi/12.2.0/thumb/v7e-m/nofp\libg.a(libc_a-__call_atexit.o)
                0x20000568                __atexit_recursive_mutex
 *(.RamFunc)
 *(.RamFunc*)
                0x2000056c                        . = ALIGN (0x4)
                0x2000056c                        _edata = .
                0x080057f8                        _siccmram = LOADADDR (.ccmram)

.tm_clone_table
                0x2000056c        0x0 load address 0x080057f8
 .tm_clone_table
                0x2000056c        0x0 c:/progra~2/armgnu~1/1213fb~1.2mp/bin/../lib/gcc/arm-none-eabi/12.2.0/thumb/v7e-m/nofp/crtbegin.o
 .tm_clone_table
                0x2000056c        0x0 c:/progra~2/armgnu~1/1213fb~1.2mp/bin/../lib/gcc/arm-none-eabi/12.2.0/thumb/v7e-m/nofp/crtend.o

.igot.plt       0x2000056c        0x0 load address 0x080057f8
 .igot.plt      0x2000056c        0x0 c:/progra~2/armgnu~1/1213fb~1.2mp/bin/../lib/gcc/arm-none-eabi/12.2.0/thumb/v7e-m/nofp/crtbegin.o

.ccmram         0x10000000        0x0 load address 0x080057f8
                0x10000000                        . = ALIGN (0x4)
                0x10000000                        _sccmram = .
 *(.ccmram)
 *(.ccmram*)
                0x10000000                        . = ALIGN (0x4)
                0x10000000                        _eccmram = .
                0x10000000                        . = ALIGN (0x4)

.bss            0x2000056c      0xb04
                0x2000056c                        _sbss = .
                0x2000056c                        __bss_start__ = _sbss
 *(.bss)
 *(.bss*)
 .bss.completed.1
                0x2000056c        0x1 c:/progra~2/armgnu~1/1213fb~1.2mp/bin/../lib/gcc/arm-none-eabi/12.2.0/thumb/v7e-m/nofp/crtbegin.o
 *fill*         0x2000056d        0x3 
 .bss.object.0  0x20000570       0x18 c:/progra~2/armgnu~1/1213fb~1.2mp/bin/../lib/gcc/arm-none-eabi/12.2.0/thumb/v7e-m/nofp/crtbegin.o
 .bss.hspi1     0x20000588       0x58 CMakeFiles/testCmake.elf.dir/Core/Src/main.c.obj
                0x20000588                hspi1
 .bss.hi2s3     0x200005e0       0x48 CMakeFiles/testCmake.elf.dir/Core/Src/main.c.obj
                0x200005e0                hi2s3
 .bss.hi2c1     0x20000628       0x54 CMakeFiles/testCmake.elf.dir/Core/Src/main.c.obj
                0x20000628                hi2c1
 .bss.__sbrk_heap_end
                0x2000067c        0x4 CMakeFiles/testCmake.elf.dir/Core/Src/sysmem.c.obj
 .bss.uwTick    0x20000680        0x4 CMakeFiles/testCmake.elf.dir/Drivers/STM32F4xx_HAL_Driver/Src/stm32f4xx_hal.c.obj
                0x20000680                uwTick
 .bss.Appli_state
                0x20000684        0x1 CMakeFiles/testCmake.elf.dir/USB_HOST/App/usb_host.c.obj
                0x20000684                Appli_state
 *fill*         0x20000685        0x3 
 .bss.hUsbHostFS
                0x20000688      0x3d8 CMakeFiles/testCmake.elf.dir/USB_HOST/App/usb_host.c.obj
                0x20000688                hUsbHostFS
 .bss.hhcd_USB_OTG_FS
                0x20000a60      0x304 CMakeFiles/testCmake.elf.dir/USB_HOST/Target/usbh_conf.c.obj
                0x20000a60                hhcd_USB_OTG_FS
 .bss.__malloc_current_mallinfo
                0x20000d64       0x28 c:/progra~2/armgnu~1/1213fb~1.2mp/bin/../lib/gcc/arm-none-eabi/12.2.0/thumb/v7e-m/nofp\libg.a(libc_a-mallocr.o)
                0x20000d64                __malloc_current_mallinfo
 .bss.__malloc_max_total_mem
                0x20000d8c        0x4 c:/progra~2/armgnu~1/1213fb~1.2mp/bin/../lib/gcc/arm-none-eabi/12.2.0/thumb/v7e-m/nofp\libg.a(libc_a-mallocr.o)
                0x20000d8c                __malloc_max_total_mem
 .bss.__malloc_max_sbrked_mem
                0x20000d90        0x4 c:/progra~2/armgnu~1/1213fb~1.2mp/bin/../lib/gcc/arm-none-eabi/12.2.0/thumb/v7e-m/nofp\libg.a(libc_a-mallocr.o)
                0x20000d90                __malloc_max_sbrked_mem
 .bss.__malloc_top_pad
                0x20000d94        0x4 c:/progra~2/armgnu~1/1213fb~1.2mp/bin/../lib/gcc/arm-none-eabi/12.2.0/thumb/v7e-m/nofp\libg.a(libc_a-mallocr.o)
                0x20000d94                __malloc_top_pad
 .bss.__sf      0x20000d98      0x138 c:/progra~2/armgnu~1/1213fb~1.2mp/bin/../lib/gcc/arm-none-eabi/12.2.0/thumb/v7e-m/nofp\libg.a(libc_a-findfp.o)
                0x20000d98                __sf
 .bss.errno     0x20000ed0        0x4 c:/progra~2/armgnu~1/1213fb~1.2mp/bin/../lib/gcc/arm-none-eabi/12.2.0/thumb/v7e-m/nofp\libg.a(libc_a-reent.o)
                0x20000ed0                errno
 .bss.__lock___malloc_recursive_mutex
                0x20000ed4        0x1 c:/progra~2/armgnu~1/1213fb~1.2mp/bin/../lib/gcc/arm-none-eabi/12.2.0/thumb/v7e-m/nofp\libg.a(libc_a-lock.o)
                0x20000ed4                __lock___malloc_recursive_mutex
 *fill*         0x20000ed5        0x3 
 .bss.__lock___atexit_recursive_mutex
                0x20000ed8        0x1 c:/progra~2/armgnu~1/1213fb~1.2mp/bin/../lib/gcc/arm-none-eabi/12.2.0/thumb/v7e-m/nofp\libg.a(libc_a-lock.o)
                0x20000ed8                __lock___atexit_recursive_mutex
 *fill*         0x20000ed9        0x3 
 .bss.__atexit  0x20000edc        0x4 c:/progra~2/armgnu~1/1213fb~1.2mp/bin/../lib/gcc/arm-none-eabi/12.2.0/thumb/v7e-m/nofp\libg.a(libc_a-__call_atexit.o)
                0x20000edc                __atexit
 .bss.__atexit0
                0x20000ee0      0x190 c:/progra~2/armgnu~1/1213fb~1.2mp/bin/../lib/gcc/arm-none-eabi/12.2.0/thumb/v7e-m/nofp\libg.a(libc_a-__atexit.o)
                0x20000ee0                __atexit0
 *(COMMON)
                0x20001070                        . = ALIGN (0x4)
                0x20001070                        _ebss = .
                0x20001070                        __bss_end__ = _ebss

._user_heap_stack
                0x20001070      0x600
                0x20001070                        . = ALIGN (0x8)
                [!provide]                        PROVIDE (end = .)
                0x20001070                        PROVIDE (_end = .)
                0x20001270                        . = (. + _Min_Heap_Size)
 *fill*         0x20001070      0x200 
                0x20001670                        . = (. + _Min_Stack_Size)
 *fill*         0x20001270      0x400 
                0x20001670                        . = ALIGN (0x8)

/DISCARD/
 libc.a(*)
 libm.a(*)
 libgcc.a(*)

.ARM.attributes
                0x00000000       0x2a
 *(.ARM.attributes)
 .ARM.attributes
                0x00000000       0x1e c:/progra~2/armgnu~1/1213fb~1.2mp/bin/../lib/gcc/arm-none-eabi/12.2.0/thumb/v7e-m/nofp/crti.o
 .ARM.attributes
                0x0000001e       0x2e c:/progra~2/armgnu~1/1213fb~1.2mp/bin/../lib/gcc/arm-none-eabi/12.2.0/thumb/v7e-m/nofp/crtbegin.o
 .ARM.attributes
                0x0000004c       0x2e CMakeFiles/testCmake.elf.dir/Core/Src/main.c.obj
 .ARM.attributes
                0x0000007a       0x2e CMakeFiles/testCmake.elf.dir/Core/Src/stm32f4xx_hal_msp.c.obj
 .ARM.attributes
                0x000000a8       0x2e CMakeFiles/testCmake.elf.dir/Core/Src/stm32f4xx_it.c.obj
 .ARM.attributes
                0x000000d6       0x2e CMakeFiles/testCmake.elf.dir/Core/Src/sysmem.c.obj
 .ARM.attributes
                0x00000104       0x2e CMakeFiles/testCmake.elf.dir/Core/Src/system_stm32f4xx.c.obj
 .ARM.attributes
                0x00000132       0x21 CMakeFiles/testCmake.elf.dir/Core/Startup/startup_stm32f407vgtx.s.obj
 .ARM.attributes
                0x00000153       0x2e CMakeFiles/testCmake.elf.dir/Drivers/STM32F4xx_HAL_Driver/Src/stm32f4xx_hal.c.obj
 .ARM.attributes
                0x00000181       0x2e CMakeFiles/testCmake.elf.dir/Drivers/STM32F4xx_HAL_Driver/Src/stm32f4xx_hal_cortex.c.obj
 .ARM.attributes
                0x000001af       0x2e CMakeFiles/testCmake.elf.dir/Drivers/STM32F4xx_HAL_Driver/Src/stm32f4xx_hal_gpio.c.obj
 .ARM.attributes
                0x000001dd       0x2e CMakeFiles/testCmake.elf.dir/Drivers/STM32F4xx_HAL_Driver/Src/stm32f4xx_hal_hcd.c.obj
 .ARM.attributes
                0x0000020b       0x2e CMakeFiles/testCmake.elf.dir/Drivers/STM32F4xx_HAL_Driver/Src/stm32f4xx_hal_i2c.c.obj
 .ARM.attributes
                0x00000239       0x2e CMakeFiles/testCmake.elf.dir/Drivers/STM32F4xx_HAL_Driver/Src/stm32f4xx_hal_i2s.c.obj
 .ARM.attributes
                0x00000267       0x2e CMakeFiles/testCmake.elf.dir/Drivers/STM32F4xx_HAL_Driver/Src/stm32f4xx_hal_i2s_ex.c.obj
 .ARM.attributes
                0x00000295       0x2e CMakeFiles/testCmake.elf.dir/Drivers/STM32F4xx_HAL_Driver/Src/stm32f4xx_hal_rcc.c.obj
 .ARM.attributes
                0x000002c3       0x2e CMakeFiles/testCmake.elf.dir/Drivers/STM32F4xx_HAL_Driver/Src/stm32f4xx_hal_rcc_ex.c.obj
 .ARM.attributes
                0x000002f1       0x2e CMakeFiles/testCmake.elf.dir/Drivers/STM32F4xx_HAL_Driver/Src/stm32f4xx_hal_spi.c.obj
 .ARM.attributes
                0x0000031f       0x2e CMakeFiles/testCmake.elf.dir/Drivers/STM32F4xx_HAL_Driver/Src/stm32f4xx_ll_usb.c.obj
 .ARM.attributes
                0x0000034d       0x2e CMakeFiles/testCmake.elf.dir/Middlewares/ST/STM32_USB_Host_Library/Class/CDC/Src/usbh_cdc.c.obj
 .ARM.attributes
                0x0000037b       0x2e CMakeFiles/testCmake.elf.dir/Middlewares/ST/STM32_USB_Host_Library/Core/Src/usbh_core.c.obj
 .ARM.attributes
                0x000003a9       0x2e CMakeFiles/testCmake.elf.dir/Middlewares/ST/STM32_USB_Host_Library/Core/Src/usbh_ctlreq.c.obj
 .ARM.attributes
                0x000003d7       0x2e CMakeFiles/testCmake.elf.dir/Middlewares/ST/STM32_USB_Host_Library/Core/Src/usbh_ioreq.c.obj
 .ARM.attributes
                0x00000405       0x2e CMakeFiles/testCmake.elf.dir/Middlewares/ST/STM32_USB_Host_Library/Core/Src/usbh_pipes.c.obj
 .ARM.attributes
                0x00000433       0x2e CMakeFiles/testCmake.elf.dir/USB_HOST/App/usb_host.c.obj
 .ARM.attributes
                0x00000461       0x2e CMakeFiles/testCmake.elf.dir/USB_HOST/Target/usbh_conf.c.obj
 .ARM.attributes
                0x0000048f       0x2e CMakeFiles/testCmake.elf.dir/USB_HOST/Target/usbh_platform.c.obj
 .ARM.attributes
                0x000004bd       0x1e c:/progra~2/armgnu~1/1213fb~1.2mp/bin/../lib/gcc/arm-none-eabi/12.2.0/thumb/v7e-m/nofp\libgcc.a(_aeabi_uldivmod.o)
 .ARM.attributes
                0x000004db       0x2e c:/progra~2/armgnu~1/1213fb~1.2mp/bin/../lib/gcc/arm-none-eabi/12.2.0/thumb/v7e-m/nofp\libgcc.a(_udivmoddi4.o)
 .ARM.attributes
                0x00000509       0x1e c:/progra~2/armgnu~1/1213fb~1.2mp/bin/../lib/gcc/arm-none-eabi/12.2.0/thumb/v7e-m/nofp\libgcc.a(_dvmd_tls.o)
 .ARM.attributes
                0x00000527       0x2e c:/progra~2/armgnu~1/1213fb~1.2mp/bin/../lib/gcc/arm-none-eabi/12.2.0/thumb/v7e-m/nofp\libg.a(libc_a-malloc.o)
 .ARM.attributes
                0x00000555       0x2e c:/progra~2/armgnu~1/1213fb~1.2mp/bin/../lib/gcc/arm-none-eabi/12.2.0/thumb/v7e-m/nofp\libg.a(libc_a-mallocr.o)
 .ARM.attributes
                0x00000583       0x2e c:/progra~2/armgnu~1/1213fb~1.2mp/bin/../lib/gcc/arm-none-eabi/12.2.0/thumb/v7e-m/nofp\libg.a(libc_a-mlock.o)
 .ARM.attributes
                0x000005b1       0x2e c:/progra~2/armgnu~1/1213fb~1.2mp/bin/../lib/gcc/arm-none-eabi/12.2.0/thumb/v7e-m/nofp\libg.a(libc_a-findfp.o)
 .ARM.attributes
                0x000005df       0x2e c:/progra~2/armgnu~1/1213fb~1.2mp/bin/../lib/gcc/arm-none-eabi/12.2.0/thumb/v7e-m/nofp\libg.a(libc_a-memset.o)
 .ARM.attributes
                0x0000060d       0x2e c:/progra~2/armgnu~1/1213fb~1.2mp/bin/../lib/gcc/arm-none-eabi/12.2.0/thumb/v7e-m/nofp\libg.a(libc_a-reent.o)
 .ARM.attributes
                0x0000063b       0x2e c:/progra~2/armgnu~1/1213fb~1.2mp/bin/../lib/gcc/arm-none-eabi/12.2.0/thumb/v7e-m/nofp\libg.a(libc_a-impure.o)
 .ARM.attributes
                0x00000669       0x2e c:/progra~2/armgnu~1/1213fb~1.2mp/bin/../lib/gcc/arm-none-eabi/12.2.0/thumb/v7e-m/nofp\libg.a(libc_a-sbrkr.o)
 .ARM.attributes
                0x00000697       0x2e c:/progra~2/armgnu~1/1213fb~1.2mp/bin/../lib/gcc/arm-none-eabi/12.2.0/thumb/v7e-m/nofp\libg.a(libc_a-errno.o)
 .ARM.attributes
                0x000006c5       0x2e c:/progra~2/armgnu~1/1213fb~1.2mp/bin/../lib/gcc/arm-none-eabi/12.2.0/thumb/v7e-m/nofp\libg.a(libc_a-init.o)
 .ARM.attributes
                0x000006f3       0x2e c:/progra~2/armgnu~1/1213fb~1.2mp/bin/../lib/gcc/arm-none-eabi/12.2.0/thumb/v7e-m/nofp\libg.a(libc_a-lock.o)
 .ARM.attributes
                0x00000721       0x2e c:/progra~2/armgnu~1/1213fb~1.2mp/bin/../lib/gcc/arm-none-eabi/12.2.0/thumb/v7e-m/nofp\libg.a(libc_a-__call_atexit.o)
 .ARM.attributes
                0x0000074f       0x2e c:/progra~2/armgnu~1/1213fb~1.2mp/bin/../lib/gcc/arm-none-eabi/12.2.0/thumb/v7e-m/nofp\libg.a(libc_a-atexit.o)
 .ARM.attributes
                0x0000077d       0x2e c:/progra~2/armgnu~1/1213fb~1.2mp/bin/../lib/gcc/arm-none-eabi/12.2.0/thumb/v7e-m/nofp\libg.a(libc_a-freer.o)
 .ARM.attributes
                0x000007ab       0x2e c:/progra~2/armgnu~1/1213fb~1.2mp/bin/../lib/gcc/arm-none-eabi/12.2.0/thumb/v7e-m/nofp\libg.a(libc_a-fini.o)
 .ARM.attributes
                0x000007d9       0x2e c:/progra~2/armgnu~1/1213fb~1.2mp/bin/../lib/gcc/arm-none-eabi/12.2.0/thumb/v7e-m/nofp\libg.a(libc_a-__atexit.o)
 .ARM.attributes
                0x00000807       0x2e c:/progra~2/armgnu~1/1213fb~1.2mp/bin/../lib/gcc/arm-none-eabi/12.2.0/thumb/v7e-m/nofp/crtend.o
 .ARM.attributes
                0x00000835       0x1e c:/progra~2/armgnu~1/1213fb~1.2mp/bin/../lib/gcc/arm-none-eabi/12.2.0/thumb/v7e-m/nofp/crtn.o
OUTPUT(testCmake.elf elf32-littlearm)
LOAD linker stubs
LOAD c:/progra~2/armgnu~1/1213fb~1.2mp/bin/../lib/gcc/arm-none-eabi/12.2.0/thumb/v7e-m/nofp\libc.a
LOAD c:/progra~2/armgnu~1/1213fb~1.2mp/bin/../lib/gcc/arm-none-eabi/12.2.0/thumb/v7e-m/nofp\libm.a
LOAD c:/progra~2/armgnu~1/1213fb~1.2mp/bin/../lib/gcc/arm-none-eabi/12.2.0/thumb/v7e-m/nofp\libgcc.a

.comment        0x00000000       0x4c
 .comment       0x00000000       0x4c c:/progra~2/armgnu~1/1213fb~1.2mp/bin/../lib/gcc/arm-none-eabi/12.2.0/thumb/v7e-m/nofp/crtbegin.o
                                 0x4d (size before relaxing)
 .comment       0x0000004c       0x4d CMakeFiles/testCmake.elf.dir/Core/Src/main.c.obj
 .comment       0x0000004c       0x4d CMakeFiles/testCmake.elf.dir/Core/Src/stm32f4xx_hal_msp.c.obj
 .comment       0x0000004c       0x4d CMakeFiles/testCmake.elf.dir/Core/Src/stm32f4xx_it.c.obj
 .comment       0x0000004c       0x4d CMakeFiles/testCmake.elf.dir/Core/Src/sysmem.c.obj
 .comment       0x0000004c       0x4d CMakeFiles/testCmake.elf.dir/Core/Src/system_stm32f4xx.c.obj
 .comment       0x0000004c       0x4d CMakeFiles/testCmake.elf.dir/Drivers/STM32F4xx_HAL_Driver/Src/stm32f4xx_hal.c.obj
 .comment       0x0000004c       0x4d CMakeFiles/testCmake.elf.dir/Drivers/STM32F4xx_HAL_Driver/Src/stm32f4xx_hal_cortex.c.obj
 .comment       0x0000004c       0x4d CMakeFiles/testCmake.elf.dir/Drivers/STM32F4xx_HAL_Driver/Src/stm32f4xx_hal_gpio.c.obj
 .comment       0x0000004c       0x4d CMakeFiles/testCmake.elf.dir/Drivers/STM32F4xx_HAL_Driver/Src/stm32f4xx_hal_hcd.c.obj
 .comment       0x0000004c       0x4d CMakeFiles/testCmake.elf.dir/Drivers/STM32F4xx_HAL_Driver/Src/stm32f4xx_hal_i2c.c.obj
 .comment       0x0000004c       0x4d CMakeFiles/testCmake.elf.dir/Drivers/STM32F4xx_HAL_Driver/Src/stm32f4xx_hal_i2s.c.obj
 .comment       0x0000004c       0x4d CMakeFiles/testCmake.elf.dir/Drivers/STM32F4xx_HAL_Driver/Src/stm32f4xx_hal_i2s_ex.c.obj
 .comment       0x0000004c       0x4d CMakeFiles/testCmake.elf.dir/Drivers/STM32F4xx_HAL_Driver/Src/stm32f4xx_hal_rcc.c.obj
 .comment       0x0000004c       0x4d CMakeFiles/testCmake.elf.dir/Drivers/STM32F4xx_HAL_Driver/Src/stm32f4xx_hal_rcc_ex.c.obj
 .comment       0x0000004c       0x4d CMakeFiles/testCmake.elf.dir/Drivers/STM32F4xx_HAL_Driver/Src/stm32f4xx_hal_spi.c.obj
 .comment       0x0000004c       0x4d CMakeFiles/testCmake.elf.dir/Drivers/STM32F4xx_HAL_Driver/Src/stm32f4xx_ll_usb.c.obj
 .comment       0x0000004c       0x4d CMakeFiles/testCmake.elf.dir/Middlewares/ST/STM32_USB_Host_Library/Class/CDC/Src/usbh_cdc.c.obj
 .comment       0x0000004c       0x4d CMakeFiles/testCmake.elf.dir/Middlewares/ST/STM32_USB_Host_Library/Core/Src/usbh_core.c.obj
 .comment       0x0000004c       0x4d CMakeFiles/testCmake.elf.dir/Middlewares/ST/STM32_USB_Host_Library/Core/Src/usbh_ctlreq.c.obj
 .comment       0x0000004c       0x4d CMakeFiles/testCmake.elf.dir/Middlewares/ST/STM32_USB_Host_Library/Core/Src/usbh_ioreq.c.obj
 .comment       0x0000004c       0x4d CMakeFiles/testCmake.elf.dir/Middlewares/ST/STM32_USB_Host_Library/Core/Src/usbh_pipes.c.obj
 .comment       0x0000004c       0x4d CMakeFiles/testCmake.elf.dir/USB_HOST/App/usb_host.c.obj
 .comment       0x0000004c       0x4d CMakeFiles/testCmake.elf.dir/USB_HOST/Target/usbh_conf.c.obj
 .comment       0x0000004c       0x4d CMakeFiles/testCmake.elf.dir/USB_HOST/Target/usbh_platform.c.obj
 .comment       0x0000004c       0x4d c:/progra~2/armgnu~1/1213fb~1.2mp/bin/../lib/gcc/arm-none-eabi/12.2.0/thumb/v7e-m/nofp\libgcc.a(_udivmoddi4.o)
 .comment       0x0000004c       0x4d c:/progra~2/armgnu~1/1213fb~1.2mp/bin/../lib/gcc/arm-none-eabi/12.2.0/thumb/v7e-m/nofp\libg.a(libc_a-malloc.o)
 .comment       0x0000004c       0x4d c:/progra~2/armgnu~1/1213fb~1.2mp/bin/../lib/gcc/arm-none-eabi/12.2.0/thumb/v7e-m/nofp\libg.a(libc_a-mallocr.o)
 .comment       0x0000004c       0x4d c:/progra~2/armgnu~1/1213fb~1.2mp/bin/../lib/gcc/arm-none-eabi/12.2.0/thumb/v7e-m/nofp\libg.a(libc_a-mlock.o)
 .comment       0x0000004c       0x4d c:/progra~2/armgnu~1/1213fb~1.2mp/bin/../lib/gcc/arm-none-eabi/12.2.0/thumb/v7e-m/nofp\libg.a(libc_a-findfp.o)
 .comment       0x0000004c       0x4d c:/progra~2/armgnu~1/1213fb~1.2mp/bin/../lib/gcc/arm-none-eabi/12.2.0/thumb/v7e-m/nofp\libg.a(libc_a-memset.o)
 .comment       0x0000004c       0x4d c:/progra~2/armgnu~1/1213fb~1.2mp/bin/../lib/gcc/arm-none-eabi/12.2.0/thumb/v7e-m/nofp\libg.a(libc_a-reent.o)
 .comment       0x0000004c       0x4d c:/progra~2/armgnu~1/1213fb~1.2mp/bin/../lib/gcc/arm-none-eabi/12.2.0/thumb/v7e-m/nofp\libg.a(libc_a-impure.o)
 .comment       0x0000004c       0x4d c:/progra~2/armgnu~1/1213fb~1.2mp/bin/../lib/gcc/arm-none-eabi/12.2.0/thumb/v7e-m/nofp\libg.a(libc_a-sbrkr.o)
 .comment       0x0000004c       0x4d c:/progra~2/armgnu~1/1213fb~1.2mp/bin/../lib/gcc/arm-none-eabi/12.2.0/thumb/v7e-m/nofp\libg.a(libc_a-errno.o)
 .comment       0x0000004c       0x4d c:/progra~2/armgnu~1/1213fb~1.2mp/bin/../lib/gcc/arm-none-eabi/12.2.0/thumb/v7e-m/nofp\libg.a(libc_a-init.o)
 .comment       0x0000004c       0x4d c:/progra~2/armgnu~1/1213fb~1.2mp/bin/../lib/gcc/arm-none-eabi/12.2.0/thumb/v7e-m/nofp\libg.a(libc_a-lock.o)
 .comment       0x0000004c       0x4d c:/progra~2/armgnu~1/1213fb~1.2mp/bin/../lib/gcc/arm-none-eabi/12.2.0/thumb/v7e-m/nofp\libg.a(libc_a-__call_atexit.o)
 .comment       0x0000004c       0x4d c:/progra~2/armgnu~1/1213fb~1.2mp/bin/../lib/gcc/arm-none-eabi/12.2.0/thumb/v7e-m/nofp\libg.a(libc_a-atexit.o)
 .comment       0x0000004c       0x4d c:/progra~2/armgnu~1/1213fb~1.2mp/bin/../lib/gcc/arm-none-eabi/12.2.0/thumb/v7e-m/nofp\libg.a(libc_a-freer.o)
 .comment       0x0000004c       0x4d c:/progra~2/armgnu~1/1213fb~1.2mp/bin/../lib/gcc/arm-none-eabi/12.2.0/thumb/v7e-m/nofp\libg.a(libc_a-fini.o)
 .comment       0x0000004c       0x4d c:/progra~2/armgnu~1/1213fb~1.2mp/bin/../lib/gcc/arm-none-eabi/12.2.0/thumb/v7e-m/nofp\libg.a(libc_a-__atexit.o)
 .comment       0x0000004c       0x4d c:/progra~2/armgnu~1/1213fb~1.2mp/bin/../lib/gcc/arm-none-eabi/12.2.0/thumb/v7e-m/nofp/crtend.o

.debug_info     0x00000000    0x1f6b9
 .debug_info    0x00000000     0x132f CMakeFiles/testCmake.elf.dir/Core/Src/main.c.obj
 .debug_info    0x0000132f     0x111d CMakeFiles/testCmake.elf.dir/Core/Src/stm32f4xx_hal_msp.c.obj
 .debug_info    0x0000244c      0x650 CMakeFiles/testCmake.elf.dir/Core/Src/stm32f4xx_it.c.obj
 .debug_info    0x00002a9c      0x171 CMakeFiles/testCmake.elf.dir/Core/Src/sysmem.c.obj
 .debug_info    0x00002c0d      0x334 CMakeFiles/testCmake.elf.dir/Core/Src/system_stm32f4xx.c.obj
 .debug_info    0x00002f41       0x2e CMakeFiles/testCmake.elf.dir/Core/Startup/startup_stm32f407vgtx.s.obj
 .debug_info    0x00002f6f      0x9e6 CMakeFiles/testCmake.elf.dir/Drivers/STM32F4xx_HAL_Driver/Src/stm32f4xx_hal.c.obj
 .debug_info    0x00003955      0xf7d CMakeFiles/testCmake.elf.dir/Drivers/STM32F4xx_HAL_Driver/Src/stm32f4xx_hal_cortex.c.obj
 .debug_info    0x000048d2      0x704 CMakeFiles/testCmake.elf.dir/Drivers/STM32F4xx_HAL_Driver/Src/stm32f4xx_hal_gpio.c.obj
 .debug_info    0x00004fd6     0x14cc CMakeFiles/testCmake.elf.dir/Drivers/STM32F4xx_HAL_Driver/Src/stm32f4xx_hal_hcd.c.obj
 .debug_info    0x000064a2     0x376e CMakeFiles/testCmake.elf.dir/Drivers/STM32F4xx_HAL_Driver/Src/stm32f4xx_hal_i2c.c.obj
 .debug_info    0x00009c10     0x1136 CMakeFiles/testCmake.elf.dir/Drivers/STM32F4xx_HAL_Driver/Src/stm32f4xx_hal_i2s.c.obj
 .debug_info    0x0000ad46      0xda9 CMakeFiles/testCmake.elf.dir/Drivers/STM32F4xx_HAL_Driver/Src/stm32f4xx_hal_i2s_ex.c.obj
 .debug_info    0x0000baef      0xa6f CMakeFiles/testCmake.elf.dir/Drivers/STM32F4xx_HAL_Driver/Src/stm32f4xx_hal_rcc.c.obj
 .debug_info    0x0000c55e      0x655 CMakeFiles/testCmake.elf.dir/Drivers/STM32F4xx_HAL_Driver/Src/stm32f4xx_hal_rcc_ex.c.obj
 .debug_info    0x0000cbb3     0x1d76 CMakeFiles/testCmake.elf.dir/Drivers/STM32F4xx_HAL_Driver/Src/stm32f4xx_hal_spi.c.obj
 .debug_info    0x0000e929     0x1deb CMakeFiles/testCmake.elf.dir/Drivers/STM32F4xx_HAL_Driver/Src/stm32f4xx_ll_usb.c.obj
 .debug_info    0x00010714     0x18a9 CMakeFiles/testCmake.elf.dir/Middlewares/ST/STM32_USB_Host_Library/Class/CDC/Src/usbh_cdc.c.obj
 .debug_info    0x00011fbd     0x154a CMakeFiles/testCmake.elf.dir/Middlewares/ST/STM32_USB_Host_Library/Core/Src/usbh_core.c.obj
 .debug_info    0x00013507     0x1399 CMakeFiles/testCmake.elf.dir/Middlewares/ST/STM32_USB_Host_Library/Core/Src/usbh_ctlreq.c.obj
 .debug_info    0x000148a0      0xe88 CMakeFiles/testCmake.elf.dir/Middlewares/ST/STM32_USB_Host_Library/Core/Src/usbh_ioreq.c.obj
 .debug_info    0x00015728      0xb17 CMakeFiles/testCmake.elf.dir/Middlewares/ST/STM32_USB_Host_Library/Core/Src/usbh_pipes.c.obj
 .debug_info    0x0001623f      0xa95 CMakeFiles/testCmake.elf.dir/USB_HOST/App/usb_host.c.obj
 .debug_info    0x00016cd4     0x1f7e CMakeFiles/testCmake.elf.dir/USB_HOST/Target/usbh_conf.c.obj
 .debug_info    0x00018c52      0x1f6 CMakeFiles/testCmake.elf.dir/USB_HOST/Target/usbh_platform.c.obj
 .debug_info    0x00018e48       0x24 c:/progra~2/armgnu~1/1213fb~1.2mp/bin/../lib/gcc/arm-none-eabi/12.2.0/thumb/v7e-m/nofp\libgcc.a(_aeabi_uldivmod.o)
 .debug_info    0x00018e6c      0x6f5 c:/progra~2/armgnu~1/1213fb~1.2mp/bin/../lib/gcc/arm-none-eabi/12.2.0/thumb/v7e-m/nofp\libgcc.a(_udivmoddi4.o)
 .debug_info    0x00019561       0x39 c:/progra~2/armgnu~1/1213fb~1.2mp/bin/../lib/gcc/arm-none-eabi/12.2.0/thumb/v7e-m/nofp\libgcc.a(_dvmd_tls.o)
 .debug_info    0x0001959a      0x7b1 c:/progra~2/armgnu~1/1213fb~1.2mp/bin/../lib/gcc/arm-none-eabi/12.2.0/thumb/v7e-m/nofp\libg.a(libc_a-malloc.o)
 .debug_info    0x00019d4b      0xcbd c:/progra~2/armgnu~1/1213fb~1.2mp/bin/../lib/gcc/arm-none-eabi/12.2.0/thumb/v7e-m/nofp\libg.a(libc_a-mallocr.o)
 .debug_info    0x0001aa08      0x788 c:/progra~2/armgnu~1/1213fb~1.2mp/bin/../lib/gcc/arm-none-eabi/12.2.0/thumb/v7e-m/nofp\libg.a(libc_a-mlock.o)
 .debug_info    0x0001b190     0x109f c:/progra~2/armgnu~1/1213fb~1.2mp/bin/../lib/gcc/arm-none-eabi/12.2.0/thumb/v7e-m/nofp\libg.a(libc_a-findfp.o)
 .debug_info    0x0001c22f      0x135 c:/progra~2/armgnu~1/1213fb~1.2mp/bin/../lib/gcc/arm-none-eabi/12.2.0/thumb/v7e-m/nofp\libg.a(libc_a-memset.o)
 .debug_info    0x0001c364      0x7ee c:/progra~2/armgnu~1/1213fb~1.2mp/bin/../lib/gcc/arm-none-eabi/12.2.0/thumb/v7e-m/nofp\libg.a(libc_a-reent.o)
 .debug_info    0x0001cb52      0x732 c:/progra~2/armgnu~1/1213fb~1.2mp/bin/../lib/gcc/arm-none-eabi/12.2.0/thumb/v7e-m/nofp\libg.a(libc_a-impure.o)
 .debug_info    0x0001d284      0x799 c:/progra~2/armgnu~1/1213fb~1.2mp/bin/../lib/gcc/arm-none-eabi/12.2.0/thumb/v7e-m/nofp\libg.a(libc_a-sbrkr.o)
 .debug_info    0x0001da1d      0x718 c:/progra~2/armgnu~1/1213fb~1.2mp/bin/../lib/gcc/arm-none-eabi/12.2.0/thumb/v7e-m/nofp\libg.a(libc_a-errno.o)
 .debug_info    0x0001e135      0x10b c:/progra~2/armgnu~1/1213fb~1.2mp/bin/../lib/gcc/arm-none-eabi/12.2.0/thumb/v7e-m/nofp\libg.a(libc_a-init.o)
 .debug_info    0x0001e240      0x20a c:/progra~2/armgnu~1/1213fb~1.2mp/bin/../lib/gcc/arm-none-eabi/12.2.0/thumb/v7e-m/nofp\libg.a(libc_a-lock.o)
 .debug_info    0x0001e44a      0x2dd c:/progra~2/armgnu~1/1213fb~1.2mp/bin/../lib/gcc/arm-none-eabi/12.2.0/thumb/v7e-m/nofp\libg.a(libc_a-__call_atexit.o)
 .debug_info    0x0001e727      0x118 c:/progra~2/armgnu~1/1213fb~1.2mp/bin/../lib/gcc/arm-none-eabi/12.2.0/thumb/v7e-m/nofp\libg.a(libc_a-atexit.o)
 .debug_info    0x0001e83f      0xb24 c:/progra~2/armgnu~1/1213fb~1.2mp/bin/../lib/gcc/arm-none-eabi/12.2.0/thumb/v7e-m/nofp\libg.a(libc_a-freer.o)
 .debug_info    0x0001f363       0xf7 c:/progra~2/armgnu~1/1213fb~1.2mp/bin/../lib/gcc/arm-none-eabi/12.2.0/thumb/v7e-m/nofp\libg.a(libc_a-fini.o)
 .debug_info    0x0001f45a      0x25f c:/progra~2/armgnu~1/1213fb~1.2mp/bin/../lib/gcc/arm-none-eabi/12.2.0/thumb/v7e-m/nofp\libg.a(libc_a-__atexit.o)

.debug_abbrev   0x00000000     0x5a70
 .debug_abbrev  0x00000000      0x29f CMakeFiles/testCmake.elf.dir/Core/Src/main.c.obj
 .debug_abbrev  0x0000029f      0x23f CMakeFiles/testCmake.elf.dir/Core/Src/stm32f4xx_hal_msp.c.obj
 .debug_abbrev  0x000004de      0x1ad CMakeFiles/testCmake.elf.dir/Core/Src/stm32f4xx_it.c.obj
 .debug_abbrev  0x0000068b       0xea CMakeFiles/testCmake.elf.dir/Core/Src/sysmem.c.obj
 .debug_abbrev  0x00000775      0x120 CMakeFiles/testCmake.elf.dir/Core/Src/system_stm32f4xx.c.obj
 .debug_abbrev  0x00000895       0x1d CMakeFiles/testCmake.elf.dir/Core/Startup/startup_stm32f407vgtx.s.obj
 .debug_abbrev  0x000008b2      0x23f CMakeFiles/testCmake.elf.dir/Drivers/STM32F4xx_HAL_Driver/Src/stm32f4xx_hal.c.obj
 .debug_abbrev  0x00000af1      0x39b CMakeFiles/testCmake.elf.dir/Drivers/STM32F4xx_HAL_Driver/Src/stm32f4xx_hal_cortex.c.obj
 .debug_abbrev  0x00000e8c      0x202 CMakeFiles/testCmake.elf.dir/Drivers/STM32F4xx_HAL_Driver/Src/stm32f4xx_hal_gpio.c.obj
 .debug_abbrev  0x0000108e      0x2c4 CMakeFiles/testCmake.elf.dir/Drivers/STM32F4xx_HAL_Driver/Src/stm32f4xx_hal_hcd.c.obj
 .debug_abbrev  0x00001352      0x2c3 CMakeFiles/testCmake.elf.dir/Drivers/STM32F4xx_HAL_Driver/Src/stm32f4xx_hal_i2c.c.obj
 .debug_abbrev  0x00001615      0x273 CMakeFiles/testCmake.elf.dir/Drivers/STM32F4xx_HAL_Driver/Src/stm32f4xx_hal_i2s.c.obj
 .debug_abbrev  0x00001888      0x2a8 CMakeFiles/testCmake.elf.dir/Drivers/STM32F4xx_HAL_Driver/Src/stm32f4xx_hal_i2s_ex.c.obj
 .debug_abbrev  0x00001b30      0x2c6 CMakeFiles/testCmake.elf.dir/Drivers/STM32F4xx_HAL_Driver/Src/stm32f4xx_hal_rcc.c.obj
 .debug_abbrev  0x00001df6      0x1c3 CMakeFiles/testCmake.elf.dir/Drivers/STM32F4xx_HAL_Driver/Src/stm32f4xx_hal_rcc_ex.c.obj
 .debug_abbrev  0x00001fb9      0x27c CMakeFiles/testCmake.elf.dir/Drivers/STM32F4xx_HAL_Driver/Src/stm32f4xx_hal_spi.c.obj
 .debug_abbrev  0x00002235      0x322 CMakeFiles/testCmake.elf.dir/Drivers/STM32F4xx_HAL_Driver/Src/stm32f4xx_ll_usb.c.obj
 .debug_abbrev  0x00002557      0x35e CMakeFiles/testCmake.elf.dir/Middlewares/ST/STM32_USB_Host_Library/Class/CDC/Src/usbh_cdc.c.obj
 .debug_abbrev  0x000028b5      0x34e CMakeFiles/testCmake.elf.dir/Middlewares/ST/STM32_USB_Host_Library/Core/Src/usbh_core.c.obj
 .debug_abbrev  0x00002c03      0x336 CMakeFiles/testCmake.elf.dir/Middlewares/ST/STM32_USB_Host_Library/Core/Src/usbh_ctlreq.c.obj
 .debug_abbrev  0x00002f39      0x25b CMakeFiles/testCmake.elf.dir/Middlewares/ST/STM32_USB_Host_Library/Core/Src/usbh_ioreq.c.obj
 .debug_abbrev  0x00003194      0x2a2 CMakeFiles/testCmake.elf.dir/Middlewares/ST/STM32_USB_Host_Library/Core/Src/usbh_pipes.c.obj
 .debug_abbrev  0x00003436      0x2ab CMakeFiles/testCmake.elf.dir/USB_HOST/App/usb_host.c.obj
 .debug_abbrev  0x000036e1      0x3e8 CMakeFiles/testCmake.elf.dir/USB_HOST/Target/usbh_conf.c.obj
 .debug_abbrev  0x00003ac9      0x12a CMakeFiles/testCmake.elf.dir/USB_HOST/Target/usbh_platform.c.obj
 .debug_abbrev  0x00003bf3       0x14 c:/progra~2/armgnu~1/1213fb~1.2mp/bin/../lib/gcc/arm-none-eabi/12.2.0/thumb/v7e-m/nofp\libgcc.a(_aeabi_uldivmod.o)
 .debug_abbrev  0x00003c07      0x16a c:/progra~2/armgnu~1/1213fb~1.2mp/bin/../lib/gcc/arm-none-eabi/12.2.0/thumb/v7e-m/nofp\libgcc.a(_udivmoddi4.o)
 .debug_abbrev  0x00003d71       0x1f c:/progra~2/armgnu~1/1213fb~1.2mp/bin/../lib/gcc/arm-none-eabi/12.2.0/thumb/v7e-m/nofp\libgcc.a(_dvmd_tls.o)
 .debug_abbrev  0x00003d90      0x20b c:/progra~2/armgnu~1/1213fb~1.2mp/bin/../lib/gcc/arm-none-eabi/12.2.0/thumb/v7e-m/nofp\libg.a(libc_a-malloc.o)
 .debug_abbrev  0x00003f9b      0x2d7 c:/progra~2/armgnu~1/1213fb~1.2mp/bin/../lib/gcc/arm-none-eabi/12.2.0/thumb/v7e-m/nofp\libg.a(libc_a-mallocr.o)
 .debug_abbrev  0x00004272      0x1fb c:/progra~2/armgnu~1/1213fb~1.2mp/bin/../lib/gcc/arm-none-eabi/12.2.0/thumb/v7e-m/nofp\libg.a(libc_a-mlock.o)
 .debug_abbrev  0x0000446d      0x45c c:/progra~2/armgnu~1/1213fb~1.2mp/bin/../lib/gcc/arm-none-eabi/12.2.0/thumb/v7e-m/nofp\libg.a(libc_a-findfp.o)
 .debug_abbrev  0x000048c9       0xb7 c:/progra~2/armgnu~1/1213fb~1.2mp/bin/../lib/gcc/arm-none-eabi/12.2.0/thumb/v7e-m/nofp\libg.a(libc_a-memset.o)
 .debug_abbrev  0x00004980      0x22b c:/progra~2/armgnu~1/1213fb~1.2mp/bin/../lib/gcc/arm-none-eabi/12.2.0/thumb/v7e-m/nofp\libg.a(libc_a-reent.o)
 .debug_abbrev  0x00004bab      0x185 c:/progra~2/armgnu~1/1213fb~1.2mp/bin/../lib/gcc/arm-none-eabi/12.2.0/thumb/v7e-m/nofp\libg.a(libc_a-impure.o)
 .debug_abbrev  0x00004d30      0x216 c:/progra~2/armgnu~1/1213fb~1.2mp/bin/../lib/gcc/arm-none-eabi/12.2.0/thumb/v7e-m/nofp\libg.a(libc_a-sbrkr.o)
 .debug_abbrev  0x00004f46      0x19a c:/progra~2/armgnu~1/1213fb~1.2mp/bin/../lib/gcc/arm-none-eabi/12.2.0/thumb/v7e-m/nofp\libg.a(libc_a-errno.o)
 .debug_abbrev  0x000050e0       0xc9 c:/progra~2/armgnu~1/1213fb~1.2mp/bin/../lib/gcc/arm-none-eabi/12.2.0/thumb/v7e-m/nofp\libg.a(libc_a-init.o)
 .debug_abbrev  0x000051a9      0x115 c:/progra~2/armgnu~1/1213fb~1.2mp/bin/../lib/gcc/arm-none-eabi/12.2.0/thumb/v7e-m/nofp\libg.a(libc_a-lock.o)
 .debug_abbrev  0x000052be      0x20c c:/progra~2/armgnu~1/1213fb~1.2mp/bin/../lib/gcc/arm-none-eabi/12.2.0/thumb/v7e-m/nofp\libg.a(libc_a-__call_atexit.o)
 .debug_abbrev  0x000054ca       0xc1 c:/progra~2/armgnu~1/1213fb~1.2mp/bin/../lib/gcc/arm-none-eabi/12.2.0/thumb/v7e-m/nofp\libg.a(libc_a-atexit.o)
 .debug_abbrev  0x0000558b      0x290 c:/progra~2/armgnu~1/1213fb~1.2mp/bin/../lib/gcc/arm-none-eabi/12.2.0/thumb/v7e-m/nofp\libg.a(libc_a-freer.o)
 .debug_abbrev  0x0000581b       0xcc c:/progra~2/armgnu~1/1213fb~1.2mp/bin/../lib/gcc/arm-none-eabi/12.2.0/thumb/v7e-m/nofp\libg.a(libc_a-fini.o)
 .debug_abbrev  0x000058e7      0x189 c:/progra~2/armgnu~1/1213fb~1.2mp/bin/../lib/gcc/arm-none-eabi/12.2.0/thumb/v7e-m/nofp\libg.a(libc_a-__atexit.o)

.debug_aranges  0x00000000     0x13e0
 .debug_aranges
                0x00000000       0x50 CMakeFiles/testCmake.elf.dir/Core/Src/main.c.obj
 .debug_aranges
                0x00000050       0x50 CMakeFiles/testCmake.elf.dir/Core/Src/stm32f4xx_hal_msp.c.obj
 .debug_aranges
                0x000000a0       0x68 CMakeFiles/testCmake.elf.dir/Core/Src/stm32f4xx_it.c.obj
 .debug_aranges
                0x00000108       0x20 CMakeFiles/testCmake.elf.dir/Core/Src/sysmem.c.obj
 .debug_aranges
                0x00000128       0x28 CMakeFiles/testCmake.elf.dir/Core/Src/system_stm32f4xx.c.obj
 .debug_aranges
                0x00000150       0x28 CMakeFiles/testCmake.elf.dir/Core/Startup/startup_stm32f407vgtx.s.obj
 .debug_aranges
                0x00000178       0xf0 CMakeFiles/testCmake.elf.dir/Drivers/STM32F4xx_HAL_Driver/Src/stm32f4xx_hal.c.obj
 .debug_aranges
                0x00000268       0xd8 CMakeFiles/testCmake.elf.dir/Drivers/STM32F4xx_HAL_Driver/Src/stm32f4xx_hal_cortex.c.obj
 .debug_aranges
                0x00000340       0x58 CMakeFiles/testCmake.elf.dir/Drivers/STM32F4xx_HAL_Driver/Src/stm32f4xx_hal_gpio.c.obj
 .debug_aranges
                0x00000398       0xf8 CMakeFiles/testCmake.elf.dir/Drivers/STM32F4xx_HAL_Driver/Src/stm32f4xx_hal_hcd.c.obj
 .debug_aranges
                0x00000490      0x2a0 CMakeFiles/testCmake.elf.dir/Drivers/STM32F4xx_HAL_Driver/Src/stm32f4xx_hal_i2c.c.obj
 .debug_aranges
                0x00000730      0x108 CMakeFiles/testCmake.elf.dir/Drivers/STM32F4xx_HAL_Driver/Src/stm32f4xx_hal_i2s.c.obj
 .debug_aranges
                0x00000838       0x88 CMakeFiles/testCmake.elf.dir/Drivers/STM32F4xx_HAL_Driver/Src/stm32f4xx_hal_i2s_ex.c.obj
 .debug_aranges
                0x000008c0       0x88 CMakeFiles/testCmake.elf.dir/Drivers/STM32F4xx_HAL_Driver/Src/stm32f4xx_hal_rcc.c.obj
 .debug_aranges
                0x00000948       0x48 CMakeFiles/testCmake.elf.dir/Drivers/STM32F4xx_HAL_Driver/Src/stm32f4xx_hal_rcc_ex.c.obj
 .debug_aranges
                0x00000990      0x1d0 CMakeFiles/testCmake.elf.dir/Drivers/STM32F4xx_HAL_Driver/Src/stm32f4xx_hal_spi.c.obj
 .debug_aranges
                0x00000b60      0x1a0 CMakeFiles/testCmake.elf.dir/Drivers/STM32F4xx_HAL_Driver/Src/stm32f4xx_ll_usb.c.obj
 .debug_aranges
                0x00000d00       0xa8 CMakeFiles/testCmake.elf.dir/Middlewares/ST/STM32_USB_Host_Library/Class/CDC/Src/usbh_cdc.c.obj
 .debug_aranges
                0x00000da8       0xc0 CMakeFiles/testCmake.elf.dir/Middlewares/ST/STM32_USB_Host_Library/Core/Src/usbh_core.c.obj
 .debug_aranges
                0x00000e68       0xa0 CMakeFiles/testCmake.elf.dir/Middlewares/ST/STM32_USB_Host_Library/Core/Src/usbh_ctlreq.c.obj
 .debug_aranges
                0x00000f08       0x60 CMakeFiles/testCmake.elf.dir/Middlewares/ST/STM32_USB_Host_Library/Core/Src/usbh_ioreq.c.obj
 .debug_aranges
                0x00000f68       0x40 CMakeFiles/testCmake.elf.dir/Middlewares/ST/STM32_USB_Host_Library/Core/Src/usbh_pipes.c.obj
 .debug_aranges
                0x00000fa8       0x30 CMakeFiles/testCmake.elf.dir/USB_HOST/App/usb_host.c.obj
 .debug_aranges
                0x00000fd8       0xd8 CMakeFiles/testCmake.elf.dir/USB_HOST/Target/usbh_conf.c.obj
 .debug_aranges
                0x000010b0       0x20 CMakeFiles/testCmake.elf.dir/USB_HOST/Target/usbh_platform.c.obj
 .debug_aranges
                0x000010d0       0x20 c:/progra~2/armgnu~1/1213fb~1.2mp/bin/../lib/gcc/arm-none-eabi/12.2.0/thumb/v7e-m/nofp\libgcc.a(_aeabi_uldivmod.o)
 .debug_aranges
                0x000010f0       0x20 c:/progra~2/armgnu~1/1213fb~1.2mp/bin/../lib/gcc/arm-none-eabi/12.2.0/thumb/v7e-m/nofp\libgcc.a(_udivmoddi4.o)
 .debug_aranges
                0x00001110       0x20 c:/progra~2/armgnu~1/1213fb~1.2mp/bin/../lib/gcc/arm-none-eabi/12.2.0/thumb/v7e-m/nofp\libgcc.a(_dvmd_tls.o)
 .debug_aranges
                0x00001130       0x28 c:/progra~2/armgnu~1/1213fb~1.2mp/bin/../lib/gcc/arm-none-eabi/12.2.0/thumb/v7e-m/nofp\libg.a(libc_a-malloc.o)
 .debug_aranges
                0x00001158       0x20 c:/progra~2/armgnu~1/1213fb~1.2mp/bin/../lib/gcc/arm-none-eabi/12.2.0/thumb/v7e-m/nofp\libg.a(libc_a-mallocr.o)
 .debug_aranges
                0x00001178       0x28 c:/progra~2/armgnu~1/1213fb~1.2mp/bin/../lib/gcc/arm-none-eabi/12.2.0/thumb/v7e-m/nofp\libg.a(libc_a-mlock.o)
 .debug_aranges
                0x000011a0       0x70 c:/progra~2/armgnu~1/1213fb~1.2mp/bin/../lib/gcc/arm-none-eabi/12.2.0/thumb/v7e-m/nofp\libg.a(libc_a-findfp.o)
 .debug_aranges
                0x00001210       0x20 c:/progra~2/armgnu~1/1213fb~1.2mp/bin/../lib/gcc/arm-none-eabi/12.2.0/thumb/v7e-m/nofp\libg.a(libc_a-memset.o)
 .debug_aranges
                0x00001230       0x20 c:/progra~2/armgnu~1/1213fb~1.2mp/bin/../lib/gcc/arm-none-eabi/12.2.0/thumb/v7e-m/nofp\libg.a(libc_a-reent.o)
 .debug_aranges
                0x00001250       0x18 c:/progra~2/armgnu~1/1213fb~1.2mp/bin/../lib/gcc/arm-none-eabi/12.2.0/thumb/v7e-m/nofp\libg.a(libc_a-impure.o)
 .debug_aranges
                0x00001268       0x20 c:/progra~2/armgnu~1/1213fb~1.2mp/bin/../lib/gcc/arm-none-eabi/12.2.0/thumb/v7e-m/nofp\libg.a(libc_a-sbrkr.o)
 .debug_aranges
                0x00001288       0x20 c:/progra~2/armgnu~1/1213fb~1.2mp/bin/../lib/gcc/arm-none-eabi/12.2.0/thumb/v7e-m/nofp\libg.a(libc_a-errno.o)
 .debug_aranges
                0x000012a8       0x20 c:/progra~2/armgnu~1/1213fb~1.2mp/bin/../lib/gcc/arm-none-eabi/12.2.0/thumb/v7e-m/nofp\libg.a(libc_a-init.o)
 .debug_aranges
                0x000012c8       0x68 c:/progra~2/armgnu~1/1213fb~1.2mp/bin/../lib/gcc/arm-none-eabi/12.2.0/thumb/v7e-m/nofp\libg.a(libc_a-lock.o)
 .debug_aranges
                0x00001330       0x28 c:/progra~2/armgnu~1/1213fb~1.2mp/bin/../lib/gcc/arm-none-eabi/12.2.0/thumb/v7e-m/nofp\libg.a(libc_a-__call_atexit.o)
 .debug_aranges
                0x00001358       0x20 c:/progra~2/armgnu~1/1213fb~1.2mp/bin/../lib/gcc/arm-none-eabi/12.2.0/thumb/v7e-m/nofp\libg.a(libc_a-atexit.o)
 .debug_aranges
                0x00001378       0x28 c:/progra~2/armgnu~1/1213fb~1.2mp/bin/../lib/gcc/arm-none-eabi/12.2.0/thumb/v7e-m/nofp\libg.a(libc_a-freer.o)
 .debug_aranges
                0x000013a0       0x20 c:/progra~2/armgnu~1/1213fb~1.2mp/bin/../lib/gcc/arm-none-eabi/12.2.0/thumb/v7e-m/nofp\libg.a(libc_a-fini.o)
 .debug_aranges
                0x000013c0       0x20 c:/progra~2/armgnu~1/1213fb~1.2mp/bin/../lib/gcc/arm-none-eabi/12.2.0/thumb/v7e-m/nofp\libg.a(libc_a-__atexit.o)

.debug_rnglists
                0x00000000     0x1037
 .debug_rnglists
                0x00000000       0x39 CMakeFiles/testCmake.elf.dir/Core/Src/main.c.obj
 .debug_rnglists
                0x00000039       0x38 CMakeFiles/testCmake.elf.dir/Core/Src/stm32f4xx_hal_msp.c.obj
 .debug_rnglists
                0x00000071       0x49 CMakeFiles/testCmake.elf.dir/Core/Src/stm32f4xx_it.c.obj
 .debug_rnglists
                0x000000ba       0x13 CMakeFiles/testCmake.elf.dir/Core/Src/sysmem.c.obj
 .debug_rnglists
                0x000000cd       0x1a CMakeFiles/testCmake.elf.dir/Core/Src/system_stm32f4xx.c.obj
 .debug_rnglists
                0x000000e7       0x19 CMakeFiles/testCmake.elf.dir/Core/Startup/startup_stm32f407vgtx.s.obj
 .debug_rnglists
                0x00000100       0xaf CMakeFiles/testCmake.elf.dir/Drivers/STM32F4xx_HAL_Driver/Src/stm32f4xx_hal.c.obj
 .debug_rnglists
                0x000001af       0x9d CMakeFiles/testCmake.elf.dir/Drivers/STM32F4xx_HAL_Driver/Src/stm32f4xx_hal_cortex.c.obj
 .debug_rnglists
                0x0000024c       0x3f CMakeFiles/testCmake.elf.dir/Drivers/STM32F4xx_HAL_Driver/Src/stm32f4xx_hal_gpio.c.obj
 .debug_rnglists
                0x0000028b       0xbd CMakeFiles/testCmake.elf.dir/Drivers/STM32F4xx_HAL_Driver/Src/stm32f4xx_hal_hcd.c.obj
 .debug_rnglists